Archive member included to satisfy reference by file (symbol)

/usr/lib/gcc/arm-none-eabi/13.1.0/../../../../arm-none-eabi/lib/thumb/v6-m/nofp/libc_nano.a(libc_a-atexit.o)
                              /usr/lib/gcc/arm-none-eabi/13.1.0/../../../../arm-none-eabi/lib/thumb/v6-m/nofp/crt0.o (atexit)
/usr/lib/gcc/arm-none-eabi/13.1.0/../../../../arm-none-eabi/lib/thumb/v6-m/nofp/libc_nano.a(libc_a-exit.o)
                              /usr/lib/gcc/arm-none-eabi/13.1.0/../../../../arm-none-eabi/lib/thumb/v6-m/nofp/crt0.o (exit)
/usr/lib/gcc/arm-none-eabi/13.1.0/../../../../arm-none-eabi/lib/thumb/v6-m/nofp/libc_nano.a(libc_a-findfp.o)
                              /usr/lib/gcc/arm-none-eabi/13.1.0/../../../../arm-none-eabi/lib/thumb/v6-m/nofp/libc_nano.a(libc_a-exit.o) (__stdio_exit_handler)
/usr/lib/gcc/arm-none-eabi/13.1.0/../../../../arm-none-eabi/lib/thumb/v6-m/nofp/libc_nano.a(libc_a-fwalk.o)
                              /usr/lib/gcc/arm-none-eabi/13.1.0/../../../../arm-none-eabi/lib/thumb/v6-m/nofp/libc_nano.a(libc_a-findfp.o) (_fwalk_sglue)
/usr/lib/gcc/arm-none-eabi/13.1.0/../../../../arm-none-eabi/lib/thumb/v6-m/nofp/libc_nano.a(libc_a-stdio.o)
                              /usr/lib/gcc/arm-none-eabi/13.1.0/../../../../arm-none-eabi/lib/thumb/v6-m/nofp/libc_nano.a(libc_a-findfp.o) (__sread)
/usr/lib/gcc/arm-none-eabi/13.1.0/../../../../arm-none-eabi/lib/thumb/v6-m/nofp/libc_nano.a(libc_a-memset.o)
                              /usr/lib/gcc/arm-none-eabi/13.1.0/../../../../arm-none-eabi/lib/thumb/v6-m/nofp/crt0.o (memset)
/usr/lib/gcc/arm-none-eabi/13.1.0/../../../../arm-none-eabi/lib/thumb/v6-m/nofp/libc_nano.a(libc_a-closer.o)
                              /usr/lib/gcc/arm-none-eabi/13.1.0/../../../../arm-none-eabi/lib/thumb/v6-m/nofp/libc_nano.a(libc_a-stdio.o) (_close_r)
/usr/lib/gcc/arm-none-eabi/13.1.0/../../../../arm-none-eabi/lib/thumb/v6-m/nofp/libc_nano.a(libc_a-reent.o)
                              /usr/lib/gcc/arm-none-eabi/13.1.0/../../../../arm-none-eabi/lib/thumb/v6-m/nofp/libc_nano.a(libc_a-closer.o) (errno)
/usr/lib/gcc/arm-none-eabi/13.1.0/../../../../arm-none-eabi/lib/thumb/v6-m/nofp/libc_nano.a(libc_a-impure.o)
                              /usr/lib/gcc/arm-none-eabi/13.1.0/../../../../arm-none-eabi/lib/thumb/v6-m/nofp/libc_nano.a(libc_a-reent.o) (_impure_ptr)
/usr/lib/gcc/arm-none-eabi/13.1.0/../../../../arm-none-eabi/lib/thumb/v6-m/nofp/libc_nano.a(libc_a-lseekr.o)
                              /usr/lib/gcc/arm-none-eabi/13.1.0/../../../../arm-none-eabi/lib/thumb/v6-m/nofp/libc_nano.a(libc_a-stdio.o) (_lseek_r)
/usr/lib/gcc/arm-none-eabi/13.1.0/../../../../arm-none-eabi/lib/thumb/v6-m/nofp/libc_nano.a(libc_a-readr.o)
                              /usr/lib/gcc/arm-none-eabi/13.1.0/../../../../arm-none-eabi/lib/thumb/v6-m/nofp/libc_nano.a(libc_a-stdio.o) (_read_r)
/usr/lib/gcc/arm-none-eabi/13.1.0/../../../../arm-none-eabi/lib/thumb/v6-m/nofp/libc_nano.a(libc_a-writer.o)
                              /usr/lib/gcc/arm-none-eabi/13.1.0/../../../../arm-none-eabi/lib/thumb/v6-m/nofp/libc_nano.a(libc_a-stdio.o) (_write_r)
/usr/lib/gcc/arm-none-eabi/13.1.0/../../../../arm-none-eabi/lib/thumb/v6-m/nofp/libc_nano.a(libc_a-init.o)
                              /usr/lib/gcc/arm-none-eabi/13.1.0/../../../../arm-none-eabi/lib/thumb/v6-m/nofp/crt0.o (__libc_init_array)
/usr/lib/gcc/arm-none-eabi/13.1.0/../../../../arm-none-eabi/lib/thumb/v6-m/nofp/libc_nano.a(libc_a-fini.o)
                              /usr/lib/gcc/arm-none-eabi/13.1.0/../../../../arm-none-eabi/lib/thumb/v6-m/nofp/crt0.o (__libc_fini_array)
/usr/lib/gcc/arm-none-eabi/13.1.0/../../../../arm-none-eabi/lib/thumb/v6-m/nofp/libc_nano.a(libc_a-lock.o)
                              /usr/lib/gcc/arm-none-eabi/13.1.0/../../../../arm-none-eabi/lib/thumb/v6-m/nofp/libc_nano.a(libc_a-findfp.o) (__retarget_lock_init_recursive)
/usr/lib/gcc/arm-none-eabi/13.1.0/../../../../arm-none-eabi/lib/thumb/v6-m/nofp/libc_nano.a(libc_a-strlen.o)
                              build/logger.o (strlen)
/usr/lib/gcc/arm-none-eabi/13.1.0/../../../../arm-none-eabi/lib/thumb/v6-m/nofp/libc_nano.a(libc_a-__atexit.o)
                              /usr/lib/gcc/arm-none-eabi/13.1.0/../../../../arm-none-eabi/lib/thumb/v6-m/nofp/libc_nano.a(libc_a-atexit.o) (__register_exitproc)
/usr/lib/gcc/arm-none-eabi/13.1.0/../../../../arm-none-eabi/lib/thumb/v6-m/nofp/libc_nano.a(libc_a-__call_atexit.o)
                              /usr/lib/gcc/arm-none-eabi/13.1.0/../../../../arm-none-eabi/lib/thumb/v6-m/nofp/libc_nano.a(libc_a-__atexit.o) (__call_exitprocs)
/usr/lib/gcc/arm-none-eabi/13.1.0/../../../../arm-none-eabi/lib/thumb/v6-m/nofp/libc_nano.a(libc_a-freer.o)
                              /usr/lib/gcc/arm-none-eabi/13.1.0/../../../../arm-none-eabi/lib/thumb/v6-m/nofp/libc_nano.a(libc_a-reent.o) (_free_r)
/usr/lib/gcc/arm-none-eabi/13.1.0/../../../../arm-none-eabi/lib/thumb/v6-m/nofp/libc_nano.a(libc_a-mallocr.o)
[...]
Memory Configuration

Name             Origin             Length             Attributes
RAM              0x20000000         0x00002000         xrw
FLASH            0x08000000         0x00008000         xr
*default*        0x00000000         0xffffffff

Linker script and memory map

LOAD /usr/lib/gcc/arm-none-eabi/13.1.0/thumb/v6-m/nofp/crti.o
LOAD /usr/lib/gcc/arm-none-eabi/13.1.0/thumb/v6-m/nofp/crtbegin.o
LOAD /usr/lib/gcc/arm-none-eabi/13.1.0/../../../../arm-none-eabi/lib/thumb/v6-m/nofp/crt0.o
LOAD build/gpio.o
LOAD build/adc.o
LOAD build/dma.o
LOAD build/i2c.o
LOAD build/spi.o
LOAD build/tim.o
LOAD build/usart.o
LOAD build/printf.o
LOAD build/stm32g0xx_hal_msp.o
LOAD build/stm32g0xx_hal_adc.o
LOAD build/stm32g0xx_hal_adc_ex.o
LOAD build/stm32g0xx_ll_adc.o
LOAD build/stm32g0xx_hal_rcc.o
LOAD build/stm32g0xx_hal_rcc_ex.o
LOAD build/stm32g0xx_ll_rcc.o
LOAD build/stm32g0xx_hal_flash.o
LOAD build/stm32g0xx_hal_flash_ex.o
LOAD build/stm32g0xx_hal_gpio.o
LOAD build/stm32g0xx_hal_dma.o
LOAD build/stm32g0xx_hal_dma_ex.o
LOAD build/stm32g0xx_ll_dma.o
LOAD build/stm32g0xx_hal_pwr.o
LOAD build/stm32g0xx_hal_pwr_ex.o
LOAD build/stm32g0xx_hal_cortex.o
LOAD build/stm32g0xx_hal.o
LOAD build/stm32g0xx_hal_exti.o
LOAD build/stm32g0xx_hal_i2c.o
LOAD build/stm32g0xx_hal_i2c_ex.o
LOAD build/stm32g0xx_hal_spi.o
LOAD build/stm32g0xx_hal_spi_ex.o
LOAD build/stm32g0xx_hal_tim.o
LOAD build/stm32g0xx_hal_tim_ex.o
LOAD build/stm32g0xx_hal_uart.o
LOAD build/stm32g0xx_hal_uart_ex.o
LOAD build/system_stm32g0xx.o
LOAD build/ad5272.o
LOAD build/beat.o
LOAD build/logger.o
LOAD build/main.o
LOAD build/stm32g0xx_it.o
LOAD build/screen.o
LOAD build/startup_stm32g030xx.o
LOAD /usr/lib/gcc/arm-none-eabi/13.1.0/../../../../arm-none-eabi/lib/thumb/v6-m/nofp/libc_nano.a
LOAD /usr/lib/gcc/arm-none-eabi/13.1.0/../../../../arm-none-eabi/lib/thumb/v6-m/nofp/libm.a
LOAD /usr/lib/gcc/arm-none-eabi/13.1.0/../../../../arm-none-eabi/lib/thumb/v6-m/nofp/libnosys.a
START GROUP
LOAD /usr/lib/gcc/arm-none-eabi/13.1.0/thumb/v6-m/nofp/libgcc.a
LOAD /usr/lib/gcc/arm-none-eabi/13.1.0/../../../../arm-none-eabi/lib/thumb/v6-m/nofp/libc_nano.a
END GROUP
START GROUP
LOAD /usr/lib/gcc/arm-none-eabi/13.1.0/thumb/v6-m/nofp/libgcc.a
LOAD /usr/lib/gcc/arm-none-eabi/13.1.0/../../../../arm-none-eabi/lib/thumb/v6-m/nofp/libc_nano.a
LOAD /usr/lib/gcc/arm-none-eabi/13.1.0/../../../../arm-none-eabi/lib/thumb/v6-m/nofp/libnosys.a
END GROUP
START GROUP
LOAD /usr/lib/gcc/arm-none-eabi/13.1.0/thumb/v6-m/nofp/libgcc.a
LOAD /usr/lib/gcc/arm-none-eabi/13.1.0/../../../../arm-none-eabi/lib/thumb/v6-m/nofp/libc_nano.a
LOAD /usr/lib/gcc/arm-none-eabi/13.1.0/../../../../arm-none-eabi/lib/thumb/v6-m/nofp/libnosys.a
END GROUP
LOAD /usr/lib/gcc/arm-none-eabi/13.1.0/thumb/v6-m/nofp/crtend.o
LOAD /usr/lib/gcc/arm-none-eabi/13.1.0/thumb/v6-m/nofp/crtn.o
                0x20002000                        _estack = (ORIGIN (RAM) + LENGTH (RAM))
                0x00000200                        _Min_Heap_Size = 0x200
                0x00000400                        _Min_Stack_Size = 0x400

.isr_vector     0x08000000       0xb8
                0x08000000                        . = ALIGN (0x4)
 *(.isr_vector)
 .isr_vector    0x08000000       0xb8 build/startup_stm32g030xx.o
                0x08000000                g_pfnVectors
                0x080000b8                        . = ALIGN (0x4)

.text           0x080000b8     0x3e2c
                0x080000b8                        . = ALIGN (0x4)
 *(.text)
 .text          0x080000b8        0xe /usr/lib/gcc/arm-none-eabi/13.1.0/../../../../arm-none-eabi/lib/thumb/v6-m/nofp/libc_nano.a(libc_a-strlen.o)
                0x080000b8                strlen
 *fill*         0x080000c6        0x2 
 .text          0x080000c8       0x14 /usr/lib/gcc/arm-none-eabi/13.1.0/thumb/v6-m/nofp/libgcc.a(_thumb1_case_uqi.o)
                0x080000c8                __gnu_thumb1_case_uqi
 .text          0x080000dc       0x8c /usr/lib/gcc/arm-none-eabi/13.1.0/thumb/v6-m/nofp/libgcc.a(_udivsi3.o)
                0x080000dc                __udivsi3
                0x080000dc                __aeabi_uidiv
                0x08000154                __aeabi_uidivmod
 .text          0x08000168       0xa8 /usr/lib/gcc/arm-none-eabi/13.1.0/thumb/v6-m/nofp/libgcc.a(_divsi3.o)
                0x08000168                __aeabi_idiv
                0x08000168                __divsi3
                0x080001fc                __aeabi_idivmod
 .text          0x08000210        0x4 /usr/lib/gcc/arm-none-eabi/13.1.0/thumb/v6-m/nofp/libgcc.a(_dvmd_tls.o)
                0x08000210                __aeabi_ldiv0
                0x08000210                __aeabi_idiv0
 .text          0x08000214      0x144 /usr/lib/gcc/arm-none-eabi/13.1.0/thumb/v6-m/nofp/libgcc.a(libunwind.o)
                0x08000214                __restore_core_regs
                0x08000214                restore_core_regs
                0x08000240                __gnu_Unwind_Restore_VFP
                0x08000244                __gnu_Unwind_Save_VFP
                0x08000248                __gnu_Unwind_Restore_VFP_D
                0x0800024c                __gnu_Unwind_Save_VFP_D
                0x08000250                __gnu_Unwind_Restore_VFP_D_16_to_31
                0x08000254                __gnu_Unwind_Save_VFP_D_16_to_31
                0x08000258                __gnu_Unwind_Restore_WMMXD
                0x0800025c                __gnu_Unwind_Save_WMMXD
                0x08000260                __gnu_Unwind_Restore_WMMXC
                0x08000264                __gnu_Unwind_Save_WMMXC
                0x08000268                ___Unwind_RaiseException
                0x08000268                _Unwind_RaiseException
                0x08000298                ___Unwind_Resume
                0x08000298                _Unwind_Resume
                0x080002c8                _Unwind_Resume_or_Rethrow
                0x080002c8                ___Unwind_Resume_or_Rethrow
                0x080002f8                ___Unwind_ForcedUnwind
                0x080002f8                _Unwind_ForcedUnwind
                0x08000328                _Unwind_Backtrace
                0x08000328                ___Unwind_Backtrace
 *(.text*)
 .text.__do_global_dtors_aux
                0x08000358       0x28 /usr/lib/gcc/arm-none-eabi/13.1.0/thumb/v6-m/nofp/crtbegin.o
 .text.frame_dummy
                0x08000380       0x20 /usr/lib/gcc/arm-none-eabi/13.1.0/thumb/v6-m/nofp/crtbegin.o
 .text.MX_GPIO_Init
                0x080003a0       0xd0 build/gpio.o
                0x080003a0                MX_GPIO_Init
 .text.MX_I2C2_Init
                0x08000470       0x5c build/i2c.o
                0x08000470                MX_I2C2_Init
 .text.HAL_I2C_MspInit
                0x080004cc       0x60 build/i2c.o
                0x080004cc                HAL_I2C_MspInit
 .text.MX_SPI1_Init
                0x0800052c       0x50 build/spi.o
                0x0800052c                MX_SPI1_Init
 .text.HAL_SPI_MspInit
                0x0800057c       0x5c build/spi.o
                0x0800057c                HAL_SPI_MspInit
 .text.MX_TIM3_Init
                0x080005d8       0x78 build/tim.o
                0x080005d8                MX_TIM3_Init
 .text.HAL_TIM_Base_MspInit
                0x08000650       0x28 build/tim.o
                0x08000650                HAL_TIM_Base_MspInit
 .text.MX_USART1_UART_Init
                0x08000678       0x6c build/usart.o
                0x08000678                MX_USART1_UART_Init
 .text.HAL_UART_MspInit
                0x080006e4       0x80 build/usart.o
                0x080006e4                HAL_UART_MspInit
 .text._out_buffer
                0x08000764        0x8 build/printf.o
 .text._out_null
                0x0800076c        0x2 build/printf.o
 .text._ntoa_long.constprop.0
                0x0800076e      0x15e build/printf.o
 .text._vsnprintf
                0x080008cc      0x220 build/printf.o
 .text.sprintf_
                0x08000aec       0x28 build/printf.o
                0x08000aec                sprintf_
 .text.HAL_MspInit
                0x08000b14       0x30 build/stm32g0xx_hal_msp.o
                0x08000b14                HAL_MspInit
 .text.LL_ADC_REG_IsConversionOngoing
                0x08000b44        0x8 build/stm32g0xx_hal_adc.o
 .text.HAL_ADC_ConvCpltCallback
                0x08000b4c        0x2 build/stm32g0xx_hal_adc.o
                0x08000b4c                HAL_ADC_ConvCpltCallback
 .text.HAL_ADC_ConvHalfCpltCallback
                0x08000b4e        0x2 build/stm32g0xx_hal_adc.o
                0x08000b4e                HAL_ADC_ConvHalfCpltCallback
 .text.ADC_DMAHalfConvCplt
                0x08000b50        0xa build/stm32g0xx_hal_adc.o
 .text.HAL_ADC_ErrorCallback
                0x08000b5a        0x2 build/stm32g0xx_hal_adc.o
                0x08000b5a                HAL_ADC_ErrorCallback
 .text.ADC_DMAError
                0x08000b5c       0x1a build/stm32g0xx_hal_adc.o
 *fill*         0x08000b76        0x2 
 .text.ADC_DMAConvCplt
                0x08000b78       0x84 build/stm32g0xx_hal_adc.o
 .text.ADC_ConversionStop
                0x08000bfc       0x60 build/stm32g0xx_hal_adc.o
                0x08000bfc                ADC_ConversionStop
 .text.ADC_Enable
                0x08000c5c       0xb8 build/stm32g0xx_hal_adc.o
                0x08000c5c                ADC_Enable
 .text.HAL_ADC_Start_DMA
                0x08000d14       0xb0 build/stm32g0xx_hal_adc.o
                0x08000d14                HAL_ADC_Start_DMA
 .text.ADC_Disable
                0x08000dc4       0x78 build/stm32g0xx_hal_adc.o
                0x08000dc4                ADC_Disable
 .text.HAL_ADC_Stop_DMA
                0x08000e3c       0x7c build/stm32g0xx_hal_adc.o
                0x08000e3c                HAL_ADC_Stop_DMA
 .text.HAL_RCC_OscConfig
                0x08000eb8      0x438 build/stm32g0xx_hal_rcc.o
                0x08000eb8                HAL_RCC_OscConfig
 .text.HAL_RCC_GetSysClockFreq
                0x080012f0       0x88 build/stm32g0xx_hal_rcc.o
                0x080012f0                HAL_RCC_GetSysClockFreq
 .text.HAL_RCC_ClockConfig
                0x08001378      0x154 build/stm32g0xx_hal_rcc.o
                0x08001378                HAL_RCC_ClockConfig
 .text.HAL_RCC_GetPCLK1Freq
                0x080014cc       0x28 build/stm32g0xx_hal_rcc.o
                0x080014cc                HAL_RCC_GetPCLK1Freq
 .text.HAL_RCCEx_PeriphCLKConfig
                0x080014f4      0x154 build/stm32g0xx_hal_rcc_ex.o
                0x080014f4                HAL_RCCEx_PeriphCLKConfig
 .text.HAL_GPIO_Init
                0x08001648      0x164 build/stm32g0xx_hal_gpio.o
                0x08001648                HAL_GPIO_Init
 .text.HAL_GPIO_WritePin
                0x080017ac        0xc build/stm32g0xx_hal_gpio.o
                0x080017ac                HAL_GPIO_WritePin
 .text.DMA_SetConfig
                0x080017b8       0x40 build/stm32g0xx_hal_dma.o
 .text.HAL_DMA_Start_IT
                0x080017f8       0x90 build/stm32g0xx_hal_dma.o
                0x080017f8                HAL_DMA_Start_IT
 .text.HAL_DMA_Abort
                0x08001888       0x74 build/stm32g0xx_hal_dma.o
                0x08001888                HAL_DMA_Abort
 .text.HAL_DMA_IRQHandler
                0x080018fc       0xa8 build/stm32g0xx_hal_dma.o
                0x080018fc                HAL_DMA_IRQHandler
 .text.HAL_PWREx_ControlVoltageScaling
                0x080019a4       0x58 build/stm32g0xx_hal_pwr_ex.o
                0x080019a4                HAL_PWREx_ControlVoltageScaling
 .text.HAL_NVIC_SetPriority
                0x080019fc       0x54 build/stm32g0xx_hal_cortex.o
                0x080019fc                HAL_NVIC_SetPriority
 .text.HAL_SYSTICK_Config
                0x08001a50       0x34 build/stm32g0xx_hal_cortex.o
                0x08001a50                HAL_SYSTICK_Config
 .text.HAL_InitTick
                0x08001a84       0x50 build/stm32g0xx_hal.o
                0x08001a84                HAL_InitTick
 .text.HAL_Init
                0x08001ad4       0x28 build/stm32g0xx_hal.o
                0x08001ad4                HAL_Init
 .text.HAL_IncTick
                0x08001afc       0x18 build/stm32g0xx_hal.o
                0x08001afc                HAL_IncTick
 .text.HAL_GetTick
                0x08001b14        0xc build/stm32g0xx_hal.o
                0x08001b14                HAL_GetTick
 .text.HAL_Delay
                0x08001b20       0x24 build/stm32g0xx_hal.o
                0x08001b20                HAL_Delay
 .text.HAL_I2C_Init
                0x08001b44       0xac build/stm32g0xx_hal_i2c.o
                0x08001b44                HAL_I2C_Init
 .text.HAL_I2CEx_ConfigAnalogFilter
                0x08001bf0       0x4c build/stm32g0xx_hal_i2c_ex.o
                0x08001bf0                HAL_I2CEx_ConfigAnalogFilter
 .text.HAL_I2CEx_ConfigDigitalFilter
                0x08001c3c       0x48 build/stm32g0xx_hal_i2c_ex.o
                0x08001c3c                HAL_I2CEx_ConfigDigitalFilter
 .text.SPI_WaitFlagStateUntilTimeout.constprop.0
                0x08001c84       0xb8 build/stm32g0xx_hal_spi.o
 .text.SPI_WaitFifoStateUntilTimeout.constprop.0
                0x08001d3c       0xd8 build/stm32g0xx_hal_spi.o
 .text.SPI_EndRxTxTransaction
                0x08001e14       0x46 build/stm32g0xx_hal_spi.o
 *fill*         0x08001e5a        0x2 
 .text.HAL_SPI_Init
                0x08001e5c       0xf0 build/stm32g0xx_hal_spi.o
                0x08001e5c                HAL_SPI_Init
 .text.HAL_SPI_Transmit
                0x08001f4c      0x17a build/stm32g0xx_hal_spi.o
                0x08001f4c                HAL_SPI_Transmit
 *fill*         0x080020c6        0x2 
 .text.HAL_TIM_Base_Start
                0x080020c8       0x50 build/stm32g0xx_hal_tim.o
                0x080020c8                HAL_TIM_Base_Start
 .text.HAL_TIM_Base_Stop
                0x08002118       0x2c build/stm32g0xx_hal_tim.o
                0x08002118                HAL_TIM_Base_Stop
 .text.TIM_Base_SetConfig
                0x08002144       0x7c build/stm32g0xx_hal_tim.o
                0x08002144                TIM_Base_SetConfig
 .text.HAL_TIM_Base_Init
                0x080021c0       0x54 build/stm32g0xx_hal_tim.o
                0x080021c0                HAL_TIM_Base_Init
 .text.TIM_ETR_SetConfig
                0x08002214       0x18 build/stm32g0xx_hal_tim.o
                0x08002214                TIM_ETR_SetConfig
 .text.HAL_TIM_ConfigClockSource
                0x0800222c      0x130 build/stm32g0xx_hal_tim.o
                0x0800222c                HAL_TIM_ConfigClockSource
 .text.HAL_TIMEx_MasterConfigSynchronization
                0x0800235c       0x60 build/stm32g0xx_hal_tim_ex.o
                0x0800235c                HAL_TIMEx_MasterConfigSynchronization
 .text.UART_SetConfig
                0x080023bc      0x168 build/stm32g0xx_hal_uart.o
                0x080023bc                UART_SetConfig
 .text.UART_AdvFeatureConfig
                0x08002524       0xd0 build/stm32g0xx_hal_uart.o
                0x08002524                UART_AdvFeatureConfig
 .text.UART_WaitOnFlagUntilTimeout
                0x080025f4       0xc8 build/stm32g0xx_hal_uart.o
                0x080025f4                UART_WaitOnFlagUntilTimeout
 .text.HAL_UART_Transmit
                0x080026bc       0xce build/stm32g0xx_hal_uart.o
                0x080026bc                HAL_UART_Transmit
 *fill*         0x0800278a        0x2 
 .text.UART_CheckIdleState
                0x0800278c       0x6c build/stm32g0xx_hal_uart.o
                0x0800278c                UART_CheckIdleState
 .text.HAL_UART_Init
                0x080027f8       0x68 build/stm32g0xx_hal_uart.o
                0x080027f8                HAL_UART_Init
 .text.UARTEx_SetNbDataToProcess
                0x08002860       0x50 build/stm32g0xx_hal_uart_ex.o
 .text.HAL_UARTEx_DisableFifoMode
                0x080028b0       0x3c build/stm32g0xx_hal_uart_ex.o
                0x080028b0                HAL_UARTEx_DisableFifoMode
 .text.HAL_UARTEx_SetTxFifoThreshold
                0x080028ec       0x40 build/stm32g0xx_hal_uart_ex.o
                0x080028ec                HAL_UARTEx_SetTxFifoThreshold
 .text.HAL_UARTEx_SetRxFifoThreshold
                0x0800292c       0x44 build/stm32g0xx_hal_uart_ex.o
                0x0800292c                HAL_UARTEx_SetRxFifoThreshold
 .text.SystemInit
                0x08002970        0x2 build/system_stm32g0xx.o
                0x08002970                SystemInit
 *fill*         0x08002972        0x2 
 .text._ZN4Beat6updateEt
                0x08002974       0x68 build/beat.o
                0x08002974                Beat::update(unsigned short)
 .text._ZN4Beat7getRateEv
                0x080029dc       0x24 build/beat.o
                0x080029dc                Beat::getRate()
 .text._ZNK4Beat7isValidEv
                0x08002a00        0x4 build/beat.o
                0x08002a00                Beat::isValid() const
 .text._ZN6LoggerC2EP20__UART_HandleTypeDef
                0x08002a04       0x1c build/logger.o
                0x08002a04                Logger::Logger(__UART_HandleTypeDef*)
                0x08002a04                Logger::Logger(__UART_HandleTypeDef*)
 .text._ZN6Logger3logENS_8LogLevelEPKc
                0x08002a20       0x8c build/logger.o
                0x08002a20                Logger::log(Logger::LogLevel, char const*)
 .text._Z18SystemClock_Configv
                0x08002aac       0x74 build/main.o
                0x08002aac                SystemClock_Config()
 .text.startup.main
                0x08002b20      0x110 build/main.o
                0x08002b20                main
 .text.Error_Handler
                0x08002c30        0x4 build/main.o
                0x08002c30                Error_Handler
 .text.NMI_Handler
                0x08002c34        0x2 build/stm32g0xx_it.o
                0x08002c34                NMI_Handler
 .text.HardFault_Handler
                0x08002c36        0x2 build/stm32g0xx_it.o
                0x08002c36                HardFault_Handler
 .text.SVC_Handler
                0x08002c38        0x2 build/stm32g0xx_it.o
                0x08002c38                SVC_Handler
 .text.PendSV_Handler
                0x08002c3a        0x2 build/stm32g0xx_it.o
                0x08002c3a                PendSV_Handler
 .text.SysTick_Handler
                0x08002c3c        0x8 build/stm32g0xx_it.o
                0x08002c3c                SysTick_Handler
 .text.DMA1_Channel1_IRQHandler
                0x08002c44       0x6c build/stm32g0xx_it.o
                0x08002c44                DMA1_Channel1_IRQHandler
 .text._ZNK6IO_Pin3setEv
                0x08002cb0        0xe build/screen.o
                0x08002cb0                IO_Pin::set() const
 .text._ZNK6IO_Pin5resetEv
                0x08002cbe        0xe build/screen.o
                0x08002cbe                IO_Pin::reset() const
 .text._ZN6Screen5resetEv
                0x08002ccc       0x1e build/screen.o
                0x08002ccc                Screen::reset()
 .text._ZN6Screen11sendCommandEh
                0x08002cea       0x30 build/screen.o
                0x08002cea                Screen::sendCommand(unsigned char)
 .text._ZN6Screen8sendDataEh
                0x08002d1a       0x30 build/screen.o
                0x08002d1a                Screen::sendData(unsigned char)
 .text._ZN6ScreenC2EP19__SPI_HandleTypeDef6IO_PinS2_S2_S2_
                0x08002d4a      0x2f4 build/screen.o
                0x08002d4a                Screen::Screen(__SPI_HandleTypeDef*, IO_Pin, IO_Pin, IO_Pin, IO_Pin)
                0x08002d4a                Screen::Screen(__SPI_HandleTypeDef*, IO_Pin, IO_Pin, IO_Pin, IO_Pin)
 .text._ZN6Screen9sendWdataEt
                0x0800303e       0x30 build/screen.o
                0x0800303e                Screen::sendWdata(unsigned short)
 .text._ZN6Screen8fillAreaEttttt
                0x0800306e       0xac build/screen.o
                0x0800306e                Screen::fillArea(unsigned short, unsigned short, unsigned short, unsigned short, unsigned short)
 .text._ZN13ScreenFactory3spiEP19__SPI_HandleTypeDef
                0x0800311a       0x14 build/screen.o
                0x0800311a                ScreenFactory::spi(__SPI_HandleTypeDef*)
 .text._ZN13ScreenFactory2csEP12GPIO_TypeDeft
                0x0800312e       0x16 build/screen.o
                0x0800312e                ScreenFactory::cs(GPIO_TypeDef*, unsigned short)
 .text._ZN13ScreenFactory2dcEP12GPIO_TypeDeft
                0x08003144       0x16 build/screen.o
                0x08003144                ScreenFactory::dc(GPIO_TypeDef*, unsigned short)
 .text._ZN13ScreenFactory3resEP12GPIO_TypeDeft
                0x0800315a       0x16 build/screen.o
                0x0800315a                ScreenFactory::res(GPIO_TypeDef*, unsigned short)
 .text._ZN13ScreenFactory4bkltEP12GPIO_TypeDeft
                0x08003170       0x16 build/screen.o
                0x08003170                ScreenFactory::bklt(GPIO_TypeDef*, unsigned short)
 .text._ZN13ScreenFactory5buildEv
                0x08003186       0x56 build/screen.o
                0x08003186                ScreenFactory::build()
 .text.Reset_Handler
                0x080031dc       0x50 build/startup_stm32g030xx.o
                0x080031dc                Reset_Handler
 .text.Default_Handler
                0x0800322c        0x2 build/startup_stm32g030xx.o
                0x0800322c                TIM1_CC_IRQHandler
                0x0800322c                I2C1_IRQHandler
                0x0800322c                RTC_TAMP_IRQHandler
                0x0800322c                SPI1_IRQHandler
                0x0800322c                DMA1_Ch4_5_DMAMUX1_OVR_IRQHandler
                0x0800322c                EXTI2_3_IRQHandler
                0x0800322c                ADC1_IRQHandler
                0x0800322c                I2C2_IRQHandler
                0x0800322c                TIM17_IRQHandler
                0x0800322c                TIM16_IRQHandler
                0x0800322c                TIM3_IRQHandler
                0x0800322c                EXTI4_15_IRQHandler
                0x0800322c                RCC_IRQHandler
                0x0800322c                Default_Handler
                0x0800322c                TIM14_IRQHandler
                0x0800322c                EXTI0_1_IRQHandler
                0x0800322c                SPI2_IRQHandler
                0x0800322c                WWDG_IRQHandler
                0x0800322c                DMA1_Channel2_3_IRQHandler
                0x0800322c                USART2_IRQHandler
                0x0800322c                FLASH_IRQHandler
                0x0800322c                USART1_IRQHandler
                0x0800322c                TIM1_BRK_UP_TRG_COM_IRQHandler
 .text.memset   0x0800322e       0x10 /usr/lib/gcc/arm-none-eabi/13.1.0/../../../../arm-none-eabi/lib/thumb/v6-m/nofp/libc_nano.a(libc_a-memset.o)
                0x0800322e                memset
 *fill*         0x0800323e        0x2 
 .text.__libc_init_array
                0x08003240       0x48 /usr/lib/gcc/arm-none-eabi/13.1.0/../../../../arm-none-eabi/lib/thumb/v6-m/nofp/libc_nano.a(libc_a-init.o)
                0x08003240                __libc_init_array
 .text._exit    0x08003288        0x4 /usr/lib/gcc/arm-none-eabi/13.1.0/../../../../arm-none-eabi/lib/thumb/v6-m/nofp/libnosys.a(_exit.o)
                0x08003288                _exit
 .text.selfrel_offset31
                0x0800328c       0x16 /usr/lib/gcc/arm-none-eabi/13.1.0/thumb/v6-m/nofp/libgcc.a(unwind-arm.o)
 .text.search_EIT_table
                0x080032a2       0x66 /usr/lib/gcc/arm-none-eabi/13.1.0/thumb/v6-m/nofp/libgcc.a(unwind-arm.o)
 .text.__gnu_unwind_get_pr_addr
                0x08003308       0x24 /usr/lib/gcc/arm-none-eabi/13.1.0/thumb/v6-m/nofp/libgcc.a(unwind-arm.o)
 .text.get_eit_entry
                0x0800332c       0x90 /usr/lib/gcc/arm-none-eabi/13.1.0/thumb/v6-m/nofp/libgcc.a(unwind-arm.o)
 .text.restore_non_core_regs
                0x080033bc       0x4a /usr/lib/gcc/arm-none-eabi/13.1.0/thumb/v6-m/nofp/libgcc.a(unwind-arm.o)
 .text._Unwind_decode_typeinfo_ptr.constprop.0
                0x08003406        0xc /usr/lib/gcc/arm-none-eabi/13.1.0/thumb/v6-m/nofp/libgcc.a(unwind-arm.o)
 .text._Unwind_DebugHook
                0x08003412        0x2 /usr/lib/gcc/arm-none-eabi/13.1.0/thumb/v6-m/nofp/libgcc.a(unwind-arm.o)
 .text.unwind_phase2
                0x08003414       0x3a /usr/lib/gcc/arm-none-eabi/13.1.0/thumb/v6-m/nofp/libgcc.a(unwind-arm.o)
 *fill*         0x0800344e        0x2 
 .text.unwind_phase2_forced
                0x08003450       0xb4 /usr/lib/gcc/arm-none-eabi/13.1.0/thumb/v6-m/nofp/libgcc.a(unwind-arm.o)
 .text.__gnu_Unwind_RaiseException
                0x08003504       0x4e /usr/lib/gcc/arm-none-eabi/13.1.0/thumb/v6-m/nofp/libgcc.a(unwind-arm.o)
                0x08003504                __gnu_Unwind_RaiseException
 .text.__gnu_Unwind_ForcedUnwind
                0x08003552       0x14 /usr/lib/gcc/arm-none-eabi/13.1.0/thumb/v6-m/nofp/libgcc.a(unwind-arm.o)
                0x08003552                __gnu_Unwind_ForcedUnwind
 .text.__gnu_Unwind_Resume
                0x08003566       0x42 /usr/lib/gcc/arm-none-eabi/13.1.0/thumb/v6-m/nofp/libgcc.a(unwind-arm.o)
                0x08003566                __gnu_Unwind_Resume
 .text.__gnu_Unwind_Resume_or_Rethrow
                0x080035a8       0x1a /usr/lib/gcc/arm-none-eabi/13.1.0/thumb/v6-m/nofp/libgcc.a(unwind-arm.o)
                0x080035a8                __gnu_Unwind_Resume_or_Rethrow
 .text._Unwind_VRS_Get
                0x080035c2       0x38 /usr/lib/gcc/arm-none-eabi/13.1.0/thumb/v6-m/nofp/libgcc.a(unwind-arm.o)
                0x080035c2                _Unwind_VRS_Get
 .text._Unwind_GetGR
                0x080035fa       0x16 /usr/lib/gcc/arm-none-eabi/13.1.0/thumb/v6-m/nofp/libgcc.a(unwind-arm.o)
 .text._Unwind_VRS_Set
                0x08003610       0x3a /usr/lib/gcc/arm-none-eabi/13.1.0/thumb/v6-m/nofp/libgcc.a(unwind-arm.o)
                0x08003610                _Unwind_VRS_Set
 .text._Unwind_SetGR
                0x0800364a       0x16 /usr/lib/gcc/arm-none-eabi/13.1.0/thumb/v6-m/nofp/libgcc.a(unwind-arm.o)
 .text.__gnu_Unwind_Backtrace
                0x08003660       0x68 /usr/lib/gcc/arm-none-eabi/13.1.0/thumb/v6-m/nofp/libgcc.a(unwind-arm.o)
                0x08003660                __gnu_Unwind_Backtrace
 .text.__gnu_unwind_pr_common
                0x080036c8      0x23c /usr/lib/gcc/arm-none-eabi/13.1.0/thumb/v6-m/nofp/libgcc.a(unwind-arm.o)
 .text.__aeabi_unwind_cpp_pr0
                0x08003904        0xa /usr/lib/gcc/arm-none-eabi/13.1.0/thumb/v6-m/nofp/libgcc.a(unwind-arm.o)
                0x08003904                __aeabi_unwind_cpp_pr0
 .text.__aeabi_unwind_cpp_pr1
                0x0800390e        0xa /usr/lib/gcc/arm-none-eabi/13.1.0/thumb/v6-m/nofp/libgcc.a(unwind-arm.o)
                0x0800390e                __aeabi_unwind_cpp_pr1
 .text.__aeabi_unwind_cpp_pr2
                0x08003918        0xa /usr/lib/gcc/arm-none-eabi/13.1.0/thumb/v6-m/nofp/libgcc.a(unwind-arm.o)
                0x08003918                __aeabi_unwind_cpp_pr2
 .text._Unwind_VRS_Pop
                0x08003922      0x230 /usr/lib/gcc/arm-none-eabi/13.1.0/thumb/v6-m/nofp/libgcc.a(unwind-arm.o)
                0x08003922                _Unwind_VRS_Pop
 .text.next_unwind_byte
                0x08003b52       0x32 /usr/lib/gcc/arm-none-eabi/13.1.0/thumb/v6-m/nofp/libgcc.a(pr-support.o)
 .text.__gnu_unwind_execute
                0x08003b84      0x274 /usr/lib/gcc/arm-none-eabi/13.1.0/thumb/v6-m/nofp/libgcc.a(pr-support.o)
                0x08003b84                __gnu_unwind_execute
 .text.abort    0x08003df8        0xe /usr/lib/gcc/arm-none-eabi/13.1.0/../../../../arm-none-eabi/lib/thumb/v6-m/nofp/libc_nano.a(libc_a-abort.o)
                0x08003df8                abort
 .text._raise_r
                0x08003e06       0x52 /usr/lib/gcc/arm-none-eabi/13.1.0/../../../../arm-none-eabi/lib/thumb/v6-m/nofp/libc_nano.a(libc_a-signal.o)
                0x08003e06                _raise_r
 .text.raise    0x08003e58       0x14 /usr/lib/gcc/arm-none-eabi/13.1.0/../../../../arm-none-eabi/lib/thumb/v6-m/nofp/libc_nano.a(libc_a-signal.o)
                0x08003e58                raise
 .text._kill_r  0x08003e6c       0x24 /usr/lib/gcc/arm-none-eabi/13.1.0/../../../../arm-none-eabi/lib/thumb/v6-m/nofp/libc_nano.a(libc_a-signalr.o)
                0x08003e6c                _kill_r
 .text._getpid_r
                0x08003e90        0x8 /usr/lib/gcc/arm-none-eabi/13.1.0/../../../../arm-none-eabi/lib/thumb/v6-m/nofp/libc_nano.a(libc_a-signalr.o)
                0x08003e90                _getpid_r
 .text.memcpy   0x08003e98       0x12 /usr/lib/gcc/arm-none-eabi/13.1.0/../../../../arm-none-eabi/lib/thumb/v6-m/nofp/libc_nano.a(libc_a-memcpy-stub.o)
                0x08003e98                memcpy
 *fill*         0x08003eaa        0x2 
 .text._getpid  0x08003eac       0x10 /usr/lib/gcc/arm-none-eabi/13.1.0/../../../../arm-none-eabi/lib/thumb/v6-m/nofp/libnosys.a(getpid.o)
                0x08003eac                _getpid
 .text._kill    0x08003ebc       0x10 /usr/lib/gcc/arm-none-eabi/13.1.0/../../../../arm-none-eabi/lib/thumb/v6-m/nofp/libnosys.a(kill.o)
                0x08003ebc                _kill
 *(.glue_7)
 .glue_7        0x08003ecc        0x0 linker stubs
 *(.glue_7t)
 .glue_7t       0x08003ecc        0x0 linker stubs
 *(.eh_frame)
 .eh_frame      0x08003ecc        0x0 /usr/lib/gcc/arm-none-eabi/13.1.0/thumb/v6-m/nofp/crtbegin.o
 *(.init)
 .init          0x08003ecc        0x4 /usr/lib/gcc/arm-none-eabi/13.1.0/thumb/v6-m/nofp/crti.o
                0x08003ecc                _init
 .init          0x08003ed0        0x8 /usr/lib/gcc/arm-none-eabi/13.1.0/thumb/v6-m/nofp/crtn.o
 *(.fini)
 .fini          0x08003ed8        0x4 /usr/lib/gcc/arm-none-eabi/13.1.0/thumb/v6-m/nofp/crti.o
                0x08003ed8                _fini
 .fini          0x08003edc        0x8 /usr/lib/gcc/arm-none-eabi/13.1.0/thumb/v6-m/nofp/crtn.o
                0x08003ee4                        . = ALIGN (0x4)
                0x08003ee4                        _etext = .

.vfp11_veneer   0x08003ee4        0x0
 .vfp11_veneer  0x08003ee4        0x0 linker stubs

.v4_bx          0x08003ee4        0x0
 .v4_bx         0x08003ee4        0x0 linker stubs

.iplt           0x08003ee4        0x0
 .iplt          0x08003ee4        0x0 /usr/lib/gcc/arm-none-eabi/13.1.0/thumb/v6-m/nofp/crtbegin.o

.rodata         0x08003ee4       0xf0
                0x08003ee4                        . = ALIGN (0x4)
 *(.rodata)
 *(.rodata*)
 .rodata.CSWTCH.66
                0x08003ee4        0x3 build/stm32g0xx_hal_uart.o
 *fill*         0x08003ee7        0x1 
 .rodata.UARTPrescTable
                0x08003ee8       0x18 build/stm32g0xx_hal_uart.o
                0x08003ee8                UARTPrescTable
 .rodata.denominator.0
                0x08003f00        0x8 build/stm32g0xx_hal_uart_ex.o
 .rodata.numerator.1
                0x08003f08        0x8 build/stm32g0xx_hal_uart_ex.o
 .rodata.APBPrescTable
                0x08003f10       0x20 build/system_stm32g0xx.o
                0x08003f10                APBPrescTable
 .rodata.AHBPrescTable
                0x08003f30       0x40 build/system_stm32g0xx.o
                0x08003f30                AHBPrescTable
 .rodata._ZN6LoggerC2EP20__UART_HandleTypeDef.str1.1
                0x08003f70       0x1f build/logger.o
 .rodata._ZN6Logger3logENS_8LogLevelEPKc.str1.1
                0x08003f8f       0x2f build/logger.o
                                 0x33 (size before relaxing)
 .rodata.main.str1.1
                0x08003fbe       0x13 build/main.o
                0x08003fd4                        . = ALIGN (0x4)
 *fill*         0x08003fd1        0x3 

.ARM.extab
 *(.ARM.extab* .gnu.linkonce.armextab.*)

.ARM            0x08003fd4      0x108
                0x08003fd4                        __exidx_start = .
 *(.ARM.exidx*)
 .ARM.exidx.text._ZN4Beat6updateEt
                0x08003fd4        0x8 build/beat.o
 .ARM.exidx.text._ZN4Beat7getRateEv
                0x08003fdc        0x0 build/beat.o
                                  0x8 (size before relaxing)
 .ARM.exidx.text._ZNK4Beat7isValidEv
                0x08003fdc        0x0 build/beat.o
                                  0x8 (size before relaxing)
 .ARM.exidx.text._ZN6LoggerC2EP20__UART_HandleTypeDef
                0x08003fdc        0x8 build/logger.o
 .ARM.exidx.text._ZN6Logger3logENS_8LogLevelEPKc
                0x08003fe4        0x8 build/logger.o
 .ARM.exidx.text._Z18SystemClock_Configv
                0x08003fec        0x8 build/main.o
 .ARM.exidx.text.startup.main
                0x08003ff4        0x8 build/main.o
 .ARM.exidx.text.Error_Handler
                0x08003ffc        0x8 build/main.o
 .ARM.exidx.text.NMI_Handler
                0x08004004        0x0 build/stm32g0xx_it.o
                                  0x8 (size before relaxing)
 .ARM.exidx.text.HardFault_Handler
                0x08004004        0x0 build/stm32g0xx_it.o
                                  0x8 (size before relaxing)
 .ARM.exidx.text.SVC_Handler
                0x08004004        0x0 build/stm32g0xx_it.o
                                  0x8 (size before relaxing)
 .ARM.exidx.text.PendSV_Handler
                0x08004004        0x0 build/stm32g0xx_it.o
                                  0x8 (size before relaxing)
 .ARM.exidx.text.SysTick_Handler
                0x08004004        0x8 build/stm32g0xx_it.o
 .ARM.exidx.text.DMA1_Channel1_IRQHandler
                0x0800400c        0x8 build/stm32g0xx_it.o
 .ARM.exidx.text._ZNK6IO_Pin3setEv
                0x08004014        0x8 build/screen.o
 .ARM.exidx.text._ZNK6IO_Pin5resetEv
                0x0800401c        0x0 build/screen.o
                                  0x8 (size before relaxing)
 .ARM.exidx.text._ZN6Screen5resetEv
                0x0800401c        0x0 build/screen.o
                                  0x8 (size before relaxing)
 .ARM.exidx.text._ZN6Screen11sendCommandEh
                0x0800401c        0x8 build/screen.o
 .ARM.exidx.text._ZN6Screen8sendDataEh
                0x08004024        0x0 build/screen.o
                                  0x8 (size before relaxing)
 .ARM.exidx.text._ZN6ScreenC2EP19__SPI_HandleTypeDef6IO_PinS2_S2_S2_
                0x08004024        0x8 build/screen.o
 .ARM.exidx.text._ZN6Screen9sendWdataEt
                0x0800402c        0x8 build/screen.o
 .ARM.exidx.text._ZN6Screen8fillAreaEttttt
                0x08004034        0x8 build/screen.o
 .ARM.exidx.text._ZN13ScreenFactory3spiEP19__SPI_HandleTypeDef
                0x0800403c        0x8 build/screen.o
 .ARM.exidx.text._ZN13ScreenFactory2csEP12GPIO_TypeDeft
                0x08004044        0x0 build/screen.o
                                  0x8 (size before relaxing)
 .ARM.exidx.text._ZN13ScreenFactory2dcEP12GPIO_TypeDeft
                0x08004044        0x0 build/screen.o
                                  0x8 (size before relaxing)
 .ARM.exidx.text._ZN13ScreenFactory3resEP12GPIO_TypeDeft
                0x08004044        0x0 build/screen.o
                                  0x8 (size before relaxing)
 .ARM.exidx.text._ZN13ScreenFactory4bkltEP12GPIO_TypeDeft
                0x08004044        0x0 build/screen.o
                                  0x8 (size before relaxing)
 .ARM.exidx.text._ZN13ScreenFactory5buildEv
                0x08004044       0x10 build/screen.o
                                  0x8 (size before relaxing)
 .ARM.exidx.text.selfrel_offset31
                0x08004054        0x0 /usr/lib/gcc/arm-none-eabi/13.1.0/thumb/v6-m/nofp/libgcc.a(unwind-arm.o)
                                  0x8 (size before relaxing)
 .ARM.exidx.text.search_EIT_table
                0x08004054        0x0 /usr/lib/gcc/arm-none-eabi/13.1.0/thumb/v6-m/nofp/libgcc.a(unwind-arm.o)
                                  0x8 (size before relaxing)
 .ARM.exidx.text.__gnu_unwind_get_pr_addr
                0x08004054        0x0 /usr/lib/gcc/arm-none-eabi/13.1.0/thumb/v6-m/nofp/libgcc.a(unwind-arm.o)
                                  0x8 (size before relaxing)
 .ARM.exidx.text.get_eit_entry
                0x08004054        0x8 /usr/lib/gcc/arm-none-eabi/13.1.0/thumb/v6-m/nofp/libgcc.a(unwind-arm.o)
 .ARM.exidx.text.restore_non_core_regs
                0x0800405c        0x8 /usr/lib/gcc/arm-none-eabi/13.1.0/thumb/v6-m/nofp/libgcc.a(unwind-arm.o)
 .ARM.exidx.text._Unwind_decode_typeinfo_ptr.constprop.0
                0x08004064        0x8 /usr/lib/gcc/arm-none-eabi/13.1.0/thumb/v6-m/nofp/libgcc.a(unwind-arm.o)
 .ARM.exidx.text._Unwind_DebugHook
                0x0800406c        0x0 /usr/lib/gcc/arm-none-eabi/13.1.0/thumb/v6-m/nofp/libgcc.a(unwind-arm.o)
                                  0x8 (size before relaxing)
 .ARM.exidx.text.unwind_phase2
                0x0800406c        0x8 /usr/lib/gcc/arm-none-eabi/13.1.0/thumb/v6-m/nofp/libgcc.a(unwind-arm.o)
 .ARM.exidx.text.unwind_phase2_forced
                0x08004074        0x8 /usr/lib/gcc/arm-none-eabi/13.1.0/thumb/v6-m/nofp/libgcc.a(unwind-arm.o)
 .ARM.exidx.text.__gnu_Unwind_RaiseException
                0x0800407c        0x8 /usr/lib/gcc/arm-none-eabi/13.1.0/thumb/v6-m/nofp/libgcc.a(unwind-arm.o)
 .ARM.exidx.text.__gnu_Unwind_ForcedUnwind
                0x08004084        0x8 /usr/lib/gcc/arm-none-eabi/13.1.0/thumb/v6-m/nofp/libgcc.a(unwind-arm.o)
 .ARM.exidx.text.__gnu_Unwind_Resume
                0x0800408c        0x8 /usr/lib/gcc/arm-none-eabi/13.1.0/thumb/v6-m/nofp/libgcc.a(unwind-arm.o)
 .ARM.exidx.text.__gnu_Unwind_Resume_or_Rethrow
                0x08004094        0x8 /usr/lib/gcc/arm-none-eabi/13.1.0/thumb/v6-m/nofp/libgcc.a(unwind-arm.o)
 .ARM.exidx.text._Unwind_VRS_Get
                0x0800409c        0x8 /usr/lib/gcc/arm-none-eabi/13.1.0/thumb/v6-m/nofp/libgcc.a(unwind-arm.o)
 .ARM.exidx.text._Unwind_GetGR
                0x080040a4        0x0 /usr/lib/gcc/arm-none-eabi/13.1.0/thumb/v6-m/nofp/libgcc.a(unwind-arm.o)
                                  0x8 (size before relaxing)
 .ARM.exidx.text._Unwind_VRS_Set
                0x080040a4        0x0 /usr/lib/gcc/arm-none-eabi/13.1.0/thumb/v6-m/nofp/libgcc.a(unwind-arm.o)
                                  0x8 (size before relaxing)
 .ARM.exidx.text._Unwind_SetGR
                0x080040a4        0x0 /usr/lib/gcc/arm-none-eabi/13.1.0/thumb/v6-m/nofp/libgcc.a(unwind-arm.o)
                                  0x8 (size before relaxing)
 .ARM.exidx.text.__gnu_Unwind_Backtrace
                0x080040a4        0x8 /usr/lib/gcc/arm-none-eabi/13.1.0/thumb/v6-m/nofp/libgcc.a(unwind-arm.o)
 .ARM.exidx.text.__gnu_unwind_pr_common
                0x080040ac        0x8 /usr/lib/gcc/arm-none-eabi/13.1.0/thumb/v6-m/nofp/libgcc.a(unwind-arm.o)
 .ARM.exidx.text.__aeabi_unwind_cpp_pr0
                0x080040b4        0x8 /usr/lib/gcc/arm-none-eabi/13.1.0/thumb/v6-m/nofp/libgcc.a(unwind-arm.o)
 .ARM.exidx.text.__aeabi_unwind_cpp_pr1
                0x080040bc        0x0 /usr/lib/gcc/arm-none-eabi/13.1.0/thumb/v6-m/nofp/libgcc.a(unwind-arm.o)
                                  0x8 (size before relaxing)
 .ARM.exidx.text.__aeabi_unwind_cpp_pr2
                0x080040bc        0x0 /usr/lib/gcc/arm-none-eabi/13.1.0/thumb/v6-m/nofp/libgcc.a(unwind-arm.o)
                                  0x8 (size before relaxing)
 .ARM.exidx.text._Unwind_VRS_Pop
                0x080040bc        0x8 /usr/lib/gcc/arm-none-eabi/13.1.0/thumb/v6-m/nofp/libgcc.a(unwind-arm.o)
 .ARM.exidx.text.next_unwind_byte
                0x080040c4        0x8 /usr/lib/gcc/arm-none-eabi/13.1.0/thumb/v6-m/nofp/libgcc.a(pr-support.o)
 .ARM.exidx.text.__gnu_unwind_execute
                0x080040cc       0x10 /usr/lib/gcc/arm-none-eabi/13.1.0/thumb/v6-m/nofp/libgcc.a(pr-support.o)
                                  0x8 (size before relaxing)
                0x080040dc                        __exidx_end = .

.rel.dyn        0x080040dc        0x0
 .rel.iplt      0x080040dc        0x0 /usr/lib/gcc/arm-none-eabi/13.1.0/thumb/v6-m/nofp/crtbegin.o

.preinit_array  0x080040dc        0x0
                0x080040dc                        PROVIDE (__preinit_array_start = .)
 *(.preinit_array*)
                0x080040dc                        PROVIDE (__preinit_array_end = .)

.init_array     0x080040dc        0x4
                0x080040dc                        PROVIDE (__init_array_start = .)
 *(SORT_BY_NAME(.init_array.*))
 *(.init_array*)
 .init_array    0x080040dc        0x4 /usr/lib/gcc/arm-none-eabi/13.1.0/thumb/v6-m/nofp/crtbegin.o
                0x080040e0                        PROVIDE (__init_array_end = .)

.fini_array     0x080040e0        0x4
                0x080040e0                        PROVIDE (__fini_array_start = .)
 *(SORT_BY_NAME(.fini_array.*))
 *(.fini_array*)
 .fini_array    0x080040e0        0x4 /usr/lib/gcc/arm-none-eabi/13.1.0/thumb/v6-m/nofp/crtbegin.o
                0x080040e4                        PROVIDE (__fini_array_end = .)
                0x080040e4                        _sidata = LOADADDR (.data)

.data           0x20000000       0x6c load address 0x080040e4
                0x20000000                        . = ALIGN (0x4)
                0x20000000                        _sdata = .
 *(.data)
 *(.data*)
 .data.uwTickFreq
                0x20000000        0x1 build/stm32g0xx_hal.o
                0x20000000                uwTickFreq
 *fill*         0x20000001        0x3 
 .data.uwTickPrio
                0x20000004        0x4 build/stm32g0xx_hal.o
                0x20000004                uwTickPrio
 .data.SystemCoreClock
                0x20000008        0x4 build/system_stm32g0xx.o
                0x20000008                SystemCoreClock
 .data.beat     0x2000000c        0xe build/main.o
                0x2000000c                beat
 *fill*         0x2000001a        0x2 
 .data._impure_ptr
                0x2000001c        0x4 /usr/lib/gcc/arm-none-eabi/13.1.0/../../../../arm-none-eabi/lib/thumb/v6-m/nofp/libc_nano.a(libc_a-impure.o)
                0x2000001c                _impure_ptr
 .data._impure_data
                0x20000020       0x4c /usr/lib/gcc/arm-none-eabi/13.1.0/../../../../arm-none-eabi/lib/thumb/v6-m/nofp/libc_nano.a(libc_a-impure.o)
                0x20000020                _impure_data
                0x2000006c                        . = ALIGN (0x4)
                0x2000006c                        _edata = .

.igot.plt       0x2000006c        0x0 load address 0x08004150
 .igot.plt      0x2000006c        0x0 /usr/lib/gcc/arm-none-eabi/13.1.0/thumb/v6-m/nofp/crtbegin.o
                0x2000006c                        . = ALIGN (0x4)

.bss            0x2000006c      0x5b4 load address 0x08004150
                0x2000006c                        _sbss = .
                0x2000006c                        __bss_start__ = _sbss
 *(.bss)
 *(.bss*)
 .bss.completed.1
                0x2000006c        0x1 /usr/lib/gcc/arm-none-eabi/13.1.0/thumb/v6-m/nofp/crtbegin.o
 *fill*         0x2000006d        0x3 
 .bss.object.0  0x20000070       0x18 /usr/lib/gcc/arm-none-eabi/13.1.0/thumb/v6-m/nofp/crtbegin.o
 .bss.hdma_adc1
                0x20000088       0x5c build/adc.o
                0x20000088                hdma_adc1
 .bss.hadc1     0x200000e4       0x64 build/adc.o
                0x200000e4                hadc1
 .bss.hi2c2     0x20000148       0x54 build/i2c.o
                0x20000148                hi2c2
 .bss.hspi1     0x2000019c       0x64 build/spi.o
                0x2000019c                hspi1
 .bss.htim3     0x20000200       0x4c build/tim.o
                0x20000200                htim3
 .bss.huart1    0x2000024c       0x94 build/usart.o
                0x2000024c                huart1
 .bss.uwTick    0x200002e0        0x4 build/stm32g0xx_hal.o
                0x200002e0                uwTick
 .bss.dmabuf    0x200002e4      0x200 build/main.o
                0x200002e4                dmabuf
 .bss.__sf      0x200004e4      0x138 /usr/lib/gcc/arm-none-eabi/13.1.0/../../../../arm-none-eabi/lib/thumb/v6-m/nofp/libc_nano.a(libc_a-findfp.o)
                0x200004e4                __sf
 .bss.errno     0x2000061c        0x4 /usr/lib/gcc/arm-none-eabi/13.1.0/../../../../arm-none-eabi/lib/thumb/v6-m/nofp/libc_nano.a(libc_a-reent.o)
                0x2000061c                errno
 *(COMMON)
                0x20000620                        . = ALIGN (0x4)
                0x20000620                        _ebss = .
                0x20000620                        __bss_end__ = _ebss

._user_heap_stack
                0x20000620      0x600 load address 0x08004150
                0x20000620                        . = ALIGN (0x8)
                0x20000620                        PROVIDE (end = .)
                [!provide]                        PROVIDE (_end = .)
                0x20000820                        . = (. + _Min_Heap_Size)
 *fill*         0x20000620      0x200 
                0x20000c20                        . = (. + _Min_Stack_Size)
 *fill*         0x20000820      0x400 
                0x20000c20                        . = ALIGN (0x8)

/DISCARD/
 libc.a(*)
 libm.a(*)
 libgcc.a(*)

.ARM.attributes
                0x00000000       0x28
 *(.ARM.attributes)
 .ARM.attributes
                0x00000000       0x1e /usr/lib/gcc/arm-none-eabi/13.1.0/thumb/v6-m/nofp/crti.o
 .ARM.attributes
                0x0000001e       0x2c /usr/lib/gcc/arm-none-eabi/13.1.0/thumb/v6-m/nofp/crtbegin.o
 .ARM.attributes
                0x0000004a       0x2c build/gpio.o
 .ARM.attributes
                0x00000076       0x2c build/adc.o
 .ARM.attributes
                0x000000a2       0x2c build/i2c.o
 .ARM.attributes
                0x000000ce       0x2c build/spi.o
 .ARM.attributes
                0x000000fa       0x2c build/tim.o
 .ARM.attributes
                0x00000126       0x2c build/usart.o
 .ARM.attributes
                0x00000152       0x2c build/printf.o
 .ARM.attributes
                0x0000017e       0x2c build/stm32g0xx_hal_msp.o
 .ARM.attributes
                0x000001aa       0x2c build/stm32g0xx_hal_adc.o
 .ARM.attributes
                0x000001d6       0x2c build/stm32g0xx_hal_rcc.o
 .ARM.attributes
                0x00000202       0x2c build/stm32g0xx_hal_rcc_ex.o
 .ARM.attributes
                0x0000022e       0x2c build/stm32g0xx_hal_gpio.o
 .ARM.attributes
                0x0000025a       0x2c build/stm32g0xx_hal_dma.o
 .ARM.attributes
                0x00000286       0x2c build/stm32g0xx_hal_pwr_ex.o
 .ARM.attributes
                0x000002b2       0x2c build/stm32g0xx_hal_cortex.o
 .ARM.attributes
                0x000002de       0x2c build/stm32g0xx_hal.o
 .ARM.attributes
                0x0000030a       0x2c build/stm32g0xx_hal_i2c.o
 .ARM.attributes
                0x00000336       0x2c build/stm32g0xx_hal_i2c_ex.o
 .ARM.attributes
                0x00000362       0x2c build/stm32g0xx_hal_spi.o
 .ARM.attributes
                0x0000038e       0x2c build/stm32g0xx_hal_tim.o
 .ARM.attributes
                0x000003ba       0x2c build/stm32g0xx_hal_tim_ex.o
 .ARM.attributes
                0x000003e6       0x2c build/stm32g0xx_hal_uart.o
 .ARM.attributes
                0x00000412       0x2c build/stm32g0xx_hal_uart_ex.o
 .ARM.attributes
                0x0000043e       0x2c build/system_stm32g0xx.o
 .ARM.attributes
                0x0000046a       0x2c build/beat.o
 .ARM.attributes
                0x00000496       0x2c build/logger.o
 .ARM.attributes
                0x000004c2       0x2c build/main.o
 .ARM.attributes
                0x000004ee       0x2c build/stm32g0xx_it.o
 .ARM.attributes
                0x0000051a       0x2c build/screen.o
 .ARM.attributes
                0x00000546       0x22 build/startup_stm32g030xx.o
 .ARM.attributes
                0x00000568       0x2c /usr/lib/gcc/arm-none-eabi/13.1.0/../../../../arm-none-eabi/lib/thumb/v6-m/nofp/libc_nano.a(libc_a-findfp.o)
 .ARM.attributes
                0x00000594       0x2c /usr/lib/gcc/arm-none-eabi/13.1.0/../../../../arm-none-eabi/lib/thumb/v6-m/nofp/libc_nano.a(libc_a-memset.o)
 .ARM.attributes
                0x000005c0       0x2c /usr/lib/gcc/arm-none-eabi/13.1.0/../../../../arm-none-eabi/lib/thumb/v6-m/nofp/libc_nano.a(libc_a-reent.o)
 .ARM.attributes
                0x000005ec       0x2c /usr/lib/gcc/arm-none-eabi/13.1.0/../../../../arm-none-eabi/lib/thumb/v6-m/nofp/libc_nano.a(libc_a-impure.o)
 .ARM.attributes
                0x00000618       0x2c /usr/lib/gcc/arm-none-eabi/13.1.0/../../../../arm-none-eabi/lib/thumb/v6-m/nofp/libc_nano.a(libc_a-init.o)
 .ARM.attributes
                0x00000644       0x1c /usr/lib/gcc/arm-none-eabi/13.1.0/../../../../arm-none-eabi/lib/thumb/v6-m/nofp/libc_nano.a(libc_a-strlen.o)
 .ARM.attributes
                0x00000660       0x2c /usr/lib/gcc/arm-none-eabi/13.1.0/../../../../arm-none-eabi/lib/thumb/v6-m/nofp/libnosys.a(_exit.o)
 .ARM.attributes
                0x0000068c       0x1e /usr/lib/gcc/arm-none-eabi/13.1.0/thumb/v6-m/nofp/libgcc.a(_thumb1_case_uqi.o)
 .ARM.attributes
                0x000006aa       0x1e /usr/lib/gcc/arm-none-eabi/13.1.0/thumb/v6-m/nofp/libgcc.a(_udivsi3.o)
 .ARM.attributes
                0x000006c8       0x1e /usr/lib/gcc/arm-none-eabi/13.1.0/thumb/v6-m/nofp/libgcc.a(_divsi3.o)
 .ARM.attributes
                0x000006e6       0x1e /usr/lib/gcc/arm-none-eabi/13.1.0/thumb/v6-m/nofp/libgcc.a(_dvmd_tls.o)
 .ARM.attributes
                0x00000704       0x2c /usr/lib/gcc/arm-none-eabi/13.1.0/thumb/v6-m/nofp/libgcc.a(unwind-arm.o)
 .ARM.attributes
                0x00000730       0x1e /usr/lib/gcc/arm-none-eabi/13.1.0/thumb/v6-m/nofp/libgcc.a(libunwind.o)
 .ARM.attributes
                0x0000074e       0x2c /usr/lib/gcc/arm-none-eabi/13.1.0/thumb/v6-m/nofp/libgcc.a(pr-support.o)
 .ARM.attributes
                0x0000077a       0x2c /usr/lib/gcc/arm-none-eabi/13.1.0/../../../../arm-none-eabi/lib/thumb/v6-m/nofp/libc_nano.a(libc_a-abort.o)
 .ARM.attributes
                0x000007a6       0x2c /usr/lib/gcc/arm-none-eabi/13.1.0/../../../../arm-none-eabi/lib/thumb/v6-m/nofp/libc_nano.a(libc_a-signal.o)
 .ARM.attributes
                0x000007d2       0x2c /usr/lib/gcc/arm-none-eabi/13.1.0/../../../../arm-none-eabi/lib/thumb/v6-m/nofp/libc_nano.a(libc_a-signalr.o)
 .ARM.attributes
                0x000007fe       0x2c /usr/lib/gcc/arm-none-eabi/13.1.0/../../../../arm-none-eabi/lib/thumb/v6-m/nofp/libc_nano.a(libc_a-memcpy-stub.o)
 .ARM.attributes
                0x0000082a       0x2c /usr/lib/gcc/arm-none-eabi/13.1.0/../../../../arm-none-eabi/lib/thumb/v6-m/nofp/libnosys.a(getpid.o)
 .ARM.attributes
                0x00000856       0x2c /usr/lib/gcc/arm-none-eabi/13.1.0/../../../../arm-none-eabi/lib/thumb/v6-m/nofp/libnosys.a(kill.o)
 .ARM.attributes
                0x00000882       0x1e /usr/lib/gcc/arm-none-eabi/13.1.0/thumb/v6-m/nofp/crtn.o
OUTPUT(build/HeartRateMonitor.elf elf32-littlearm)
LOAD linker stubs
LOAD /usr/lib/gcc/arm-none-eabi/13.1.0/../../../../arm-none-eabi/lib/thumb/v6-m/nofp/libc.a
LOAD /usr/lib/gcc/arm-none-eabi/13.1.0/../../../../arm-none-eabi/lib/thumb/v6-m/nofp/libm.a
LOAD /usr/lib/gcc/arm-none-eabi/13.1.0/thumb/v6-m/nofp/libgcc.a

.debug_info     0x00000000    0x2d79b
 .debug_info    0x00000000      0x59c build/gpio.o
 .debug_info    0x0000059c      0xde4 build/adc.o
 .debug_info    0x00001380      0xcdd build/i2c.o
 .debug_info    0x0000205d      0xc01 build/spi.o
 .debug_info    0x00002c5e      0xc8a build/tim.o
 .debug_info    0x000038e8      0xe91 build/usart.o
 .debug_info    0x00004779      0xd1c build/printf.o
 .debug_info    0x00005495      0x2c5 build/stm32g0xx_hal_msp.o
 .debug_info    0x0000575a     0x2374 build/stm32g0xx_hal_adc.o
 .debug_info    0x00007ace      0xec2 build/stm32g0xx_hal_rcc.o
 .debug_info    0x00008990      0x95f build/stm32g0xx_hal_rcc_ex.o
 .debug_info    0x000092ef      0x68f build/stm32g0xx_hal_gpio.o
 .debug_info    0x0000997e      0xb27 build/stm32g0xx_hal_dma.o
 .debug_info    0x0000a4a5      0x5ba build/stm32g0xx_hal_pwr_ex.o
 .debug_info    0x0000aa5f      0xb33 build/stm32g0xx_hal_cortex.o
 .debug_info    0x0000b592      0xb33 build/stm32g0xx_hal.o
 .debug_info    0x0000c0c5     0x4232 build/stm32g0xx_hal_i2c.o
 .debug_info    0x000102f7      0xb83 build/stm32g0xx_hal_i2c_ex.o
 .debug_info    0x00010e7a     0x251f build/stm32g0xx_hal_spi.o
 .debug_info    0x00013399     0x48d7 build/stm32g0xx_hal_tim.o
 .debug_info    0x00017c70     0x208c build/stm32g0xx_hal_tim_ex.o
 .debug_info    0x00019cfc     0x6411 build/stm32g0xx_hal_uart.o
 .debug_info    0x0002010d     0x143b build/stm32g0xx_hal_uart_ex.o
 .debug_info    0x00021548      0x3c9 build/system_stm32g0xx.o
 .debug_info    0x00021911      0x2a0 build/beat.o
 .debug_info    0x00021bb1      0xcd0 build/logger.o
 .debug_info    0x00022881     0x1aaa build/main.o
 .debug_info    0x0002432b      0xfaf build/stm32g0xx_it.o
 .debug_info    0x000252da     0x2565 build/screen.o
 .debug_info    0x0002783f       0x30 build/startup_stm32g030xx.o
 .debug_info    0x0002786f      0xfb0 /usr/lib/gcc/arm-none-eabi/13.1.0/../../../../arm-none-eabi/lib/thumb/v6-m/nofp/libc_nano.a(libc_a-findfp.o)
 .debug_info    0x0002881f       0xe0 /usr/lib/gcc/arm-none-eabi/13.1.0/../../../../arm-none-eabi/lib/thumb/v6-m/nofp/libc_nano.a(libc_a-memset.o)
 .debug_info    0x000288ff      0x854 /usr/lib/gcc/arm-none-eabi/13.1.0/../../../../arm-none-eabi/lib/thumb/v6-m/nofp/libc_nano.a(libc_a-reent.o)
 .debug_info    0x00029153      0x715 /usr/lib/gcc/arm-none-eabi/13.1.0/../../../../arm-none-eabi/lib/thumb/v6-m/nofp/libc_nano.a(libc_a-impure.o)
 .debug_info    0x00029868      0x10b /usr/lib/gcc/arm-none-eabi/13.1.0/../../../../arm-none-eabi/lib/thumb/v6-m/nofp/libc_nano.a(libc_a-init.o)
 .debug_info    0x00029973       0x2f /usr/lib/gcc/arm-none-eabi/13.1.0/../../../../arm-none-eabi/lib/thumb/v6-m/nofp/libc_nano.a(libc_a-strlen.o)
 .debug_info    0x000299a2       0x31 /usr/lib/gcc/arm-none-eabi/13.1.0/thumb/v6-m/nofp/libgcc.a(_thumb1_case_uqi.o)
 .debug_info    0x000299d3       0x3d /usr/lib/gcc/arm-none-eabi/13.1.0/thumb/v6-m/nofp/libgcc.a(_udivsi3.o)
 .debug_info    0x00029a10       0x3e /usr/lib/gcc/arm-none-eabi/13.1.0/thumb/v6-m/nofp/libgcc.a(_divsi3.o)
 .debug_info    0x00029a4e       0x3c /usr/lib/gcc/arm-none-eabi/13.1.0/thumb/v6-m/nofp/libgcc.a(_dvmd_tls.o)
 .debug_info    0x00029a8a     0x1f32 /usr/lib/gcc/arm-none-eabi/13.1.0/thumb/v6-m/nofp/libgcc.a(unwind-arm.o)
 .debug_info    0x0002b9bc       0xb7 /usr/lib/gcc/arm-none-eabi/13.1.0/thumb/v6-m/nofp/libgcc.a(libunwind.o)
 .debug_info    0x0002ba73      0x963 /usr/lib/gcc/arm-none-eabi/13.1.0/thumb/v6-m/nofp/libgcc.a(pr-support.o)
 .debug_info    0x0002c3d6       0xd8 /usr/lib/gcc/arm-none-eabi/13.1.0/../../../../arm-none-eabi/lib/thumb/v6-m/nofp/libc_nano.a(libc_a-abort.o)
 .debug_info    0x0002c4ae      0x9f1 /usr/lib/gcc/arm-none-eabi/13.1.0/../../../../arm-none-eabi/lib/thumb/v6-m/nofp/libc_nano.a(libc_a-signal.o)
 .debug_info    0x0002ce9f      0x7e1 /usr/lib/gcc/arm-none-eabi/13.1.0/../../../../arm-none-eabi/lib/thumb/v6-m/nofp/libc_nano.a(libc_a-signalr.o)
 .debug_info    0x0002d680      0x11b /usr/lib/gcc/arm-none-eabi/13.1.0/../../../../arm-none-eabi/lib/thumb/v6-m/nofp/libc_nano.a(libc_a-memcpy-stub.o)

.debug_abbrev   0x00000000     0x6869
 .debug_abbrev  0x00000000      0x18a build/gpio.o
 .debug_abbrev  0x0000018a      0x21e build/adc.o
 .debug_abbrev  0x000003a8      0x243 build/i2c.o
 .debug_abbrev  0x000005eb      0x216 build/spi.o
 .debug_abbrev  0x00000801      0x222 build/tim.o
 .debug_abbrev  0x00000a23      0x22d build/usart.o
 .debug_abbrev  0x00000c50      0x39a build/printf.o
 .debug_abbrev  0x00000fea       0xe7 build/stm32g0xx_hal_msp.o
 .debug_abbrev  0x000010d1      0x373 build/stm32g0xx_hal_adc.o
 .debug_abbrev  0x00001444      0x381 build/stm32g0xx_hal_rcc.o
 .debug_abbrev  0x000017c5      0x2a7 build/stm32g0xx_hal_rcc_ex.o
 .debug_abbrev  0x00001a6c      0x289 build/stm32g0xx_hal_gpio.o
 .debug_abbrev  0x00001cf5      0x293 build/stm32g0xx_hal_dma.o
 .debug_abbrev  0x00001f88      0x1f8 build/stm32g0xx_hal_pwr_ex.o
 .debug_abbrev  0x00002180      0x2c7 build/stm32g0xx_hal_cortex.o
 .debug_abbrev  0x00002447      0x358 build/stm32g0xx_hal.o
 .debug_abbrev  0x0000279f      0x41b build/stm32g0xx_hal_i2c.o
 .debug_abbrev  0x00002bba      0x1eb build/stm32g0xx_hal_i2c_ex.o
 .debug_abbrev  0x00002da5      0x362 build/stm32g0xx_hal_spi.o
 .debug_abbrev  0x00003107      0x3db build/stm32g0xx_hal_tim.o
 .debug_abbrev  0x000034e2      0x33d build/stm32g0xx_hal_tim_ex.o
 .debug_abbrev  0x0000381f      0x481 build/stm32g0xx_hal_uart.o
 .debug_abbrev  0x00003ca0      0x381 build/stm32g0xx_hal_uart_ex.o
 .debug_abbrev  0x00004021      0x145 build/system_stm32g0xx.o
 .debug_abbrev  0x00004166      0x193 build/beat.o
 .debug_abbrev  0x000042f9      0x385 build/logger.o
 .debug_abbrev  0x0000467e      0x440 build/main.o
 .debug_abbrev  0x00004abe      0x2d9 build/stm32g0xx_it.o
 .debug_abbrev  0x00004d97      0x458 build/screen.o
 .debug_abbrev  0x000051ef       0x1d build/startup_stm32g030xx.o
 .debug_abbrev  0x0000520c      0x405 /usr/lib/gcc/arm-none-eabi/13.1.0/../../../../arm-none-eabi/lib/thumb/v6-m/nofp/libc_nano.a(libc_a-findfp.o)
 .debug_abbrev  0x00005611       0x9e /usr/lib/gcc/arm-none-eabi/13.1.0/../../../../arm-none-eabi/lib/thumb/v6-m/nofp/libc_nano.a(libc_a-memset.o)
 .debug_abbrev  0x000056af      0x1ea /usr/lib/gcc/arm-none-eabi/13.1.0/../../../../arm-none-eabi/lib/thumb/v6-m/nofp/libc_nano.a(libc_a-reent.o)
 .debug_abbrev  0x00005899      0x149 /usr/lib/gcc/arm-none-eabi/13.1.0/../../../../arm-none-eabi/lib/thumb/v6-m/nofp/libc_nano.a(libc_a-impure.o)
 .debug_abbrev  0x000059e2       0xc9 /usr/lib/gcc/arm-none-eabi/13.1.0/../../../../arm-none-eabi/lib/thumb/v6-m/nofp/libc_nano.a(libc_a-init.o)
 .debug_abbrev  0x00005aab       0x21 /usr/lib/gcc/arm-none-eabi/13.1.0/../../../../arm-none-eabi/lib/thumb/v6-m/nofp/libc_nano.a(libc_a-strlen.o)
 .debug_abbrev  0x00005acc       0x28 /usr/lib/gcc/arm-none-eabi/13.1.0/thumb/v6-m/nofp/libgcc.a(_thumb1_case_uqi.o)
 .debug_abbrev  0x00005af4       0x28 /usr/lib/gcc/arm-none-eabi/13.1.0/thumb/v6-m/nofp/libgcc.a(_udivsi3.o)
 .debug_abbrev  0x00005b1c       0x28 /usr/lib/gcc/arm-none-eabi/13.1.0/thumb/v6-m/nofp/libgcc.a(_divsi3.o)
 .debug_abbrev  0x00005b44       0x26 /usr/lib/gcc/arm-none-eabi/13.1.0/thumb/v6-m/nofp/libgcc.a(_dvmd_tls.o)
 .debug_abbrev  0x00005b6a      0x47b /usr/lib/gcc/arm-none-eabi/13.1.0/thumb/v6-m/nofp/libgcc.a(unwind-arm.o)
 .debug_abbrev  0x00005fe5       0x28 /usr/lib/gcc/arm-none-eabi/13.1.0/thumb/v6-m/nofp/libgcc.a(libunwind.o)
 .debug_abbrev  0x0000600d      0x2e4 /usr/lib/gcc/arm-none-eabi/13.1.0/thumb/v6-m/nofp/libgcc.a(pr-support.o)
 .debug_abbrev  0x000062f1       0x99 /usr/lib/gcc/arm-none-eabi/13.1.0/../../../../arm-none-eabi/lib/thumb/v6-m/nofp/libc_nano.a(libc_a-abort.o)
 .debug_abbrev  0x0000638a      0x231 /usr/lib/gcc/arm-none-eabi/13.1.0/../../../../arm-none-eabi/lib/thumb/v6-m/nofp/libc_nano.a(libc_a-signal.o)
 .debug_abbrev  0x000065bb      0x1ed /usr/lib/gcc/arm-none-eabi/13.1.0/../../../../arm-none-eabi/lib/thumb/v6-m/nofp/libc_nano.a(libc_a-signalr.o)
 .debug_abbrev  0x000067a8       0xc1 /usr/lib/gcc/arm-none-eabi/13.1.0/../../../../arm-none-eabi/lib/thumb/v6-m/nofp/libc_nano.a(libc_a-memcpy-stub.o)

.debug_loc      0x00000000    0x1c93f
 .debug_loc     0x00000000       0x2c build/gpio.o
 .debug_loc     0x0000002c       0xdc build/adc.o
 .debug_loc     0x00000108       0xcf build/i2c.o
 .debug_loc     0x000001d7       0xcf build/spi.o
 .debug_loc     0x000002a6       0x4c build/tim.o
 .debug_loc     0x000002f2       0xd0 build/usart.o
 .debug_loc     0x000003c2     0x1415 build/printf.o
 .debug_loc     0x000017d7       0x20 build/stm32g0xx_hal_msp.o
 .debug_loc     0x000017f7     0x17d1 build/stm32g0xx_hal_adc.o
 .debug_loc     0x00002fc8      0x785 build/stm32g0xx_hal_rcc.o
 .debug_loc     0x0000374d      0x59c build/stm32g0xx_hal_rcc_ex.o
 .debug_loc     0x00003ce9      0x469 build/stm32g0xx_hal_gpio.o
 .debug_loc     0x00004152      0xaf9 build/stm32g0xx_hal_dma.o
 .debug_loc     0x00004c4b      0x3d0 build/stm32g0xx_hal_pwr_ex.o
 .debug_loc     0x0000501b      0x561 build/stm32g0xx_hal_cortex.o
 .debug_loc     0x0000557c      0x26b build/stm32g0xx_hal.o
 .debug_loc     0x000057e7     0x54c4 build/stm32g0xx_hal_i2c.o
 .debug_loc     0x0000acab      0x288 build/stm32g0xx_hal_i2c_ex.o
 .debug_loc     0x0000af33     0x266e build/stm32g0xx_hal_spi.o
 .debug_loc     0x0000d5a1     0x6417 build/stm32g0xx_hal_tim.o
 .debug_loc     0x000139b8     0x2301 build/stm32g0xx_hal_tim_ex.o
 .debug_loc     0x00015cb9     0x4aae build/stm32g0xx_hal_uart.o
 .debug_loc     0x0001a767      0xdc5 build/stm32g0xx_hal_uart_ex.o
 .debug_loc     0x0001b52c      0x100 build/system_stm32g0xx.o
 .debug_loc     0x0001b62c      0x14a build/beat.o
 .debug_loc     0x0001b776      0x202 build/logger.o
 .debug_loc     0x0001b978       0x5a build/main.o
 .debug_loc     0x0001b9d2       0x63 build/stm32g0xx_it.o
 .debug_loc     0x0001ba35      0xf0a build/screen.o

.debug_aranges  0x00000000     0x1900
 .debug_aranges
                0x00000000       0x20 build/gpio.o
 .debug_aranges
                0x00000020       0x30 build/adc.o
 .debug_aranges
                0x00000050       0x30 build/i2c.o
 .debug_aranges
                0x00000080       0x30 build/spi.o
 .debug_aranges
                0x000000b0       0x30 build/tim.o
 .debug_aranges
                0x000000e0       0x30 build/usart.o
 .debug_aranges
                0x00000110       0x68 build/printf.o
 .debug_aranges
                0x00000178       0x20 build/stm32g0xx_hal_msp.o
 .debug_aranges
                0x00000198      0x108 build/stm32g0xx_hal_adc.o
 .debug_aranges
                0x000002a0       0x98 build/stm32g0xx_hal_rcc.o
 .debug_aranges
                0x00000338       0x40 build/stm32g0xx_hal_rcc_ex.o
 .debug_aranges
                0x00000378       0x60 build/stm32g0xx_hal_gpio.o
 .debug_aranges
                0x000003d8       0x88 build/stm32g0xx_hal_dma.o
 .debug_aranges
                0x00000460       0x98 build/stm32g0xx_hal_pwr_ex.o
 .debug_aranges
                0x000004f8       0x90 build/stm32g0xx_hal_cortex.o
 .debug_aranges
                0x00000588      0x100 build/stm32g0xx_hal.o
 .debug_aranges
                0x00000688      0x290 build/stm32g0xx_hal_i2c.o
 .debug_aranges
                0x00000918       0x48 build/stm32g0xx_hal_i2c_ex.o
 .debug_aranges
                0x00000960      0x1d8 build/stm32g0xx_hal_spi.o
 .debug_aranges
                0x00000b38      0x3b0 build/stm32g0xx_hal_tim.o
 .debug_aranges
                0x00000ee8      0x198 build/stm32g0xx_hal_tim_ex.o
 .debug_aranges
                0x00001080      0x248 build/stm32g0xx_hal_uart.o
 .debug_aranges
                0x000012c8       0xa0 build/stm32g0xx_hal_uart_ex.o
 .debug_aranges
                0x00001368       0x28 build/system_stm32g0xx.o
 .debug_aranges
                0x00001390       0x30 build/beat.o
 .debug_aranges
                0x000013c0       0x28 build/logger.o
 .debug_aranges
                0x000013e8       0x30 build/main.o
 .debug_aranges
                0x00001418       0x48 build/stm32g0xx_it.o
 .debug_aranges
                0x00001460       0xb8 build/screen.o
 .debug_aranges
                0x00001518       0x28 build/startup_stm32g030xx.o
 .debug_aranges
                0x00001540       0x78 /usr/lib/gcc/arm-none-eabi/13.1.0/../../../../arm-none-eabi/lib/thumb/v6-m/nofp/libc_nano.a(libc_a-findfp.o)
 .debug_aranges
                0x000015b8       0x20 /usr/lib/gcc/arm-none-eabi/13.1.0/../../../../arm-none-eabi/lib/thumb/v6-m/nofp/libc_nano.a(libc_a-memset.o)
 .debug_aranges
                0x000015d8       0x20 /usr/lib/gcc/arm-none-eabi/13.1.0/../../../../arm-none-eabi/lib/thumb/v6-m/nofp/libc_nano.a(libc_a-reent.o)
 .debug_aranges
                0x000015f8       0x18 /usr/lib/gcc/arm-none-eabi/13.1.0/../../../../arm-none-eabi/lib/thumb/v6-m/nofp/libc_nano.a(libc_a-impure.o)
 .debug_aranges
                0x00001610       0x20 /usr/lib/gcc/arm-none-eabi/13.1.0/../../../../arm-none-eabi/lib/thumb/v6-m/nofp/libc_nano.a(libc_a-init.o)
 .debug_aranges
                0x00001630       0x20 /usr/lib/gcc/arm-none-eabi/13.1.0/../../../../arm-none-eabi/lib/thumb/v6-m/nofp/libc_nano.a(libc_a-strlen.o)
 .debug_aranges
                0x00001650       0x20 /usr/lib/gcc/arm-none-eabi/13.1.0/thumb/v6-m/nofp/libgcc.a(_thumb1_case_uqi.o)
 .debug_aranges
                0x00001670       0x20 /usr/lib/gcc/arm-none-eabi/13.1.0/thumb/v6-m/nofp/libgcc.a(_udivsi3.o)
 .debug_aranges
                0x00001690       0x20 /usr/lib/gcc/arm-none-eabi/13.1.0/thumb/v6-m/nofp/libgcc.a(_divsi3.o)
 .debug_aranges
                0x000016b0       0x20 /usr/lib/gcc/arm-none-eabi/13.1.0/thumb/v6-m/nofp/libgcc.a(_dvmd_tls.o)
 .debug_aranges
                0x000016d0       0xf0 /usr/lib/gcc/arm-none-eabi/13.1.0/thumb/v6-m/nofp/libgcc.a(unwind-arm.o)
 .debug_aranges
                0x000017c0       0x20 /usr/lib/gcc/arm-none-eabi/13.1.0/thumb/v6-m/nofp/libgcc.a(libunwind.o)
 .debug_aranges
                0x000017e0       0x60 /usr/lib/gcc/arm-none-eabi/13.1.0/thumb/v6-m/nofp/libgcc.a(pr-support.o)
 .debug_aranges
                0x00001840       0x20 /usr/lib/gcc/arm-none-eabi/13.1.0/../../../../arm-none-eabi/lib/thumb/v6-m/nofp/libc_nano.a(libc_a-abort.o)
 .debug_aranges
                0x00001860       0x58 /usr/lib/gcc/arm-none-eabi/13.1.0/../../../../arm-none-eabi/lib/thumb/v6-m/nofp/libc_nano.a(libc_a-signal.o)
 .debug_aranges
                0x000018b8       0x28 /usr/lib/gcc/arm-none-eabi/13.1.0/../../../../arm-none-eabi/lib/thumb/v6-m/nofp/libc_nano.a(libc_a-signalr.o)
 .debug_aranges
                0x000018e0       0x20 /usr/lib/gcc/arm-none-eabi/13.1.0/../../../../arm-none-eabi/lib/thumb/v6-m/nofp/libc_nano.a(libc_a-memcpy-stub.o)

.debug_ranges   0x00000000     0x2120
 .debug_ranges  0x00000000       0x88 build/gpio.o
 .debug_ranges  0x00000088       0x60 build/adc.o
 .debug_ranges  0x000000e8       0x48 build/i2c.o
 .debug_ranges  0x00000130       0x60 build/spi.o
 .debug_ranges  0x00000190       0x20 build/tim.o
 .debug_ranges  0x000001b0       0x50 build/usart.o
 .debug_ranges  0x00000200      0x140 build/printf.o
 .debug_ranges  0x00000340       0x48 build/stm32g0xx_hal_msp.o
 .debug_ranges  0x00000388      0x320 build/stm32g0xx_hal_adc.o
 .debug_ranges  0x000006a8       0xf0 build/stm32g0xx_hal_rcc.o
 .debug_ranges  0x00000798       0xb0 build/stm32g0xx_hal_rcc_ex.o
 .debug_ranges  0x00000848       0x50 build/stm32g0xx_hal_gpio.o
 .debug_ranges  0x00000898       0x90 build/stm32g0xx_hal_dma.o
 .debug_ranges  0x00000928       0x88 build/stm32g0xx_hal_pwr_ex.o
 .debug_ranges  0x000009b0       0xe8 build/stm32g0xx_hal_cortex.o
 .debug_ranges  0x00000a98       0xf0 build/stm32g0xx_hal.o
 .debug_ranges  0x00000b88      0x310 build/stm32g0xx_hal_i2c.o
 .debug_ranges  0x00000e98       0x78 build/stm32g0xx_hal_i2c_ex.o
 .debug_ranges  0x00000f10      0x258 build/stm32g0xx_hal_spi.o
 .debug_ranges  0x00001168      0x638 build/stm32g0xx_hal_tim.o
 .debug_ranges  0x000017a0      0x188 build/stm32g0xx_hal_tim_ex.o
 .debug_ranges  0x00001928      0x4e0 build/stm32g0xx_hal_uart.o
 .debug_ranges  0x00001e08       0xf0 build/stm32g0xx_hal_uart_ex.o
 .debug_ranges  0x00001ef8       0x18 build/system_stm32g0xx.o
 .debug_ranges  0x00001f10       0x20 build/beat.o
 .debug_ranges  0x00001f30       0x40 build/logger.o
 .debug_ranges  0x00001f70       0x20 build/main.o
 .debug_ranges  0x00001f90       0x58 build/stm32g0xx_it.o
 .debug_ranges  0x00001fe8      0x118 build/screen.o
 .debug_ranges  0x00002100       0x20 build/startup_stm32g030xx.o

.debug_line     0x00000000    0x1e590
 .debug_line    0x00000000      0x251 build/gpio.o
 .debug_line    0x00000251      0x3a5 build/adc.o
 .debug_line    0x000005f6      0x2eb build/i2c.o
 .debug_line    0x000008e1      0x2c6 build/spi.o
 .debug_line    0x00000ba7      0x2a0 build/tim.o
 .debug_line    0x00000e47      0x359 build/usart.o
 .debug_line    0x000011a0      0x761 build/printf.o
 .debug_line    0x00001901      0x142 build/stm32g0xx_hal_msp.o
 .debug_line    0x00001a43     0x1a72 build/stm32g0xx_hal_adc.o
 .debug_line    0x000034b5      0xeb6 build/stm32g0xx_hal_rcc.o
 .debug_line    0x0000436b      0x724 build/stm32g0xx_hal_rcc_ex.o
 .debug_line    0x00004a8f      0x6ae build/stm32g0xx_hal_gpio.o
 .debug_line    0x0000513d      0xb33 build/stm32g0xx_hal_dma.o
 .debug_line    0x00005c70      0x4dc build/stm32g0xx_hal_pwr_ex.o
 .debug_line    0x0000614c      0x666 build/stm32g0xx_hal_cortex.o
 .debug_line    0x000067b2      0x649 build/stm32g0xx_hal.o
 .debug_line    0x00006dfb     0x4b6b build/stm32g0xx_hal_i2c.o
 .debug_line    0x0000b966      0x3bb build/stm32g0xx_hal_i2c_ex.o
 .debug_line    0x0000bd21     0x294a build/stm32g0xx_hal_spi.o
 .debug_line    0x0000e66b     0x47ca build/stm32g0xx_hal_tim.o
 .debug_line    0x00012e35     0x183f build/stm32g0xx_hal_tim_ex.o
 .debug_line    0x00014674     0x4bba build/stm32g0xx_hal_uart.o
 .debug_line    0x0001922e      0xb5c build/stm32g0xx_hal_uart_ex.o
 .debug_line    0x00019d8a      0x211 build/system_stm32g0xx.o
 .debug_line    0x00019f9b      0x220 build/beat.o
 .debug_line    0x0001a1bb      0x326 build/logger.o
 .debug_line    0x0001a4e1      0x4df build/main.o
 .debug_line    0x0001a9c0      0x2b9 build/stm32g0xx_it.o
 .debug_line    0x0001ac79      0xb9e build/screen.o
 .debug_line    0x0001b817       0x77 build/startup_stm32g030xx.o
 .debug_line    0x0001b88e      0x5a7 /usr/lib/gcc/arm-none-eabi/13.1.0/../../../../arm-none-eabi/lib/thumb/v6-m/nofp/libc_nano.a(libc_a-findfp.o)
 .debug_line    0x0001be35      0x11d /usr/lib/gcc/arm-none-eabi/13.1.0/../../../../arm-none-eabi/lib/thumb/v6-m/nofp/libc_nano.a(libc_a-memset.o)
 .debug_line    0x0001bf52      0x26b /usr/lib/gcc/arm-none-eabi/13.1.0/../../../../arm-none-eabi/lib/thumb/v6-m/nofp/libc_nano.a(libc_a-reent.o)
 .debug_line    0x0001c1bd      0x108 /usr/lib/gcc/arm-none-eabi/13.1.0/../../../../arm-none-eabi/lib/thumb/v6-m/nofp/libc_nano.a(libc_a-impure.o)
 .debug_line    0x0001c2c5      0x131 /usr/lib/gcc/arm-none-eabi/13.1.0/../../../../arm-none-eabi/lib/thumb/v6-m/nofp/libc_nano.a(libc_a-init.o)
 .debug_line    0x0001c3f6       0x4f /usr/lib/gcc/arm-none-eabi/13.1.0/../../../../arm-none-eabi/lib/thumb/v6-m/nofp/libc_nano.a(libc_a-strlen.o)
 .debug_line    0x0001c445       0x52 /usr/lib/gcc/arm-none-eabi/13.1.0/thumb/v6-m/nofp/libgcc.a(_thumb1_case_uqi.o)
 .debug_line    0x0001c497       0x61 /usr/lib/gcc/arm-none-eabi/13.1.0/thumb/v6-m/nofp/libgcc.a(_udivsi3.o)
 .debug_line    0x0001c4f8       0x6f /usr/lib/gcc/arm-none-eabi/13.1.0/thumb/v6-m/nofp/libgcc.a(_divsi3.o)
 .debug_line    0x0001c567       0x4a /usr/lib/gcc/arm-none-eabi/13.1.0/thumb/v6-m/nofp/libgcc.a(_dvmd_tls.o)
 .debug_line    0x0001c5b1     0x1135 /usr/lib/gcc/arm-none-eabi/13.1.0/thumb/v6-m/nofp/libgcc.a(unwind-arm.o)
 .debug_line    0x0001d6e6       0x74 /usr/lib/gcc/arm-none-eabi/13.1.0/thumb/v6-m/nofp/libgcc.a(libunwind.o)
 .debug_line    0x0001d75a      0x570 /usr/lib/gcc/arm-none-eabi/13.1.0/thumb/v6-m/nofp/libgcc.a(pr-support.o)
 .debug_line    0x0001dcca      0x141 /usr/lib/gcc/arm-none-eabi/13.1.0/../../../../arm-none-eabi/lib/thumb/v6-m/nofp/libc_nano.a(libc_a-abort.o)
 .debug_line    0x0001de0b      0x3ff /usr/lib/gcc/arm-none-eabi/13.1.0/../../../../arm-none-eabi/lib/thumb/v6-m/nofp/libc_nano.a(libc_a-signal.o)
 .debug_line    0x0001e20a      0x1f6 /usr/lib/gcc/arm-none-eabi/13.1.0/../../../../arm-none-eabi/lib/thumb/v6-m/nofp/libc_nano.a(libc_a-signalr.o)
 .debug_line    0x0001e400      0x190 /usr/lib/gcc/arm-none-eabi/13.1.0/../../../../arm-none-eabi/lib/thumb/v6-m/nofp/libc_nano.a(libc_a-memcpy-stub.o)

.debug_str      0x00000000     0x7f2b
 .debug_str     0x00000000      0x2d8 build/gpio.o
                                0x352 (size before relaxing)
 .debug_str     0x000002d8      0x4e4 build/adc.o
                                0x919 (size before relaxing)
 .debug_str     0x000007bc      0x311 build/i2c.o
                                0x943 (size before relaxing)
 .debug_str     0x00000acd      0x1e1 build/spi.o
                                0x84e (size before relaxing)
 .debug_str     0x00000cae      0x3a5 build/tim.o
                                0x9f4 (size before relaxing)
 .debug_str     0x00001053      0x2f7 build/usart.o
                                0x9dc (size before relaxing)
 .debug_str     0x0000134a      0x12c build/printf.o
                                0x2cc (size before relaxing)
 .debug_str     0x00001476       0x29 build/stm32g0xx_hal_msp.o
                                0x273 (size before relaxing)
 .debug_str     0x0000149f      0x7f5 build/stm32g0xx_hal_adc.o
                                0xf90 (size before relaxing)
 .debug_str     0x00001c94      0x3ac build/stm32g0xx_hal_rcc.o
                                0x752 (size before relaxing)
 .debug_str     0x00002040      0x113 build/stm32g0xx_hal_rcc_ex.o
                                0x5a9 (size before relaxing)
 .debug_str     0x00002153      0x128 build/stm32g0xx_hal_gpio.o
                                0x3f1 (size before relaxing)
 .debug_str     0x0000227b      0x274 build/stm32g0xx_hal_dma.o
                                0x776 (size before relaxing)
 .debug_str     0x000024ef      0x25e build/stm32g0xx_hal_pwr_ex.o
                                0x4dc (size before relaxing)
 .debug_str     0x0000274d      0x4fa build/stm32g0xx_hal_cortex.o
                                0x6e8 (size before relaxing)
 .debug_str     0x00002c47      0x313 build/stm32g0xx_hal.o
                                0x829 (size before relaxing)
 .debug_str     0x00002f5a      0x889 build/stm32g0xx_hal_i2c.o
                               0x109c (size before relaxing)
 .debug_str     0x000037e3       0xb5 build/stm32g0xx_hal_i2c_ex.o
                                0x937 (size before relaxing)
 .debug_str     0x00003898      0x540 build/stm32g0xx_hal_spi.o
                                0xca9 (size before relaxing)
 .debug_str     0x00003dd8      0xebc build/stm32g0xx_hal_tim.o
                               0x17e1 (size before relaxing)
 .debug_str     0x00004c94      0x627 build/stm32g0xx_hal_tim_ex.o
                               0x117d (size before relaxing)
 .debug_str     0x000052bb      0x84e build/stm32g0xx_hal_uart.o
                               0x113e (size before relaxing)
 .debug_str     0x00005b09      0x24c build/stm32g0xx_hal_uart_ex.o
                                0xb43 (size before relaxing)
 .debug_str     0x00005d55       0x3d build/system_stm32g0xx.o
                                0x2dc (size before relaxing)
 .debug_str     0x00005d92      0x138 build/beat.o
                                0x242 (size before relaxing)
 .debug_str     0x00005eca      0x206 build/logger.o
                                0x964 (size before relaxing)
 .debug_str     0x000060d0      0x405 build/main.o
                               0x1187 (size before relaxing)
 .debug_str     0x000064d5      0x181 build/stm32g0xx_it.o
                                0xd8f (size before relaxing)
 .debug_str     0x00006656      0x106 build/screen.o
                                0xcee (size before relaxing)
 .debug_str     0x0000675c       0x30 build/startup_stm32g030xx.o
                                 0x74 (size before relaxing)
 .debug_str     0x0000678c      0x63c /usr/lib/gcc/arm-none-eabi/13.1.0/../../../../arm-none-eabi/lib/thumb/v6-m/nofp/libc_nano.a(libc_a-findfp.o)
                                0x75b (size before relaxing)
 .debug_str     0x00006dc8       0x44 /usr/lib/gcc/arm-none-eabi/13.1.0/../../../../arm-none-eabi/lib/thumb/v6-m/nofp/libc_nano.a(libc_a-memset.o)
                                0x1b8 (size before relaxing)
 .debug_str     0x00006e0c       0x75 /usr/lib/gcc/arm-none-eabi/13.1.0/../../../../arm-none-eabi/lib/thumb/v6-m/nofp/libc_nano.a(libc_a-reent.o)
                                0x4f7 (size before relaxing)
 .debug_str     0x00006e81       0x43 /usr/lib/gcc/arm-none-eabi/13.1.0/../../../../arm-none-eabi/lib/thumb/v6-m/nofp/libc_nano.a(libc_a-impure.o)
                                0x4d8 (size before relaxing)
 .debug_str     0x00006ec4       0xa0 /usr/lib/gcc/arm-none-eabi/13.1.0/../../../../arm-none-eabi/lib/thumb/v6-m/nofp/libc_nano.a(libc_a-init.o)
                                0x219 (size before relaxing)
 .debug_str     0x00006f64       0x5f /usr/lib/gcc/arm-none-eabi/13.1.0/../../../../arm-none-eabi/lib/thumb/v6-m/nofp/libc_nano.a(libc_a-strlen.o)
                                 0xb6 (size before relaxing)
 .debug_str     0x00006fc3       0xa8 /usr/lib/gcc/arm-none-eabi/13.1.0/thumb/v6-m/nofp/libgcc.a(_thumb1_case_uqi.o)
                                 0xb4 (size before relaxing)
 .debug_str     0x0000706b        0xa /usr/lib/gcc/arm-none-eabi/13.1.0/thumb/v6-m/nofp/libgcc.a(_udivsi3.o)
                                 0xb9 (size before relaxing)
 .debug_str     0x00007075       0x19 /usr/lib/gcc/arm-none-eabi/13.1.0/thumb/v6-m/nofp/libgcc.a(_divsi3.o)
                                 0xb7 (size before relaxing)
 .debug_str     0x0000708e       0x1c /usr/lib/gcc/arm-none-eabi/13.1.0/thumb/v6-m/nofp/libgcc.a(_dvmd_tls.o)
                                 0xba (size before relaxing)
 .debug_str     0x000070aa      0xb0c /usr/lib/gcc/arm-none-eabi/13.1.0/thumb/v6-m/nofp/libgcc.a(unwind-arm.o)
                                0xc90 (size before relaxing)
 .debug_str     0x00007bb6       0xcb /usr/lib/gcc/arm-none-eabi/13.1.0/thumb/v6-m/nofp/libgcc.a(libunwind.o)
                                0x19c (size before relaxing)
 .debug_str     0x00007c81       0xf5 /usr/lib/gcc/arm-none-eabi/13.1.0/thumb/v6-m/nofp/libgcc.a(pr-support.o)
                                0x5ba (size before relaxing)
 .debug_str     0x00007d76       0x4f /usr/lib/gcc/arm-none-eabi/13.1.0/../../../../arm-none-eabi/lib/thumb/v6-m/nofp/libc_nano.a(libc_a-abort.o)
                                0x1bb (size before relaxing)
 .debug_str     0x00007dc5       0xaa /usr/lib/gcc/arm-none-eabi/13.1.0/../../../../arm-none-eabi/lib/thumb/v6-m/nofp/libc_nano.a(libc_a-signal.o)
                                0x55f (size before relaxing)
 .debug_str     0x00007e6f       0x5a /usr/lib/gcc/arm-none-eabi/13.1.0/../../../../arm-none-eabi/lib/thumb/v6-m/nofp/libc_nano.a(libc_a-signalr.o)
                                0x4f4 (size before relaxing)
 .debug_str     0x00007ec9       0x62 /usr/lib/gcc/arm-none-eabi/13.1.0/../../../../arm-none-eabi/lib/thumb/v6-m/nofp/libc_nano.a(libc_a-memcpy-stub.o)
                                0x1d6 (size before relaxing)

.comment        0x00000000       0x3c
 .comment       0x00000000       0x1e build/gpio.o
                                 0x1f (size before relaxing)
 .comment       0x0000001e       0x1f build/adc.o
 .comment       0x0000001e       0x1f build/i2c.o
 .comment       0x0000001e       0x1f build/spi.o
 .comment       0x0000001e       0x1f build/tim.o
 .comment       0x0000001e       0x1f build/usart.o
 .comment       0x0000001e       0x1f build/printf.o
 .comment       0x0000001e       0x1f build/stm32g0xx_hal_msp.o
 .comment       0x0000001e       0x1f build/stm32g0xx_hal_adc.o
 .comment       0x0000001e       0x1f build/stm32g0xx_hal_rcc.o
 .comment       0x0000001e       0x1f build/stm32g0xx_hal_rcc_ex.o
 .comment       0x0000001e       0x1f build/stm32g0xx_hal_gpio.o
 .comment       0x0000001e       0x1f build/stm32g0xx_hal_dma.o
 .comment       0x0000001e       0x1f build/stm32g0xx_hal_pwr_ex.o
 .comment       0x0000001e       0x1f build/stm32g0xx_hal_cortex.o
 .comment       0x0000001e       0x1f build/stm32g0xx_hal.o
 .comment       0x0000001e       0x1f build/stm32g0xx_hal_i2c.o
 .comment       0x0000001e       0x1f build/stm32g0xx_hal_i2c_ex.o
 .comment       0x0000001e       0x1f build/stm32g0xx_hal_spi.o
 .comment       0x0000001e       0x1f build/stm32g0xx_hal_tim.o
 .comment       0x0000001e       0x1f build/stm32g0xx_hal_tim_ex.o
 .comment       0x0000001e       0x1f build/stm32g0xx_hal_uart.o
 .comment       0x0000001e       0x1f build/stm32g0xx_hal_uart_ex.o
 .comment       0x0000001e       0x1f build/system_stm32g0xx.o
 .comment       0x0000001e       0x1f build/beat.o
 .comment       0x0000001e       0x1f build/logger.o
 .comment       0x0000001e       0x1f build/main.o
 .comment       0x0000001e       0x1f build/stm32g0xx_it.o
 .comment       0x0000001e       0x1f build/screen.o
 .comment       0x0000001e       0x1e /usr/lib/gcc/arm-none-eabi/13.1.0/../../../../arm-none-eabi/lib/thumb/v6-m/nofp/libc_nano.a(libc_a-findfp.o)
                                 0x1f (size before relaxing)
 .comment       0x0000003c       0x1f /usr/lib/gcc/arm-none-eabi/13.1.0/../../../../arm-none-eabi/lib/thumb/v6-m/nofp/libc_nano.a(libc_a-memset.o)
 .comment       0x0000003c       0x1f /usr/lib/gcc/arm-none-eabi/13.1.0/../../../../arm-none-eabi/lib/thumb/v6-m/nofp/libc_nano.a(libc_a-reent.o)
 .comment       0x0000003c       0x1f /usr/lib/gcc/arm-none-eabi/13.1.0/../../../../arm-none-eabi/lib/thumb/v6-m/nofp/libc_nano.a(libc_a-impure.o)
 .comment       0x0000003c       0x1f /usr/lib/gcc/arm-none-eabi/13.1.0/../../../../arm-none-eabi/lib/thumb/v6-m/nofp/libc_nano.a(libc_a-init.o)
 .comment       0x0000003c       0x1f /usr/lib/gcc/arm-none-eabi/13.1.0/thumb/v6-m/nofp/libgcc.a(unwind-arm.o)
 .comment       0x0000003c       0x1f /usr/lib/gcc/arm-none-eabi/13.1.0/thumb/v6-m/nofp/libgcc.a(pr-support.o)
 .comment       0x0000003c       0x1f /usr/lib/gcc/arm-none-eabi/13.1.0/../../../../arm-none-eabi/lib/thumb/v6-m/nofp/libc_nano.a(libc_a-abort.o)
 .comment       0x0000003c       0x1f /usr/lib/gcc/arm-none-eabi/13.1.0/../../../../arm-none-eabi/lib/thumb/v6-m/nofp/libc_nano.a(libc_a-signal.o)
 .comment       0x0000003c       0x1f /usr/lib/gcc/arm-none-eabi/13.1.0/../../../../arm-none-eabi/lib/thumb/v6-m/nofp/libc_nano.a(libc_a-signalr.o)
 .comment       0x0000003c       0x1f /usr/lib/gcc/arm-none-eabi/13.1.0/../../../../arm-none-eabi/lib/thumb/v6-m/nofp/libc_nano.a(libc_a-memcpy-stub.o)

.debug_frame    0x00000000     0x425c
 .debug_frame   0x00000000       0x30 build/gpio.o
 .debug_frame   0x00000030       0x64 build/adc.o
 .debug_frame   0x00000094       0x5c build/i2c.o
 .debug_frame   0x000000f0       0x5c build/spi.o
 .debug_frame   0x0000014c       0x50 build/tim.o
 .debug_frame   0x0000019c       0x5c build/usart.o
 .debug_frame   0x000001f8      0x12c build/printf.o
 .debug_frame   0x00000324       0x24 build/stm32g0xx_hal_msp.o
 .debug_frame   0x00000348      0x304 build/stm32g0xx_hal_adc.o
 .debug_frame   0x0000064c      0x178 build/stm32g0xx_hal_rcc.o
 .debug_frame   0x000007c4       0x9c build/stm32g0xx_hal_rcc_ex.o
 .debug_frame   0x00000860       0xd0 build/stm32g0xx_hal_gpio.o
 .debug_frame   0x00000930      0x1a8 build/stm32g0xx_hal_dma.o
 .debug_frame   0x00000ad8      0x140 build/stm32g0xx_hal_pwr_ex.o
 .debug_frame   0x00000c18      0x118 build/stm32g0xx_hal_cortex.o
 .debug_frame   0x00000d30      0x214 build/stm32g0xx_hal.o
 .debug_frame   0x00000f44      0x890 build/stm32g0xx_hal_i2c.o
 .debug_frame   0x000017d4       0xb0 build/stm32g0xx_hal_i2c_ex.o
 .debug_frame   0x00001884      0x5b8 build/stm32g0xx_hal_spi.o
 .debug_frame   0x00001e3c      0xafc build/stm32g0xx_hal_tim.o
 .debug_frame   0x00002938      0x4c4 build/stm32g0xx_hal_tim_ex.o
 .debug_frame   0x00002dfc      0x718 build/stm32g0xx_hal_uart.o
 .debug_frame   0x00003514      0x1d4 build/stm32g0xx_hal_uart_ex.o
 .debug_frame   0x000036e8       0x38 build/system_stm32g0xx.o
 .debug_frame   0x00003720       0x54 build/beat.o
 .debug_frame   0x00003774       0x4c build/logger.o
 .debug_frame   0x000037c0       0x5c build/main.o
 .debug_frame   0x0000381c       0x88 build/stm32g0xx_it.o
 .debug_frame   0x000038a4      0x244 build/screen.o
 .debug_frame   0x00003ae8      0x138 /usr/lib/gcc/arm-none-eabi/13.1.0/../../../../arm-none-eabi/lib/thumb/v6-m/nofp/libc_nano.a(libc_a-findfp.o)
 .debug_frame   0x00003c20       0x20 /usr/lib/gcc/arm-none-eabi/13.1.0/../../../../arm-none-eabi/lib/thumb/v6-m/nofp/libc_nano.a(libc_a-memset.o)
 .debug_frame   0x00003c40       0x2c /usr/lib/gcc/arm-none-eabi/13.1.0/../../../../arm-none-eabi/lib/thumb/v6-m/nofp/libc_nano.a(libc_a-reent.o)
 .debug_frame   0x00003c6c       0x2c /usr/lib/gcc/arm-none-eabi/13.1.0/../../../../arm-none-eabi/lib/thumb/v6-m/nofp/libc_nano.a(libc_a-init.o)
 .debug_frame   0x00003c98       0x20 /usr/lib/gcc/arm-none-eabi/13.1.0/../../../../arm-none-eabi/lib/thumb/v6-m/nofp/libnosys.a(_exit.o)
 .debug_frame   0x00003cb8       0x20 /usr/lib/gcc/arm-none-eabi/13.1.0/thumb/v6-m/nofp/libgcc.a(_udivsi3.o)
 .debug_frame   0x00003cd8       0x20 /usr/lib/gcc/arm-none-eabi/13.1.0/thumb/v6-m/nofp/libgcc.a(_divsi3.o)
 .debug_frame   0x00003cf8      0x2b8 /usr/lib/gcc/arm-none-eabi/13.1.0/thumb/v6-m/nofp/libgcc.a(unwind-arm.o)
 .debug_frame   0x00003fb0       0xf8 /usr/lib/gcc/arm-none-eabi/13.1.0/thumb/v6-m/nofp/libgcc.a(pr-support.o)
 .debug_frame   0x000040a8       0x28 /usr/lib/gcc/arm-none-eabi/13.1.0/../../../../arm-none-eabi/lib/thumb/v6-m/nofp/libc_nano.a(libc_a-abort.o)
 .debug_frame   0x000040d0       0xe0 /usr/lib/gcc/arm-none-eabi/13.1.0/../../../../arm-none-eabi/lib/thumb/v6-m/nofp/libc_nano.a(libc_a-signal.o)
 .debug_frame   0x000041b0       0x44 /usr/lib/gcc/arm-none-eabi/13.1.0/../../../../arm-none-eabi/lib/thumb/v6-m/nofp/libc_nano.a(libc_a-signalr.o)
 .debug_frame   0x000041f4       0x28 /usr/lib/gcc/arm-none-eabi/13.1.0/../../../../arm-none-eabi/lib/thumb/v6-m/nofp/libc_nano.a(libc_a-memcpy-stub.o)
 .debug_frame   0x0000421c       0x20 /usr/lib/gcc/arm-none-eabi/13.1.0/../../../../arm-none-eabi/lib/thumb/v6-m/nofp/libnosys.a(getpid.o)
 .debug_frame   0x0000423c       0x20 /usr/lib/gcc/arm-none-eabi/13.1.0/../../../../arm-none-eabi/lib/thumb/v6-m/nofp/libnosys.a(kill.o)

.debug_loclists
                0x00000000     0x1f3b
 .debug_loclists
                0x00000000      0x273 /usr/lib/gcc/arm-none-eabi/13.1.0/../../../../arm-none-eabi/lib/thumb/v6-m/nofp/libc_nano.a(libc_a-findfp.o)
 .debug_loclists
                0x00000273       0x6e /usr/lib/gcc/arm-none-eabi/13.1.0/../../../../arm-none-eabi/lib/thumb/v6-m/nofp/libc_nano.a(libc_a-memset.o)
 .debug_loclists
                0x000002e1       0x60 /usr/lib/gcc/arm-none-eabi/13.1.0/../../../../arm-none-eabi/lib/thumb/v6-m/nofp/libc_nano.a(libc_a-reent.o)
 .debug_loclists
                0x00000341       0x42 /usr/lib/gcc/arm-none-eabi/13.1.0/../../../../arm-none-eabi/lib/thumb/v6-m/nofp/libc_nano.a(libc_a-init.o)
 .debug_loclists
                0x00000383       0x17 /usr/lib/gcc/arm-none-eabi/13.1.0/../../../../arm-none-eabi/lib/thumb/v6-m/nofp/libnosys.a(_exit.o)
 .debug_loclists
                0x0000039a     0x1390 /usr/lib/gcc/arm-none-eabi/13.1.0/thumb/v6-m/nofp/libgcc.a(unwind-arm.o)
 .debug_loclists
                0x0000172a      0x432 /usr/lib/gcc/arm-none-eabi/13.1.0/thumb/v6-m/nofp/libgcc.a(pr-support.o)
 .debug_loclists
                0x00001b5c      0x281 /usr/lib/gcc/arm-none-eabi/13.1.0/../../../../arm-none-eabi/lib/thumb/v6-m/nofp/libc_nano.a(libc_a-signal.o)
 .debug_loclists
                0x00001ddd       0x8c /usr/lib/gcc/arm-none-eabi/13.1.0/../../../../arm-none-eabi/lib/thumb/v6-m/nofp/libc_nano.a(libc_a-signalr.o)
 .debug_loclists
                0x00001e69       0xaf /usr/lib/gcc/arm-none-eabi/13.1.0/../../../../arm-none-eabi/lib/thumb/v6-m/nofp/libc_nano.a(libc_a-memcpy-stub.o)
 .debug_loclists
                0x00001f18       0x23 /usr/lib/gcc/arm-none-eabi/13.1.0/../../../../arm-none-eabi/lib/thumb/v6-m/nofp/libnosys.a(kill.o)

.debug_rnglists
                0x00000000      0x2f6
 .debug_rnglists
                0x00000000       0x6e /usr/lib/gcc/arm-none-eabi/13.1.0/../../../../arm-none-eabi/lib/thumb/v6-m/nofp/libc_nano.a(libc_a-findfp.o)
 .debug_rnglists
                0x0000006e       0x13 /usr/lib/gcc/arm-none-eabi/13.1.0/../../../../arm-none-eabi/lib/thumb/v6-m/nofp/libc_nano.a(libc_a-memset.o)
 .debug_rnglists
                0x00000081       0x30 /usr/lib/gcc/arm-none-eabi/13.1.0/../../../../arm-none-eabi/lib/thumb/v6-m/nofp/libc_nano.a(libc_a-reent.o)
 .debug_rnglists
                0x000000b1       0x13 /usr/lib/gcc/arm-none-eabi/13.1.0/../../../../arm-none-eabi/lib/thumb/v6-m/nofp/libc_nano.a(libc_a-init.o)
 .debug_rnglists
                0x000000c4       0x13 /usr/lib/gcc/arm-none-eabi/13.1.0/../../../../arm-none-eabi/lib/thumb/v6-m/nofp/libnosys.a(_exit.o)
 .debug_rnglists
                0x000000d7      0x139 /usr/lib/gcc/arm-none-eabi/13.1.0/thumb/v6-m/nofp/libgcc.a(unwind-arm.o)
 .debug_rnglists
                0x00000210       0x44 /usr/lib/gcc/arm-none-eabi/13.1.0/thumb/v6-m/nofp/libgcc.a(pr-support.o)
 .debug_rnglists
                0x00000254       0x13 /usr/lib/gcc/arm-none-eabi/13.1.0/../../../../arm-none-eabi/lib/thumb/v6-m/nofp/libc_nano.a(libc_a-abort.o)
 .debug_rnglists
                0x00000267       0x3d /usr/lib/gcc/arm-none-eabi/13.1.0/../../../../arm-none-eabi/lib/thumb/v6-m/nofp/libc_nano.a(libc_a-signal.o)
 .debug_rnglists
                0x000002a4       0x19 /usr/lib/gcc/arm-none-eabi/13.1.0/../../../../arm-none-eabi/lib/thumb/v6-m/nofp/libc_nano.a(libc_a-signalr.o)
 .debug_rnglists
                0x000002bd       0x13 /usr/lib/gcc/arm-none-eabi/13.1.0/../../../../arm-none-eabi/lib/thumb/v6-m/nofp/libc_nano.a(libc_a-memcpy-stub.o)
 .debug_rnglists
                0x000002d0       0x13 /usr/lib/gcc/arm-none-eabi/13.1.0/../../../../arm-none-eabi/lib/thumb/v6-m/nofp/libnosys.a(getpid.o)
 .debug_rnglists
                0x000002e3       0x13 /usr/lib/gcc/arm-none-eabi/13.1.0/../../../../arm-none-eabi/lib/thumb/v6-m/nofp/libnosys.a(kill.o)

.debug_line_str
                0x00000000      0x141
 .debug_line_str
                0x00000000       0xa3 /usr/lib/gcc/arm-none-eabi/13.1.0/../../../../arm-none-eabi/lib/thumb/v6-m/nofp/libc_nano.a(libc_a-strlen.o)
 .debug_line_str
                0x000000a3       0x92 /usr/lib/gcc/arm-none-eabi/13.1.0/thumb/v6-m/nofp/libgcc.a(_thumb1_case_uqi.o)
 .debug_line_str
                0x00000135       0x92 /usr/lib/gcc/arm-none-eabi/13.1.0/thumb/v6-m/nofp/libgcc.a(_udivsi3.o)
 .debug_line_str
                0x00000135       0x92 /usr/lib/gcc/arm-none-eabi/13.1.0/thumb/v6-m/nofp/libgcc.a(_divsi3.o)
 .debug_line_str
                0x00000135       0x92 /usr/lib/gcc/arm-none-eabi/13.1.0/thumb/v6-m/nofp/libgcc.a(_dvmd_tls.o)
 .debug_line_str
                0x00000135        0xc /usr/lib/gcc/arm-none-eabi/13.1.0/thumb/v6-m/nofp/libgcc.a(libunwind.o)
                                 0x92 (size before relaxing)

Cross Reference Table

Symbol                                            File
AD5272::AD5272(AD5272::AD5272AddrMode, __I2C_HandleTypeDef*, Logger, unsigned short) build/ad5272.o
AD5272::AD5272(AD5272::AD5272AddrMode, __I2C_HandleTypeDef*, Logger, unsigned short) build/ad5272.o
AD5272::readResistance()                          build/ad5272.o
AD5272::sendCommand(AD5272::AD5272Commands)       build/ad5272.o
AD5272::sendCommandWithData(AD5272::AD5272Commands, unsigned short) build/ad5272.o
AD5272::setResistance(double)                     build/ad5272.o
ADC1_IRQHandler                                   build/startup_stm32g030xx.o
ADC_ConversionStop                                build/stm32g0xx_hal_adc.o
ADC_Disable                                       build/stm32g0xx_hal_adc.o
                                                  build/stm32g0xx_hal_adc_ex.o
ADC_Enable                                        build/stm32g0xx_hal_adc.o
AHBPrescTable                                     build/system_stm32g0xx.o
                                                  build/stm32g0xx_hal_rcc.o
APBPrescTable                                     build/system_stm32g0xx.o
                                                  build/stm32g0xx_hal_rcc.o
Beat::getRate()                                   build/beat.o
                                                  build/stm32g0xx_it.o
Beat::isValid() const                             build/beat.o
                                                  build/stm32g0xx_it.o
Beat::update(unsigned short)                      build/beat.o
                                                  build/stm32g0xx_it.o
DMA1_Ch4_5_DMAMUX1_OVR_IRQHandler                 build/startup_stm32g030xx.o
DMA1_Channel1_IRQHandler                          build/stm32g0xx_it.o
DMA1_Channel2_3_IRQHandler                        build/startup_stm32g030xx.o
Default_Handler                                   build/startup_stm32g030xx.o
EXTI0_1_IRQHandler                                build/startup_stm32g030xx.o
EXTI2_3_IRQHandler                                build/startup_stm32g030xx.o
EXTI4_15_IRQHandler                               build/startup_stm32g030xx.o
Error_Handler                                     build/main.o
                                                  build/usart.o
                                                  build/tim.o
                                                  build/spi.o
                                                  build/i2c.o
                                                  build/adc.o
FLASH_FlushCaches                                 build/stm32g0xx_hal_flash_ex.o
FLASH_IRQHandler                                  build/startup_stm32g030xx.o
FLASH_PageErase                                   build/stm32g0xx_hal_flash_ex.o
                                                  build/stm32g0xx_hal_flash.o
FLASH_WaitForLastOperation                        build/stm32g0xx_hal_flash.o
                                                  build/stm32g0xx_hal_flash_ex.o
HAL_ADCEx_Calibration_GetValue                    build/stm32g0xx_hal_adc_ex.o
HAL_ADCEx_Calibration_SetValue                    build/stm32g0xx_hal_adc_ex.o
HAL_ADCEx_Calibration_Start                       build/stm32g0xx_hal_adc_ex.o
HAL_ADCEx_ChannelConfigReadyCallback              build/stm32g0xx_hal_adc_ex.o
                                                  build/stm32g0xx_hal_adc.o
HAL_ADCEx_DisableVoltageRegulator                 build/stm32g0xx_hal_adc_ex.o
HAL_ADCEx_EndOfSamplingCallback                   build/stm32g0xx_hal_adc_ex.o
                                                  build/stm32g0xx_hal_adc.o
HAL_ADCEx_LevelOutOfWindow2Callback               build/stm32g0xx_hal_adc_ex.o
                                                  build/stm32g0xx_hal_adc.o
HAL_ADCEx_LevelOutOfWindow3Callback               build/stm32g0xx_hal_adc_ex.o
                                                  build/stm32g0xx_hal_adc.o