Archive member included to satisfy reference by file (symbol)

/usr/lib/gcc/arm-none-eabi/12.2.0/thumb/v6-m/nofp/libgcc.a(_thumb1_case_sqi.o)
                              CMakeFiles/HeartRateMonitor.elf.dir/Drivers/STM32G0xx_HAL_Driver/Src/stm32g0xx_hal_uart.c.obj (__gnu_thumb1_case_sqi)
/usr/lib/gcc/arm-none-eabi/12.2.0/thumb/v6-m/nofp/libgcc.a(_thumb1_case_uqi.o)
                              CMakeFiles/HeartRateMonitor.elf.dir/Drivers/STM32G0xx_HAL_Driver/Src/stm32g0xx_hal_dma.c.obj (__gnu_thumb1_case_uqi)
/usr/lib/gcc/arm-none-eabi/12.2.0/thumb/v6-m/nofp/libgcc.a(_udivsi3.o)
                              CMakeFiles/HeartRateMonitor.elf.dir/Core/Src/system_stm32g0xx.c.obj (__aeabi_uidiv)
/usr/lib/gcc/arm-none-eabi/12.2.0/thumb/v6-m/nofp/libgcc.a(_divsi3.o)
                              CMakeFiles/HeartRateMonitor.elf.dir/Core/Src/system_stm32g0xx.c.obj (__aeabi_idiv)
/usr/lib/gcc/arm-none-eabi/12.2.0/thumb/v6-m/nofp/libgcc.a(_dvmd_tls.o)
                              /usr/lib/gcc/arm-none-eabi/12.2.0/thumb/v6-m/nofp/libgcc.a(_udivsi3.o) (__aeabi_idiv0)
/usr/lib/gcc/arm-none-eabi/12.2.0/thumb/v6-m/nofp/libgcc.a(unwind-arm.o)
                              CMakeFiles/HeartRateMonitor.elf.dir/Core/Src/main.cpp.obj (__aeabi_unwind_cpp_pr0)
/usr/lib/gcc/arm-none-eabi/12.2.0/thumb/v6-m/nofp/libgcc.a(libunwind.o)
                              /usr/lib/gcc/arm-none-eabi/12.2.0/thumb/v6-m/nofp/libgcc.a(unwind-arm.o) (restore_core_regs)
/usr/lib/gcc/arm-none-eabi/12.2.0/thumb/v6-m/nofp/libgcc.a(pr-support.o)
                              /usr/lib/gcc/arm-none-eabi/12.2.0/thumb/v6-m/nofp/libgcc.a(unwind-arm.o) (__gnu_unwind_execute)
/usr/lib/gcc/arm-none-eabi/12.2.0/thumb/v6-m/nofp/libgcc.a(_thumb1_case_uhi.o)
                              /usr/lib/gcc/arm-none-eabi/12.2.0/thumb/v6-m/nofp/libgcc.a(unwind-arm.o) (__gnu_thumb1_case_uhi)
/usr/lib/gcc/arm-none-eabi/12.2.0/../../../../arm-none-eabi/lib/thumb/v6-m/nofp/libc.a(libc_a-abort.o)
                              /usr/lib/gcc/arm-none-eabi/12.2.0/thumb/v6-m/nofp/libgcc.a(unwind-arm.o) (abort)
/usr/lib/gcc/arm-none-eabi/12.2.0/../../../../arm-none-eabi/lib/thumb/v6-m/nofp/libc.a(libc_a-atexit.o)
                              /usr/lib/gcc/arm-none-eabi/12.2.0/../../../../arm-none-eabi/lib/thumb/v6-m/nofp/crt0.o (atexit)
/usr/lib/gcc/arm-none-eabi/12.2.0/../../../../arm-none-eabi/lib/thumb/v6-m/nofp/libc.a(libc_a-exit.o)
                              /usr/lib/gcc/arm-none-eabi/12.2.0/../../../../arm-none-eabi/lib/thumb/v6-m/nofp/crt0.o (exit)
/usr/lib/gcc/arm-none-eabi/12.2.0/../../../../arm-none-eabi/lib/thumb/v6-m/nofp/libc.a(libc_a-findfp.o)
                              /usr/lib/gcc/arm-none-eabi/12.2.0/../../../../arm-none-eabi/lib/thumb/v6-m/nofp/libc.a(libc_a-exit.o) (__stdio_exit_handler)
/usr/lib/gcc/arm-none-eabi/12.2.0/../../../../arm-none-eabi/lib/thumb/v6-m/nofp/libc.a(libc_a-fwalk.o)
                              /usr/lib/gcc/arm-none-eabi/12.2.0/../../../../arm-none-eabi/lib/thumb/v6-m/nofp/libc.a(libc_a-findfp.o) (_fwalk_sglue)
/usr/lib/gcc/arm-none-eabi/12.2.0/../../../../arm-none-eabi/lib/thumb/v6-m/nofp/libc.a(libc_a-stdio.o)
                              /usr/lib/gcc/arm-none-eabi/12.2.0/../../../../arm-none-eabi/lib/thumb/v6-m/nofp/libc.a(libc_a-findfp.o) (__sread)
/usr/lib/gcc/arm-none-eabi/12.2.0/../../../../arm-none-eabi/lib/thumb/v6-m/nofp/libc.a(libc_a-memset.o)
                              /usr/lib/gcc/arm-none-eabi/12.2.0/../../../../arm-none-eabi/lib/thumb/v6-m/nofp/crt0.o (memset)
/usr/lib/gcc/arm-none-eabi/12.2.0/../../../../arm-none-eabi/lib/thumb/v6-m/nofp/libc.a(libc_a-signal.o)
                              /usr/lib/gcc/arm-none-eabi/12.2.0/../../../../arm-none-eabi/lib/thumb/v6-m/nofp/libc.a(libc_a-abort.o) (raise)
/usr/lib/gcc/arm-none-eabi/12.2.0/../../../../arm-none-eabi/lib/thumb/v6-m/nofp/libc.a(libc_a-closer.o)
                              /usr/lib/gcc/arm-none-eabi/12.2.0/../../../../arm-none-eabi/lib/thumb/v6-m/nofp/libc.a(libc_a-stdio.o) (_close_r)
/usr/lib/gcc/arm-none-eabi/12.2.0/../../../../arm-none-eabi/lib/thumb/v6-m/nofp/libc.a(libc_a-reent.o)
                              /usr/lib/gcc/arm-none-eabi/12.2.0/../../../../arm-none-eabi/lib/thumb/v6-m/nofp/libc.a(libc_a-closer.o) (errno)
/usr/lib/gcc/arm-none-eabi/12.2.0/../../../../arm-none-eabi/lib/thumb/v6-m/nofp/libc.a(libc_a-impure.o)
                              /usr/lib/gcc/arm-none-eabi/12.2.0/../../../../arm-none-eabi/lib/thumb/v6-m/nofp/libc.a(libc_a-signal.o) (_impure_ptr)
/usr/lib/gcc/arm-none-eabi/12.2.0/../../../../arm-none-eabi/lib/thumb/v6-m/nofp/libc.a(libc_a-lseekr.o)
                              /usr/lib/gcc/arm-none-eabi/12.2.0/../../../../arm-none-eabi/lib/thumb/v6-m/nofp/libc.a(libc_a-stdio.o) (_lseek_r)
/usr/lib/gcc/arm-none-eabi/12.2.0/../../../../arm-none-eabi/lib/thumb/v6-m/nofp/libc.a(libc_a-readr.o)
[...]
Memory Configuration

Name             Origin             Length             Attributes
RAM              0x0000000020000000 0x0000000000002000 xrw
FLASH            0x0000000008000000 0x0000000000008000 xr
*default*        0x0000000000000000 0xffffffffffffffff

Linker script and memory map

LOAD /usr/lib/gcc/arm-none-eabi/12.2.0/thumb/v6-m/nofp/crti.o
LOAD /usr/lib/gcc/arm-none-eabi/12.2.0/thumb/v6-m/nofp/crtbegin.o
LOAD /usr/lib/gcc/arm-none-eabi/12.2.0/../../../../arm-none-eabi/lib/thumb/v6-m/nofp/crt0.o
LOAD CMakeFiles/HeartRateMonitor.elf.dir/Core/Src/ad5272.cpp.obj
LOAD CMakeFiles/HeartRateMonitor.elf.dir/Core/Src/adc.c.obj
LOAD CMakeFiles/HeartRateMonitor.elf.dir/Core/Src/gpio.c.obj
LOAD CMakeFiles/HeartRateMonitor.elf.dir/Core/Src/i2c.c.obj
LOAD CMakeFiles/HeartRateMonitor.elf.dir/Core/Src/logger.cpp.obj
LOAD CMakeFiles/HeartRateMonitor.elf.dir/Core/Src/main.cpp.obj
LOAD CMakeFiles/HeartRateMonitor.elf.dir/Core/Src/rtc.c.obj
LOAD CMakeFiles/HeartRateMonitor.elf.dir/Core/Src/spi.c.obj
LOAD CMakeFiles/HeartRateMonitor.elf.dir/Core/Src/stm32g0xx_hal_msp.c.obj
LOAD CMakeFiles/HeartRateMonitor.elf.dir/Core/Src/stm32g0xx_it.c.obj
LOAD CMakeFiles/HeartRateMonitor.elf.dir/Core/Src/syscalls.c.obj
LOAD CMakeFiles/HeartRateMonitor.elf.dir/Core/Src/system_stm32g0xx.c.obj
LOAD CMakeFiles/HeartRateMonitor.elf.dir/Core/Src/usart.c.obj
LOAD CMakeFiles/HeartRateMonitor.elf.dir/Drivers/STM32G0xx_HAL_Driver/Src/stm32g0xx_hal.c.obj
LOAD CMakeFiles/HeartRateMonitor.elf.dir/Drivers/STM32G0xx_HAL_Driver/Src/stm32g0xx_hal_adc.c.obj
LOAD CMakeFiles/HeartRateMonitor.elf.dir/Drivers/STM32G0xx_HAL_Driver/Src/stm32g0xx_hal_adc_ex.c.obj
LOAD CMakeFiles/HeartRateMonitor.elf.dir/Drivers/STM32G0xx_HAL_Driver/Src/stm32g0xx_hal_cortex.c.obj
LOAD CMakeFiles/HeartRateMonitor.elf.dir/Drivers/STM32G0xx_HAL_Driver/Src/stm32g0xx_hal_dma.c.obj
LOAD CMakeFiles/HeartRateMonitor.elf.dir/Drivers/STM32G0xx_HAL_Driver/Src/stm32g0xx_hal_dma_ex.c.obj
LOAD CMakeFiles/HeartRateMonitor.elf.dir/Drivers/STM32G0xx_HAL_Driver/Src/stm32g0xx_hal_exti.c.obj
LOAD CMakeFiles/HeartRateMonitor.elf.dir/Drivers/STM32G0xx_HAL_Driver/Src/stm32g0xx_hal_flash.c.obj
LOAD CMakeFiles/HeartRateMonitor.elf.dir/Drivers/STM32G0xx_HAL_Driver/Src/stm32g0xx_hal_flash_ex.c.obj
LOAD CMakeFiles/HeartRateMonitor.elf.dir/Drivers/STM32G0xx_HAL_Driver/Src/stm32g0xx_hal_gpio.c.obj
LOAD CMakeFiles/HeartRateMonitor.elf.dir/Drivers/STM32G0xx_HAL_Driver/Src/stm32g0xx_hal_i2c.c.obj
LOAD CMakeFiles/HeartRateMonitor.elf.dir/Drivers/STM32G0xx_HAL_Driver/Src/stm32g0xx_hal_i2c_ex.c.obj
LOAD CMakeFiles/HeartRateMonitor.elf.dir/Drivers/STM32G0xx_HAL_Driver/Src/stm32g0xx_hal_pwr.c.obj
LOAD CMakeFiles/HeartRateMonitor.elf.dir/Drivers/STM32G0xx_HAL_Driver/Src/stm32g0xx_hal_pwr_ex.c.obj
LOAD CMakeFiles/HeartRateMonitor.elf.dir/Drivers/STM32G0xx_HAL_Driver/Src/stm32g0xx_hal_rcc.c.obj
LOAD CMakeFiles/HeartRateMonitor.elf.dir/Drivers/STM32G0xx_HAL_Driver/Src/stm32g0xx_hal_rcc_ex.c.obj
LOAD CMakeFiles/HeartRateMonitor.elf.dir/Drivers/STM32G0xx_HAL_Driver/Src/stm32g0xx_hal_rtc.c.obj
LOAD CMakeFiles/HeartRateMonitor.elf.dir/Drivers/STM32G0xx_HAL_Driver/Src/stm32g0xx_hal_rtc_ex.c.obj
LOAD CMakeFiles/HeartRateMonitor.elf.dir/Drivers/STM32G0xx_HAL_Driver/Src/stm32g0xx_hal_spi.c.obj
LOAD CMakeFiles/HeartRateMonitor.elf.dir/Drivers/STM32G0xx_HAL_Driver/Src/stm32g0xx_hal_spi_ex.c.obj
LOAD CMakeFiles/HeartRateMonitor.elf.dir/Drivers/STM32G0xx_HAL_Driver/Src/stm32g0xx_hal_tim.c.obj
LOAD CMakeFiles/HeartRateMonitor.elf.dir/Drivers/STM32G0xx_HAL_Driver/Src/stm32g0xx_hal_tim_ex.c.obj
LOAD CMakeFiles/HeartRateMonitor.elf.dir/Drivers/STM32G0xx_HAL_Driver/Src/stm32g0xx_hal_uart.c.obj
LOAD CMakeFiles/HeartRateMonitor.elf.dir/Drivers/STM32G0xx_HAL_Driver/Src/stm32g0xx_hal_uart_ex.c.obj
LOAD CMakeFiles/HeartRateMonitor.elf.dir/Drivers/STM32G0xx_HAL_Driver/Src/stm32g0xx_ll_adc.c.obj
LOAD CMakeFiles/HeartRateMonitor.elf.dir/Drivers/STM32G0xx_HAL_Driver/Src/stm32g0xx_ll_dma.c.obj
LOAD CMakeFiles/HeartRateMonitor.elf.dir/Drivers/STM32G0xx_HAL_Driver/Src/stm32g0xx_ll_rcc.c.obj
LOAD CMakeFiles/HeartRateMonitor.elf.dir/startup/startup_stm32g030xx.s.obj
LOAD /usr/lib/gcc/arm-none-eabi/12.2.0/../../../../arm-none-eabi/lib/thumb/v6-m/nofp/libstdc++.a
LOAD /usr/lib/gcc/arm-none-eabi/12.2.0/../../../../arm-none-eabi/lib/thumb/v6-m/nofp/libm.a
START GROUP
LOAD /usr/lib/gcc/arm-none-eabi/12.2.0/thumb/v6-m/nofp/libgcc.a
LOAD /usr/lib/gcc/arm-none-eabi/12.2.0/../../../../arm-none-eabi/lib/thumb/v6-m/nofp/libc.a
END GROUP
LOAD /usr/lib/gcc/arm-none-eabi/12.2.0/thumb/v6-m/nofp/crtend.o
LOAD /usr/lib/gcc/arm-none-eabi/12.2.0/thumb/v6-m/nofp/crtn.o
                0x0000000020002000                _estack = 0x20002000
                0x0000000000000200                _Min_Heap_Size = 0x200
                0x0000000000000400                _Min_Stack_Size = 0x400

.isr_vector     0x0000000008000000       0xb8
                0x0000000008000000                . = ALIGN (0x4)
 *(.isr_vector)
 .isr_vector    0x0000000008000000       0xb8 CMakeFiles/HeartRateMonitor.elf.dir/startup/startup_stm32g030xx.s.obj
                0x0000000008000000                g_pfnVectors
                0x00000000080000b8                . = ALIGN (0x4)

.text           0x00000000080000b8     0x2ee8
                0x00000000080000b8                . = ALIGN (0x4)
 *(.text)
 .text          0x00000000080000b8       0x14 /usr/lib/gcc/arm-none-eabi/12.2.0/thumb/v6-m/nofp/libgcc.a(_thumb1_case_sqi.o)
                0x00000000080000b8                __gnu_thumb1_case_sqi
 .text          0x00000000080000cc       0x14 /usr/lib/gcc/arm-none-eabi/12.2.0/thumb/v6-m/nofp/libgcc.a(_thumb1_case_uqi.o)
                0x00000000080000cc                __gnu_thumb1_case_uqi
 .text          0x00000000080000e0       0x8c /usr/lib/gcc/arm-none-eabi/12.2.0/thumb/v6-m/nofp/libgcc.a(_udivsi3.o)
                0x00000000080000e0                __udivsi3
                0x00000000080000e0                __aeabi_uidiv
                0x0000000008000158                __aeabi_uidivmod
 .text          0x000000000800016c       0xa8 /usr/lib/gcc/arm-none-eabi/12.2.0/thumb/v6-m/nofp/libgcc.a(_divsi3.o)
                0x000000000800016c                __aeabi_idiv
                0x000000000800016c                __divsi3
                0x0000000008000200                __aeabi_idivmod
 .text          0x0000000008000214        0x4 /usr/lib/gcc/arm-none-eabi/12.2.0/thumb/v6-m/nofp/libgcc.a(_dvmd_tls.o)
                0x0000000008000214                __aeabi_ldiv0
                0x0000000008000214                __aeabi_idiv0
 .text          0x0000000008000218      0x144 /usr/lib/gcc/arm-none-eabi/12.2.0/thumb/v6-m/nofp/libgcc.a(libunwind.o)
                0x0000000008000218                __restore_core_regs
                0x0000000008000218                restore_core_regs
                0x0000000008000244                __gnu_Unwind_Restore_VFP
                0x0000000008000248                __gnu_Unwind_Save_VFP
                0x000000000800024c                __gnu_Unwind_Restore_VFP_D
                0x0000000008000250                __gnu_Unwind_Save_VFP_D
                0x0000000008000254                __gnu_Unwind_Restore_VFP_D_16_to_31
                0x0000000008000258                __gnu_Unwind_Save_VFP_D_16_to_31
                0x000000000800025c                __gnu_Unwind_Restore_WMMXD
                0x0000000008000260                __gnu_Unwind_Save_WMMXD
                0x0000000008000264                __gnu_Unwind_Restore_WMMXC
                0x0000000008000268                __gnu_Unwind_Save_WMMXC
                0x000000000800026c                ___Unwind_RaiseException
                0x000000000800026c                _Unwind_RaiseException
                0x000000000800029c                ___Unwind_Resume
                0x000000000800029c                _Unwind_Resume
                0x00000000080002cc                _Unwind_Resume_or_Rethrow
                0x00000000080002cc                ___Unwind_Resume_or_Rethrow
                0x00000000080002fc                ___Unwind_ForcedUnwind
                0x00000000080002fc                _Unwind_ForcedUnwind
                0x000000000800032c                _Unwind_Backtrace
                0x000000000800032c                ___Unwind_Backtrace
 .text          0x000000000800035c       0x14 /usr/lib/gcc/arm-none-eabi/12.2.0/thumb/v6-m/nofp/libgcc.a(_thumb1_case_uhi.o)
                0x000000000800035c                __gnu_thumb1_case_uhi
 *(.text*)
 .text.__do_global_dtors_aux
                0x0000000008000370       0x28 /usr/lib/gcc/arm-none-eabi/12.2.0/thumb/v6-m/nofp/crtbegin.o
 .text.frame_dummy
                0x0000000008000398       0x20 /usr/lib/gcc/arm-none-eabi/12.2.0/thumb/v6-m/nofp/crtbegin.o
 .text._ZN6AD5272C2ENS_14AD5272AddrModeEP19__I2C_HandleTypeDef6Logger
                0x00000000080003b8        0x8 CMakeFiles/HeartRateMonitor.elf.dir/Core/Src/ad5272.cpp.obj
                0x00000000080003b8                AD5272::AD5272(AD5272::AD5272AddrMode, __I2C_HandleTypeDef*, Logger)
                0x00000000080003b8                AD5272::AD5272(AD5272::AD5272AddrMode, __I2C_HandleTypeDef*, Logger)
 .text.MX_ADC1_Init
                0x00000000080003c0       0x78 CMakeFiles/HeartRateMonitor.elf.dir/Core/Src/adc.c.obj
                0x00000000080003c0                MX_ADC1_Init
 .text.HAL_ADC_MspInit
                0x0000000008000438       0x7c CMakeFiles/HeartRateMonitor.elf.dir/Core/Src/adc.c.obj
                0x0000000008000438                HAL_ADC_MspInit
 .text.MX_GPIO_Init
                0x00000000080004b4       0xac CMakeFiles/HeartRateMonitor.elf.dir/Core/Src/gpio.c.obj
                0x00000000080004b4                MX_GPIO_Init
 .text.MX_I2C2_Init
                0x0000000008000560       0x5c CMakeFiles/HeartRateMonitor.elf.dir/Core/Src/i2c.c.obj
                0x0000000008000560                MX_I2C2_Init
 .text.HAL_I2C_MspInit
                0x00000000080005bc       0x60 CMakeFiles/HeartRateMonitor.elf.dir/Core/Src/i2c.c.obj
                0x00000000080005bc                HAL_I2C_MspInit
 .text._ZN6LoggerC2EP20__UART_HandleTypeDef
                0x000000000800061c        0x4 CMakeFiles/HeartRateMonitor.elf.dir/Core/Src/logger.cpp.obj
                0x000000000800061c                Logger::Logger(__UART_HandleTypeDef*)
                0x000000000800061c                Logger::Logger(__UART_HandleTypeDef*)
 .text._Z18SystemClock_Configv
                0x0000000008000620       0x60 CMakeFiles/HeartRateMonitor.elf.dir/Core/Src/main.cpp.obj
                0x0000000008000620                SystemClock_Config()
 .text.startup.main
                0x0000000008000680       0x40 CMakeFiles/HeartRateMonitor.elf.dir/Core/Src/main.cpp.obj
                0x0000000008000680                main
 .text.Error_Handler
                0x00000000080006c0        0x4 CMakeFiles/HeartRateMonitor.elf.dir/Core/Src/main.cpp.obj
                0x00000000080006c0                Error_Handler
 .text.MX_RTC_Init
                0x00000000080006c4       0x38 CMakeFiles/HeartRateMonitor.elf.dir/Core/Src/rtc.c.obj
                0x00000000080006c4                MX_RTC_Init
 .text.HAL_RTC_MspInit
                0x00000000080006fc       0x5c CMakeFiles/HeartRateMonitor.elf.dir/Core/Src/rtc.c.obj
                0x00000000080006fc                HAL_RTC_MspInit
 .text.MX_SPI1_Init
                0x0000000008000758       0x4c CMakeFiles/HeartRateMonitor.elf.dir/Core/Src/spi.c.obj
                0x0000000008000758                MX_SPI1_Init
 .text.HAL_SPI_MspInit
                0x00000000080007a4       0x5c CMakeFiles/HeartRateMonitor.elf.dir/Core/Src/spi.c.obj
                0x00000000080007a4                HAL_SPI_MspInit
 .text.HAL_MspInit
                0x0000000008000800       0x30 CMakeFiles/HeartRateMonitor.elf.dir/Core/Src/stm32g0xx_hal_msp.c.obj
                0x0000000008000800                HAL_MspInit
 .text.NMI_Handler
                0x0000000008000830        0x2 CMakeFiles/HeartRateMonitor.elf.dir/Core/Src/stm32g0xx_it.c.obj
                0x0000000008000830                NMI_Handler
 .text.HardFault_Handler
                0x0000000008000832        0x2 CMakeFiles/HeartRateMonitor.elf.dir/Core/Src/stm32g0xx_it.c.obj
                0x0000000008000832                HardFault_Handler
 .text.SVC_Handler
                0x0000000008000834        0x2 CMakeFiles/HeartRateMonitor.elf.dir/Core/Src/stm32g0xx_it.c.obj
                0x0000000008000834                SVC_Handler
 .text.PendSV_Handler
                0x0000000008000836        0x2 CMakeFiles/HeartRateMonitor.elf.dir/Core/Src/stm32g0xx_it.c.obj
                0x0000000008000836                PendSV_Handler
 .text.SysTick_Handler
                0x0000000008000838        0x8 CMakeFiles/HeartRateMonitor.elf.dir/Core/Src/stm32g0xx_it.c.obj
                0x0000000008000838                SysTick_Handler
 .text._getpid  0x0000000008000840        0x4 CMakeFiles/HeartRateMonitor.elf.dir/Core/Src/syscalls.c.obj
                0x0000000008000840                _getpid
 .text._kill    0x0000000008000844       0x10 CMakeFiles/HeartRateMonitor.elf.dir/Core/Src/syscalls.c.obj
                0x0000000008000844                _kill
 .text._exit    0x0000000008000854        0xc CMakeFiles/HeartRateMonitor.elf.dir/Core/Src/syscalls.c.obj
                0x0000000008000854                _exit
 .text.SystemInit
                0x0000000008000860        0x2 CMakeFiles/HeartRateMonitor.elf.dir/Core/Src/system_stm32g0xx.c.obj
                0x0000000008000860                SystemInit
 *fill*         0x0000000008000862        0x2 
 .text.MX_USART1_UART_Init
                0x0000000008000864       0x6c CMakeFiles/HeartRateMonitor.elf.dir/Core/Src/usart.c.obj
                0x0000000008000864                MX_USART1_UART_Init
 .text.HAL_UART_MspInit
                0x00000000080008d0       0x80 CMakeFiles/HeartRateMonitor.elf.dir/Core/Src/usart.c.obj
                0x00000000080008d0                HAL_UART_MspInit
 .text.HAL_InitTick
                0x0000000008000950       0x50 CMakeFiles/HeartRateMonitor.elf.dir/Drivers/STM32G0xx_HAL_Driver/Src/stm32g0xx_hal.c.obj
                0x0000000008000950                HAL_InitTick
 .text.HAL_Init
                0x00000000080009a0       0x28 CMakeFiles/HeartRateMonitor.elf.dir/Drivers/STM32G0xx_HAL_Driver/Src/stm32g0xx_hal.c.obj
                0x00000000080009a0                HAL_Init
 .text.HAL_IncTick
                0x00000000080009c8       0x18 CMakeFiles/HeartRateMonitor.elf.dir/Drivers/STM32G0xx_HAL_Driver/Src/stm32g0xx_hal.c.obj
                0x00000000080009c8                HAL_IncTick
 .text.HAL_GetTick
                0x00000000080009e0        0xc CMakeFiles/HeartRateMonitor.elf.dir/Drivers/STM32G0xx_HAL_Driver/Src/stm32g0xx_hal.c.obj
                0x00000000080009e0                HAL_GetTick
 .text.LL_ADC_REG_IsConversionOngoing
                0x00000000080009ec        0x8 CMakeFiles/HeartRateMonitor.elf.dir/Drivers/STM32G0xx_HAL_Driver/Src/stm32g0xx_hal_adc.c.obj
 .text.HAL_ADC_Init
                0x00000000080009f4      0x220 CMakeFiles/HeartRateMonitor.elf.dir/Drivers/STM32G0xx_HAL_Driver/Src/stm32g0xx_hal_adc.c.obj
                0x00000000080009f4                HAL_ADC_Init
 .text.HAL_ADC_ConfigChannel
                0x0000000008000c14      0x22c CMakeFiles/HeartRateMonitor.elf.dir/Drivers/STM32G0xx_HAL_Driver/Src/stm32g0xx_hal_adc.c.obj
                0x0000000008000c14                HAL_ADC_ConfigChannel
 .text.HAL_NVIC_SetPriority
                0x0000000008000e40       0x54 CMakeFiles/HeartRateMonitor.elf.dir/Drivers/STM32G0xx_HAL_Driver/Src/stm32g0xx_hal_cortex.c.obj
                0x0000000008000e40                HAL_NVIC_SetPriority
 .text.HAL_SYSTICK_Config
                0x0000000008000e94       0x34 CMakeFiles/HeartRateMonitor.elf.dir/Drivers/STM32G0xx_HAL_Driver/Src/stm32g0xx_hal_cortex.c.obj
                0x0000000008000e94                HAL_SYSTICK_Config
 .text.HAL_GPIO_Init
                0x0000000008000ec8      0x170 CMakeFiles/HeartRateMonitor.elf.dir/Drivers/STM32G0xx_HAL_Driver/Src/stm32g0xx_hal_gpio.c.obj
                0x0000000008000ec8                HAL_GPIO_Init
 .text.HAL_GPIO_WritePin
                0x0000000008001038        0xc CMakeFiles/HeartRateMonitor.elf.dir/Drivers/STM32G0xx_HAL_Driver/Src/stm32g0xx_hal_gpio.c.obj
                0x0000000008001038                HAL_GPIO_WritePin
 .text.HAL_I2C_Init
                0x0000000008001044       0xac CMakeFiles/HeartRateMonitor.elf.dir/Drivers/STM32G0xx_HAL_Driver/Src/stm32g0xx_hal_i2c.c.obj
                0x0000000008001044                HAL_I2C_Init
 .text.HAL_I2CEx_ConfigAnalogFilter
                0x00000000080010f0       0x4c CMakeFiles/HeartRateMonitor.elf.dir/Drivers/STM32G0xx_HAL_Driver/Src/stm32g0xx_hal_i2c_ex.c.obj
                0x00000000080010f0                HAL_I2CEx_ConfigAnalogFilter
 .text.HAL_I2CEx_ConfigDigitalFilter
                0x000000000800113c       0x48 CMakeFiles/HeartRateMonitor.elf.dir/Drivers/STM32G0xx_HAL_Driver/Src/stm32g0xx_hal_i2c_ex.c.obj
                0x000000000800113c                HAL_I2CEx_ConfigDigitalFilter
 .text.HAL_PWREx_ControlVoltageScaling
                0x0000000008001184       0x58 CMakeFiles/HeartRateMonitor.elf.dir/Drivers/STM32G0xx_HAL_Driver/Src/stm32g0xx_hal_pwr_ex.c.obj
                0x0000000008001184                HAL_PWREx_ControlVoltageScaling
 .text.HAL_RCC_OscConfig
                0x00000000080011dc      0x438 CMakeFiles/HeartRateMonitor.elf.dir/Drivers/STM32G0xx_HAL_Driver/Src/stm32g0xx_hal_rcc.c.obj
                0x00000000080011dc                HAL_RCC_OscConfig
 .text.HAL_RCC_GetSysClockFreq
                0x0000000008001614       0x88 CMakeFiles/HeartRateMonitor.elf.dir/Drivers/STM32G0xx_HAL_Driver/Src/stm32g0xx_hal_rcc.c.obj
                0x0000000008001614                HAL_RCC_GetSysClockFreq
 .text.HAL_RCC_ClockConfig
                0x000000000800169c      0x15c CMakeFiles/HeartRateMonitor.elf.dir/Drivers/STM32G0xx_HAL_Driver/Src/stm32g0xx_hal_rcc.c.obj
                0x000000000800169c                HAL_RCC_ClockConfig
 .text.HAL_RCC_GetPCLK1Freq
                0x00000000080017f8       0x28 CMakeFiles/HeartRateMonitor.elf.dir/Drivers/STM32G0xx_HAL_Driver/Src/stm32g0xx_hal_rcc.c.obj
                0x00000000080017f8                HAL_RCC_GetPCLK1Freq
 .text.HAL_RCCEx_PeriphCLKConfig
                0x0000000008001820      0x154 CMakeFiles/HeartRateMonitor.elf.dir/Drivers/STM32G0xx_HAL_Driver/Src/stm32g0xx_hal_rcc_ex.c.obj
                0x0000000008001820                HAL_RCCEx_PeriphCLKConfig
 .text.HAL_RTC_WaitForSynchro
                0x0000000008001974       0x34 CMakeFiles/HeartRateMonitor.elf.dir/Drivers/STM32G0xx_HAL_Driver/Src/stm32g0xx_hal_rtc.c.obj
                0x0000000008001974                HAL_RTC_WaitForSynchro
 .text.RTC_EnterInitMode
                0x00000000080019a8       0x50 CMakeFiles/HeartRateMonitor.elf.dir/Drivers/STM32G0xx_HAL_Driver/Src/stm32g0xx_hal_rtc.c.obj
                0x00000000080019a8                RTC_EnterInitMode
 .text.RTC_ExitInitMode
                0x00000000080019f8       0x48 CMakeFiles/HeartRateMonitor.elf.dir/Drivers/STM32G0xx_HAL_Driver/Src/stm32g0xx_hal_rtc.c.obj
                0x00000000080019f8                RTC_ExitInitMode
 .text.HAL_RTC_Init
                0x0000000008001a40       0xa8 CMakeFiles/HeartRateMonitor.elf.dir/Drivers/STM32G0xx_HAL_Driver/Src/stm32g0xx_hal_rtc.c.obj
                0x0000000008001a40                HAL_RTC_Init
 .text.HAL_SPI_Init
                0x0000000008001ae8       0xf0 CMakeFiles/HeartRateMonitor.elf.dir/Drivers/STM32G0xx_HAL_Driver/Src/stm32g0xx_hal_spi.c.obj
                0x0000000008001ae8                HAL_SPI_Init
 .text.UART_SetConfig
                0x0000000008001bd8      0x160 CMakeFiles/HeartRateMonitor.elf.dir/Drivers/STM32G0xx_HAL_Driver/Src/stm32g0xx_hal_uart.c.obj
                0x0000000008001bd8                UART_SetConfig
 .text.UART_AdvFeatureConfig
                0x0000000008001d38       0xd0 CMakeFiles/HeartRateMonitor.elf.dir/Drivers/STM32G0xx_HAL_Driver/Src/stm32g0xx_hal_uart.c.obj
                0x0000000008001d38                UART_AdvFeatureConfig
 .text.UART_WaitOnFlagUntilTimeout
                0x0000000008001e08       0xcc CMakeFiles/HeartRateMonitor.elf.dir/Drivers/STM32G0xx_HAL_Driver/Src/stm32g0xx_hal_uart.c.obj
                0x0000000008001e08                UART_WaitOnFlagUntilTimeout
 .text.UART_CheckIdleState
                0x0000000008001ed4       0x6c CMakeFiles/HeartRateMonitor.elf.dir/Drivers/STM32G0xx_HAL_Driver/Src/stm32g0xx_hal_uart.c.obj
                0x0000000008001ed4                UART_CheckIdleState
 .text.HAL_UART_Init
                0x0000000008001f40       0x68 CMakeFiles/HeartRateMonitor.elf.dir/Drivers/STM32G0xx_HAL_Driver/Src/stm32g0xx_hal_uart.c.obj
                0x0000000008001f40                HAL_UART_Init
 .text.UARTEx_SetNbDataToProcess
                0x0000000008001fa8       0x50 CMakeFiles/HeartRateMonitor.elf.dir/Drivers/STM32G0xx_HAL_Driver/Src/stm32g0xx_hal_uart_ex.c.obj
 .text.HAL_UARTEx_DisableFifoMode
                0x0000000008001ff8       0x3c CMakeFiles/HeartRateMonitor.elf.dir/Drivers/STM32G0xx_HAL_Driver/Src/stm32g0xx_hal_uart_ex.c.obj
                0x0000000008001ff8                HAL_UARTEx_DisableFifoMode
 .text.HAL_UARTEx_SetTxFifoThreshold
                0x0000000008002034       0x40 CMakeFiles/HeartRateMonitor.elf.dir/Drivers/STM32G0xx_HAL_Driver/Src/stm32g0xx_hal_uart_ex.c.obj
                0x0000000008002034                HAL_UARTEx_SetTxFifoThreshold
 .text.HAL_UARTEx_SetRxFifoThreshold
                0x0000000008002074       0x44 CMakeFiles/HeartRateMonitor.elf.dir/Drivers/STM32G0xx_HAL_Driver/Src/stm32g0xx_hal_uart_ex.c.obj
                0x0000000008002074                HAL_UARTEx_SetRxFifoThreshold
 .text.Reset_Handler
                0x00000000080020b8       0x50 CMakeFiles/HeartRateMonitor.elf.dir/startup/startup_stm32g030xx.s.obj
                0x00000000080020b8                Reset_Handler
 .text.Default_Handler
                0x0000000008002108        0x2 CMakeFiles/HeartRateMonitor.elf.dir/startup/startup_stm32g030xx.s.obj
                0x0000000008002108                TIM1_CC_IRQHandler
                0x0000000008002108                I2C1_IRQHandler
                0x0000000008002108                RTC_TAMP_IRQHandler
                0x0000000008002108                SPI1_IRQHandler
                0x0000000008002108                DMA1_Ch4_5_DMAMUX1_OVR_IRQHandler
                0x0000000008002108                EXTI2_3_IRQHandler
                0x0000000008002108                ADC1_IRQHandler
                0x0000000008002108                I2C2_IRQHandler
                0x0000000008002108                TIM17_IRQHandler
                0x0000000008002108                TIM16_IRQHandler
                0x0000000008002108                TIM3_IRQHandler
                0x0000000008002108                EXTI4_15_IRQHandler
                0x0000000008002108                RCC_IRQHandler
                0x0000000008002108                DMA1_Channel1_IRQHandler
                0x0000000008002108                Default_Handler
                0x0000000008002108                TIM14_IRQHandler
                0x0000000008002108                EXTI0_1_IRQHandler
                0x0000000008002108                SPI2_IRQHandler
                0x0000000008002108                WWDG_IRQHandler
                0x0000000008002108                DMA1_Channel2_3_IRQHandler
                0x0000000008002108                USART2_IRQHandler
                0x0000000008002108                FLASH_IRQHandler
                0x0000000008002108                USART1_IRQHandler
                0x0000000008002108                TIM1_BRK_UP_TRG_COM_IRQHandler
 .text.selfrel_offset31
                0x000000000800210a       0x16 /usr/lib/gcc/arm-none-eabi/12.2.0/thumb/v6-m/nofp/libgcc.a(unwind-arm.o)
 .text.search_EIT_table
                0x0000000008002120       0x66 /usr/lib/gcc/arm-none-eabi/12.2.0/thumb/v6-m/nofp/libgcc.a(unwind-arm.o)
 *fill*         0x0000000008002186        0x2 
 .text.__gnu_unwind_get_pr_addr
                0x0000000008002188       0x24 /usr/lib/gcc/arm-none-eabi/12.2.0/thumb/v6-m/nofp/libgcc.a(unwind-arm.o)
 .text.get_eit_entry
                0x00000000080021ac       0x88 /usr/lib/gcc/arm-none-eabi/12.2.0/thumb/v6-m/nofp/libgcc.a(unwind-arm.o)
 .text.restore_non_core_regs
                0x0000000008002234       0x4a /usr/lib/gcc/arm-none-eabi/12.2.0/thumb/v6-m/nofp/libgcc.a(unwind-arm.o)
 .text._Unwind_decode_typeinfo_ptr.constprop.0
                0x000000000800227e        0xc /usr/lib/gcc/arm-none-eabi/12.2.0/thumb/v6-m/nofp/libgcc.a(unwind-arm.o)
 .text._Unwind_DebugHook
                0x000000000800228a        0x2 /usr/lib/gcc/arm-none-eabi/12.2.0/thumb/v6-m/nofp/libgcc.a(unwind-arm.o)
 .text.unwind_phase2
                0x000000000800228c       0x3a /usr/lib/gcc/arm-none-eabi/12.2.0/thumb/v6-m/nofp/libgcc.a(unwind-arm.o)
 *fill*         0x00000000080022c6        0x2 
 .text.unwind_phase2_forced
                0x00000000080022c8       0xb4 /usr/lib/gcc/arm-none-eabi/12.2.0/thumb/v6-m/nofp/libgcc.a(unwind-arm.o)
 .text.__gnu_Unwind_RaiseException
                0x000000000800237c       0x4e /usr/lib/gcc/arm-none-eabi/12.2.0/thumb/v6-m/nofp/libgcc.a(unwind-arm.o)
                0x000000000800237c                __gnu_Unwind_RaiseException
 .text.__gnu_Unwind_ForcedUnwind
                0x00000000080023ca       0x14 /usr/lib/gcc/arm-none-eabi/12.2.0/thumb/v6-m/nofp/libgcc.a(unwind-arm.o)
                0x00000000080023ca                __gnu_Unwind_ForcedUnwind
 .text.__gnu_Unwind_Resume
                0x00000000080023de       0x42 /usr/lib/gcc/arm-none-eabi/12.2.0/thumb/v6-m/nofp/libgcc.a(unwind-arm.o)
                0x00000000080023de                __gnu_Unwind_Resume
 .text.__gnu_Unwind_Resume_or_Rethrow
                0x0000000008002420       0x1a /usr/lib/gcc/arm-none-eabi/12.2.0/thumb/v6-m/nofp/libgcc.a(unwind-arm.o)
                0x0000000008002420                __gnu_Unwind_Resume_or_Rethrow
 .text._Unwind_VRS_Get
                0x000000000800243a       0x34 /usr/lib/gcc/arm-none-eabi/12.2.0/thumb/v6-m/nofp/libgcc.a(unwind-arm.o)
                0x000000000800243a                _Unwind_VRS_Get
 .text._Unwind_GetGR
                0x000000000800246e       0x16 /usr/lib/gcc/arm-none-eabi/12.2.0/thumb/v6-m/nofp/libgcc.a(unwind-arm.o)
 .text._Unwind_VRS_Set
                0x0000000008002484       0x34 /usr/lib/gcc/arm-none-eabi/12.2.0/thumb/v6-m/nofp/libgcc.a(unwind-arm.o)
                0x0000000008002484                _Unwind_VRS_Set
 .text._Unwind_SetGR
                0x00000000080024b8       0x16 /usr/lib/gcc/arm-none-eabi/12.2.0/thumb/v6-m/nofp/libgcc.a(unwind-arm.o)
 *fill*         0x00000000080024ce        0x2 
 .text.__gnu_Unwind_Backtrace
                0x00000000080024d0       0x68 /usr/lib/gcc/arm-none-eabi/12.2.0/thumb/v6-m/nofp/libgcc.a(unwind-arm.o)
                0x00000000080024d0                __gnu_Unwind_Backtrace
 .text.__gnu_unwind_pr_common
                0x0000000008002538      0x244 /usr/lib/gcc/arm-none-eabi/12.2.0/thumb/v6-m/nofp/libgcc.a(unwind-arm.o)
 .text.__aeabi_unwind_cpp_pr0
                0x000000000800277c        0xa /usr/lib/gcc/arm-none-eabi/12.2.0/thumb/v6-m/nofp/libgcc.a(unwind-arm.o)
                0x000000000800277c                __aeabi_unwind_cpp_pr0
 .text.__aeabi_unwind_cpp_pr1
                0x0000000008002786        0xa /usr/lib/gcc/arm-none-eabi/12.2.0/thumb/v6-m/nofp/libgcc.a(unwind-arm.o)
                0x0000000008002786                __aeabi_unwind_cpp_pr1
 .text.__aeabi_unwind_cpp_pr2
                0x0000000008002790        0xa /usr/lib/gcc/arm-none-eabi/12.2.0/thumb/v6-m/nofp/libgcc.a(unwind-arm.o)
                0x0000000008002790                __aeabi_unwind_cpp_pr2
 .text._Unwind_VRS_Pop
                0x000000000800279a      0x244 /usr/lib/gcc/arm-none-eabi/12.2.0/thumb/v6-m/nofp/libgcc.a(unwind-arm.o)
                0x000000000800279a                _Unwind_VRS_Pop
 .text.next_unwind_byte
                0x00000000080029de       0x32 /usr/lib/gcc/arm-none-eabi/12.2.0/thumb/v6-m/nofp/libgcc.a(pr-support.o)
 .text.__gnu_unwind_execute
                0x0000000008002a10      0x250 /usr/lib/gcc/arm-none-eabi/12.2.0/thumb/v6-m/nofp/libgcc.a(pr-support.o)
                0x0000000008002a10                __gnu_unwind_execute
 .text.abort    0x0000000008002c60       0x10 /usr/lib/gcc/arm-none-eabi/12.2.0/../../../../arm-none-eabi/lib/thumb/v6-m/nofp/libc.a(libc_a-abort.o)
                0x0000000008002c60                abort
 .text.atexit   0x0000000008002c70       0x10 /usr/lib/gcc/arm-none-eabi/12.2.0/../../../../arm-none-eabi/lib/thumb/v6-m/nofp/libc.a(libc_a-atexit.o)
                0x0000000008002c70                atexit
 .text.memset   0x0000000008002c80       0xa8 /usr/lib/gcc/arm-none-eabi/12.2.0/../../../../arm-none-eabi/lib/thumb/v6-m/nofp/libc.a(libc_a-memset.o)
                0x0000000008002c80                memset
 .text.raise    0x0000000008002d28       0x5c /usr/lib/gcc/arm-none-eabi/12.2.0/../../../../arm-none-eabi/lib/thumb/v6-m/nofp/libc.a(libc_a-signal.o)
                0x0000000008002d28                raise
 .text._kill_r  0x0000000008002d84       0x28 /usr/lib/gcc/arm-none-eabi/12.2.0/../../../../arm-none-eabi/lib/thumb/v6-m/nofp/libc.a(libc_a-signalr.o)
                0x0000000008002d84                _kill_r
 .text._getpid_r
                0x0000000008002dac        0x8 /usr/lib/gcc/arm-none-eabi/12.2.0/../../../../arm-none-eabi/lib/thumb/v6-m/nofp/libc.a(libc_a-signalr.o)
                0x0000000008002dac                _getpid_r
 .text.__errno  0x0000000008002db4        0xc /usr/lib/gcc/arm-none-eabi/12.2.0/../../../../arm-none-eabi/lib/thumb/v6-m/nofp/libc.a(libc_a-errno.o)
                0x0000000008002db4                __errno
 .text.__libc_init_array
                0x0000000008002dc0       0x48 /usr/lib/gcc/arm-none-eabi/12.2.0/../../../../arm-none-eabi/lib/thumb/v6-m/nofp/libc.a(libc_a-init.o)
                0x0000000008002dc0                __libc_init_array
 .text.__libc_fini_array
                0x0000000008002e08       0x28 /usr/lib/gcc/arm-none-eabi/12.2.0/../../../../arm-none-eabi/lib/thumb/v6-m/nofp/libc.a(libc_a-fini.o)
                0x0000000008002e08                __libc_fini_array
 .text.__retarget_lock_acquire_recursive
                0x0000000008002e30        0x4 /usr/lib/gcc/arm-none-eabi/12.2.0/../../../../arm-none-eabi/lib/thumb/v6-m/nofp/libc.a(libc_a-lock.o)
                0x0000000008002e30                __retarget_lock_acquire_recursive
 .text.__retarget_lock_release_recursive
                0x0000000008002e34        0x4 /usr/lib/gcc/arm-none-eabi/12.2.0/../../../../arm-none-eabi/lib/thumb/v6-m/nofp/libc.a(libc_a-lock.o)
                0x0000000008002e34                __retarget_lock_release_recursive
 .text.memcpy   0x0000000008002e38       0x90 /usr/lib/gcc/arm-none-eabi/12.2.0/../../../../arm-none-eabi/lib/thumb/v6-m/nofp/libc.a(libc_a-memcpy-stub.o)
                0x0000000008002e38                memcpy
 .text.__register_exitproc
                0x0000000008002ec8       0xa8 /usr/lib/gcc/arm-none-eabi/12.2.0/../../../../arm-none-eabi/lib/thumb/v6-m/nofp/libc.a(libc_a-__atexit.o)
                0x0000000008002ec8                __register_exitproc
 .text.startup.register_fini
                0x0000000008002f70       0x18 /usr/lib/gcc/arm-none-eabi/12.2.0/../../../../arm-none-eabi/lib/thumb/v6-m/nofp/libc.a(libc_a-__call_atexit.o)
 *(.glue_7)
 .glue_7        0x0000000008002f88        0x0 linker stubs
 *(.glue_7t)
 .glue_7t       0x0000000008002f88        0x0 linker stubs
 *(.eh_frame)
 .eh_frame      0x0000000008002f88        0x0 /usr/lib/gcc/arm-none-eabi/12.2.0/thumb/v6-m/nofp/crtbegin.o
 *(.init)
 .init          0x0000000008002f88        0x4 /usr/lib/gcc/arm-none-eabi/12.2.0/thumb/v6-m/nofp/crti.o
                0x0000000008002f88                _init
 .init          0x0000000008002f8c        0x8 /usr/lib/gcc/arm-none-eabi/12.2.0/thumb/v6-m/nofp/crtn.o
 *(.fini)
 .fini          0x0000000008002f94        0x4 /usr/lib/gcc/arm-none-eabi/12.2.0/thumb/v6-m/nofp/crti.o
                0x0000000008002f94                _fini
 .fini          0x0000000008002f98        0x8 /usr/lib/gcc/arm-none-eabi/12.2.0/thumb/v6-m/nofp/crtn.o
                0x0000000008002fa0                . = ALIGN (0x4)
                0x0000000008002fa0                _etext = .

.vfp11_veneer   0x0000000008002fa0        0x0
 .vfp11_veneer  0x0000000008002fa0        0x0 linker stubs

.v4_bx          0x0000000008002fa0        0x0
 .v4_bx         0x0000000008002fa0        0x0 linker stubs

.iplt           0x0000000008002fa0        0x0
 .iplt          0x0000000008002fa0        0x0 /usr/lib/gcc/arm-none-eabi/12.2.0/thumb/v6-m/nofp/crtbegin.o

.rodata         0x0000000008002fa0       0x8c
                0x0000000008002fa0                . = ALIGN (0x4)
 *(.rodata)
 *(.rodata*)
 .rodata.APBPrescTable
                0x0000000008002fa0       0x20 CMakeFiles/HeartRateMonitor.elf.dir/Core/Src/system_stm32g0xx.c.obj
                0x0000000008002fa0                APBPrescTable
 .rodata.AHBPrescTable
                0x0000000008002fc0       0x40 CMakeFiles/HeartRateMonitor.elf.dir/Core/Src/system_stm32g0xx.c.obj
                0x0000000008002fc0                AHBPrescTable
 .rodata.CSWTCH.66
                0x0000000008003000        0x3 CMakeFiles/HeartRateMonitor.elf.dir/Drivers/STM32G0xx_HAL_Driver/Src/stm32g0xx_hal_uart.c.obj
 *fill*         0x0000000008003003        0x1 
 .rodata.UARTPrescTable
                0x0000000008003004       0x18 CMakeFiles/HeartRateMonitor.elf.dir/Drivers/STM32G0xx_HAL_Driver/Src/stm32g0xx_hal_uart.c.obj
                0x0000000008003004                UARTPrescTable
 .rodata.denominator.0
                0x000000000800301c        0x8 CMakeFiles/HeartRateMonitor.elf.dir/Drivers/STM32G0xx_HAL_Driver/Src/stm32g0xx_hal_uart_ex.c.obj
 .rodata.numerator.1
                0x0000000008003024        0x8 CMakeFiles/HeartRateMonitor.elf.dir/Drivers/STM32G0xx_HAL_Driver/Src/stm32g0xx_hal_uart_ex.c.obj
                0x000000000800302c                . = ALIGN (0x4)

.ARM.extab
 *(.ARM.extab* .gnu.linkonce.armextab.*)

.ARM            0x000000000800302c       0xa8
                0x000000000800302c                __exidx_start = .
 *(.ARM.exidx*)
 .ARM.exidx.text._ZN6AD5272C2ENS_14AD5272AddrModeEP19__I2C_HandleTypeDef6Logger
                0x000000000800302c        0x8 CMakeFiles/HeartRateMonitor.elf.dir/Core/Src/ad5272.cpp.obj
 .ARM.exidx.text._ZN6LoggerC2EP20__UART_HandleTypeDef
                0x0000000008003034        0x0 CMakeFiles/HeartRateMonitor.elf.dir/Core/Src/logger.cpp.obj
                                          0x8 (size before relaxing)
 .ARM.exidx.text._Z18SystemClock_Configv
                0x0000000008003034        0x8 CMakeFiles/HeartRateMonitor.elf.dir/Core/Src/main.cpp.obj
 .ARM.exidx.text.startup.main
                0x000000000800303c        0x8 CMakeFiles/HeartRateMonitor.elf.dir/Core/Src/main.cpp.obj
 .ARM.exidx.text.Error_Handler
                0x0000000008003044        0x8 CMakeFiles/HeartRateMonitor.elf.dir/Core/Src/main.cpp.obj
 .ARM.exidx.text.selfrel_offset31
                0x000000000800304c        0x0 /usr/lib/gcc/arm-none-eabi/12.2.0/thumb/v6-m/nofp/libgcc.a(unwind-arm.o)
                                          0x8 (size before relaxing)
 .ARM.exidx.text.search_EIT_table
                0x000000000800304c        0x0 /usr/lib/gcc/arm-none-eabi/12.2.0/thumb/v6-m/nofp/libgcc.a(unwind-arm.o)
                                          0x8 (size before relaxing)
 .ARM.exidx.text.__gnu_unwind_get_pr_addr
                0x000000000800304c        0x0 /usr/lib/gcc/arm-none-eabi/12.2.0/thumb/v6-m/nofp/libgcc.a(unwind-arm.o)
                                          0x8 (size before relaxing)
 .ARM.exidx.text.get_eit_entry
                0x000000000800304c        0x8 /usr/lib/gcc/arm-none-eabi/12.2.0/thumb/v6-m/nofp/libgcc.a(unwind-arm.o)
 .ARM.exidx.text.restore_non_core_regs
                0x0000000008003054        0x8 /usr/lib/gcc/arm-none-eabi/12.2.0/thumb/v6-m/nofp/libgcc.a(unwind-arm.o)
 .ARM.exidx.text._Unwind_decode_typeinfo_ptr.constprop.0
                0x000000000800305c        0x8 /usr/lib/gcc/arm-none-eabi/12.2.0/thumb/v6-m/nofp/libgcc.a(unwind-arm.o)
 .ARM.exidx.text._Unwind_DebugHook
                0x0000000008003064        0x0 /usr/lib/gcc/arm-none-eabi/12.2.0/thumb/v6-m/nofp/libgcc.a(unwind-arm.o)
                                          0x8 (size before relaxing)
 .ARM.exidx.text.unwind_phase2
                0x0000000008003064        0x8 /usr/lib/gcc/arm-none-eabi/12.2.0/thumb/v6-m/nofp/libgcc.a(unwind-arm.o)
 .ARM.exidx.text.unwind_phase2_forced
                0x000000000800306c        0x8 /usr/lib/gcc/arm-none-eabi/12.2.0/thumb/v6-m/nofp/libgcc.a(unwind-arm.o)
 .ARM.exidx.text.__gnu_Unwind_RaiseException
                0x0000000008003074        0x8 /usr/lib/gcc/arm-none-eabi/12.2.0/thumb/v6-m/nofp/libgcc.a(unwind-arm.o)
 .ARM.exidx.text.__gnu_Unwind_ForcedUnwind
                0x000000000800307c        0x8 /usr/lib/gcc/arm-none-eabi/12.2.0/thumb/v6-m/nofp/libgcc.a(unwind-arm.o)
 .ARM.exidx.text.__gnu_Unwind_Resume
                0x0000000008003084        0x8 /usr/lib/gcc/arm-none-eabi/12.2.0/thumb/v6-m/nofp/libgcc.a(unwind-arm.o)
 .ARM.exidx.text.__gnu_Unwind_Resume_or_Rethrow
                0x000000000800308c        0x8 /usr/lib/gcc/arm-none-eabi/12.2.0/thumb/v6-m/nofp/libgcc.a(unwind-arm.o)
 .ARM.exidx.text._Unwind_VRS_Get
                0x0000000008003094        0x8 /usr/lib/gcc/arm-none-eabi/12.2.0/thumb/v6-m/nofp/libgcc.a(unwind-arm.o)
 .ARM.exidx.text._Unwind_GetGR
                0x000000000800309c        0x0 /usr/lib/gcc/arm-none-eabi/12.2.0/thumb/v6-m/nofp/libgcc.a(unwind-arm.o)
                                          0x8 (size before relaxing)
 .ARM.exidx.text._Unwind_VRS_Set
                0x000000000800309c        0x0 /usr/lib/gcc/arm-none-eabi/12.2.0/thumb/v6-m/nofp/libgcc.a(unwind-arm.o)
                                          0x8 (size before relaxing)
 .ARM.exidx.text._Unwind_SetGR
                0x000000000800309c        0x0 /usr/lib/gcc/arm-none-eabi/12.2.0/thumb/v6-m/nofp/libgcc.a(unwind-arm.o)
                                          0x8 (size before relaxing)
 .ARM.exidx.text.__gnu_Unwind_Backtrace
                0x000000000800309c        0x8 /usr/lib/gcc/arm-none-eabi/12.2.0/thumb/v6-m/nofp/libgcc.a(unwind-arm.o)
 .ARM.exidx.text.__gnu_unwind_pr_common
                0x00000000080030a4        0x8 /usr/lib/gcc/arm-none-eabi/12.2.0/thumb/v6-m/nofp/libgcc.a(unwind-arm.o)
 .ARM.exidx.text.__aeabi_unwind_cpp_pr0
                0x00000000080030ac        0x8 /usr/lib/gcc/arm-none-eabi/12.2.0/thumb/v6-m/nofp/libgcc.a(unwind-arm.o)
 .ARM.exidx.text.__aeabi_unwind_cpp_pr1
                0x00000000080030b4        0x0 /usr/lib/gcc/arm-none-eabi/12.2.0/thumb/v6-m/nofp/libgcc.a(unwind-arm.o)
                                          0x8 (size before relaxing)
 .ARM.exidx.text.__aeabi_unwind_cpp_pr2
                0x00000000080030b4        0x0 /usr/lib/gcc/arm-none-eabi/12.2.0/thumb/v6-m/nofp/libgcc.a(unwind-arm.o)
                                          0x8 (size before relaxing)
 .ARM.exidx.text._Unwind_VRS_Pop
                0x00000000080030b4        0x8 /usr/lib/gcc/arm-none-eabi/12.2.0/thumb/v6-m/nofp/libgcc.a(unwind-arm.o)
 .ARM.exidx.text.next_unwind_byte
                0x00000000080030bc        0x8 /usr/lib/gcc/arm-none-eabi/12.2.0/thumb/v6-m/nofp/libgcc.a(pr-support.o)
 .ARM.exidx.text.__gnu_unwind_execute
                0x00000000080030c4       0x10 /usr/lib/gcc/arm-none-eabi/12.2.0/thumb/v6-m/nofp/libgcc.a(pr-support.o)
                                          0x8 (size before relaxing)
                0x00000000080030d4                __exidx_end = .

.rel.dyn        0x00000000080030d4        0x0
 .rel.iplt      0x00000000080030d4        0x0 /usr/lib/gcc/arm-none-eabi/12.2.0/thumb/v6-m/nofp/crtbegin.o

.preinit_array  0x00000000080030d4        0x0
                0x00000000080030d4                PROVIDE (__preinit_array_start = .)
 *(.preinit_array*)
                0x00000000080030d4                PROVIDE (__preinit_array_end = .)

.init_array     0x00000000080030d4        0x8
                0x00000000080030d4                PROVIDE (__init_array_start = .)
 *(SORT_BY_NAME(.init_array.*))
 .init_array.00000
                0x00000000080030d4        0x4 /usr/lib/gcc/arm-none-eabi/12.2.0/../../../../arm-none-eabi/lib/thumb/v6-m/nofp/libc.a(libc_a-__call_atexit.o)
 *(.init_array*)
 .init_array    0x00000000080030d8        0x4 /usr/lib/gcc/arm-none-eabi/12.2.0/thumb/v6-m/nofp/crtbegin.o
                0x00000000080030dc                PROVIDE (__init_array_end = .)

.fini_array     0x00000000080030dc        0x4
                0x00000000080030dc                PROVIDE (__fini_array_start = .)
 *(SORT_BY_NAME(.fini_array.*))
 *(.fini_array*)
 .fini_array    0x00000000080030dc        0x4 /usr/lib/gcc/arm-none-eabi/12.2.0/thumb/v6-m/nofp/crtbegin.o
                0x00000000080030e0                PROVIDE (__fini_array_end = .)
                0x00000000080030e0                _sidata = LOADADDR (.data)

.data           0x0000000020000000      0x134 load address 0x00000000080030e0
                0x0000000020000000                . = ALIGN (0x4)
                0x0000000020000000                _sdata = .
 *(.data)
 *(.data*)
 .data.SystemCoreClock
                0x0000000020000000        0x4 CMakeFiles/HeartRateMonitor.elf.dir/Core/Src/system_stm32g0xx.c.obj
                0x0000000020000000                SystemCoreClock
 .data.uwTickFreq
                0x0000000020000004        0x1 CMakeFiles/HeartRateMonitor.elf.dir/Drivers/STM32G0xx_HAL_Driver/Src/stm32g0xx_hal.c.obj
                0x0000000020000004                uwTickFreq
 *fill*         0x0000000020000005        0x3 
 .data.uwTickPrio
                0x0000000020000008        0x4 CMakeFiles/HeartRateMonitor.elf.dir/Drivers/STM32G0xx_HAL_Driver/Src/stm32g0xx_hal.c.obj
                0x0000000020000008                uwTickPrio
 .data._impure_ptr
                0x000000002000000c        0x4 /usr/lib/gcc/arm-none-eabi/12.2.0/../../../../arm-none-eabi/lib/thumb/v6-m/nofp/libc.a(libc_a-impure.o)
                0x000000002000000c                _impure_ptr
 .data._impure_data
                0x0000000020000010      0x120 /usr/lib/gcc/arm-none-eabi/12.2.0/../../../../arm-none-eabi/lib/thumb/v6-m/nofp/libc.a(libc_a-impure.o)
                0x0000000020000010                _impure_data
 .data.__atexit_recursive_mutex
                0x0000000020000130        0x4 /usr/lib/gcc/arm-none-eabi/12.2.0/../../../../arm-none-eabi/lib/thumb/v6-m/nofp/libc.a(libc_a-__call_atexit.o)
                0x0000000020000130                __atexit_recursive_mutex
                0x0000000020000134                . = ALIGN (0x4)
                0x0000000020000134                _edata = .

.igot.plt       0x0000000020000134        0x0 load address 0x0000000008003214
 .igot.plt      0x0000000020000134        0x0 /usr/lib/gcc/arm-none-eabi/12.2.0/thumb/v6-m/nofp/crtbegin.o
                0x0000000020000134                . = ALIGN (0x4)

.bss            0x0000000020000134      0x4c4 load address 0x0000000008003214
                0x0000000020000134                _sbss = .
                0x0000000020000134                __bss_start__ = _sbss
 *(.bss)
 *(.bss*)
 .bss.completed.1
                0x0000000020000134        0x1 /usr/lib/gcc/arm-none-eabi/12.2.0/thumb/v6-m/nofp/crtbegin.o
 *fill*         0x0000000020000135        0x3 
 .bss.object.0  0x0000000020000138       0x18 /usr/lib/gcc/arm-none-eabi/12.2.0/thumb/v6-m/nofp/crtbegin.o
 .bss.hadc1     0x0000000020000150       0x64 CMakeFiles/HeartRateMonitor.elf.dir/Core/Src/adc.c.obj
                0x0000000020000150                hadc1
 .bss.hi2c2     0x00000000200001b4       0x4c CMakeFiles/HeartRateMonitor.elf.dir/Core/Src/i2c.c.obj
                0x00000000200001b4                hi2c2
 .bss.hrtc      0x0000000020000200       0x2c CMakeFiles/HeartRateMonitor.elf.dir/Core/Src/rtc.c.obj
                0x0000000020000200                hrtc
 .bss.hspi1     0x000000002000022c       0x64 CMakeFiles/HeartRateMonitor.elf.dir/Core/Src/spi.c.obj
                0x000000002000022c                hspi1
 .bss.huart1    0x0000000020000290       0x90 CMakeFiles/HeartRateMonitor.elf.dir/Core/Src/usart.c.obj
                0x0000000020000290                huart1
 .bss.uwTick    0x0000000020000320        0x4 CMakeFiles/HeartRateMonitor.elf.dir/Drivers/STM32G0xx_HAL_Driver/Src/stm32g0xx_hal.c.obj
                0x0000000020000320                uwTick
 .bss.__sf      0x0000000020000324      0x138 /usr/lib/gcc/arm-none-eabi/12.2.0/../../../../arm-none-eabi/lib/thumb/v6-m/nofp/libc.a(libc_a-findfp.o)
                0x0000000020000324                __sf
 .bss.errno     0x000000002000045c        0x4 /usr/lib/gcc/arm-none-eabi/12.2.0/../../../../arm-none-eabi/lib/thumb/v6-m/nofp/libc.a(libc_a-reent.o)
                0x000000002000045c                errno
 .bss.__lock___atexit_recursive_mutex
                0x0000000020000460        0x1 /usr/lib/gcc/arm-none-eabi/12.2.0/../../../../arm-none-eabi/lib/thumb/v6-m/nofp/libc.a(libc_a-lock.o)
                0x0000000020000460                __lock___atexit_recursive_mutex
 *fill*         0x0000000020000461        0x3 
 .bss.__atexit0
                0x0000000020000464      0x190 /usr/lib/gcc/arm-none-eabi/12.2.0/../../../../arm-none-eabi/lib/thumb/v6-m/nofp/libc.a(libc_a-__atexit.o)
                0x0000000020000464                __atexit0
 .bss.__atexit  0x00000000200005f4        0x4 /usr/lib/gcc/arm-none-eabi/12.2.0/../../../../arm-none-eabi/lib/thumb/v6-m/nofp/libc.a(libc_a-__call_atexit.o)
                0x00000000200005f4                __atexit
 *(COMMON)
                0x00000000200005f8                . = ALIGN (0x4)
                0x00000000200005f8                _ebss = .
                0x00000000200005f8                __bss_end__ = _ebss

._user_heap_stack
                0x00000000200005f8      0x600 load address 0x0000000008003214
                0x00000000200005f8                . = ALIGN (0x8)
                0x00000000200005f8                PROVIDE (end = .)
                [!provide]                        PROVIDE (_end = .)
                0x00000000200007f8                . = (. + _Min_Heap_Size)
 *fill*         0x00000000200005f8      0x200 
                0x0000000020000bf8                . = (. + _Min_Stack_Size)
 *fill*         0x00000000200007f8      0x400 
                0x0000000020000bf8                . = ALIGN (0x8)

/DISCARD/
 libc.a(*)
 libm.a(*)
 libgcc.a(*)

.ARM.attributes
                0x0000000000000000       0x28
 *(.ARM.attributes)
 .ARM.attributes
                0x0000000000000000       0x1e /usr/lib/gcc/arm-none-eabi/12.2.0/thumb/v6-m/nofp/crti.o
 .ARM.attributes
                0x000000000000001e       0x2c /usr/lib/gcc/arm-none-eabi/12.2.0/thumb/v6-m/nofp/crtbegin.o
 .ARM.attributes
                0x000000000000004a       0x2c CMakeFiles/HeartRateMonitor.elf.dir/Core/Src/ad5272.cpp.obj
 .ARM.attributes
                0x0000000000000076       0x2c CMakeFiles/HeartRateMonitor.elf.dir/Core/Src/adc.c.obj
 .ARM.attributes
                0x00000000000000a2       0x2c CMakeFiles/HeartRateMonitor.elf.dir/Core/Src/gpio.c.obj
 .ARM.attributes
                0x00000000000000ce       0x2c CMakeFiles/HeartRateMonitor.elf.dir/Core/Src/i2c.c.obj
 .ARM.attributes
                0x00000000000000fa       0x2c CMakeFiles/HeartRateMonitor.elf.dir/Core/Src/logger.cpp.obj
 .ARM.attributes
                0x0000000000000126       0x2c CMakeFiles/HeartRateMonitor.elf.dir/Core/Src/main.cpp.obj
 .ARM.attributes
                0x0000000000000152       0x2c CMakeFiles/HeartRateMonitor.elf.dir/Core/Src/rtc.c.obj
 .ARM.attributes
                0x000000000000017e       0x2c CMakeFiles/HeartRateMonitor.elf.dir/Core/Src/spi.c.obj
 .ARM.attributes
                0x00000000000001aa       0x2c CMakeFiles/HeartRateMonitor.elf.dir/Core/Src/stm32g0xx_hal_msp.c.obj
 .ARM.attributes
                0x00000000000001d6       0x2c CMakeFiles/HeartRateMonitor.elf.dir/Core/Src/stm32g0xx_it.c.obj
 .ARM.attributes
                0x0000000000000202       0x2c CMakeFiles/HeartRateMonitor.elf.dir/Core/Src/syscalls.c.obj
 .ARM.attributes
                0x000000000000022e       0x2c CMakeFiles/HeartRateMonitor.elf.dir/Core/Src/system_stm32g0xx.c.obj
 .ARM.attributes
                0x000000000000025a       0x2c CMakeFiles/HeartRateMonitor.elf.dir/Core/Src/usart.c.obj
 .ARM.attributes
                0x0000000000000286       0x2c CMakeFiles/HeartRateMonitor.elf.dir/Drivers/STM32G0xx_HAL_Driver/Src/stm32g0xx_hal.c.obj
 .ARM.attributes
                0x00000000000002b2       0x2c CMakeFiles/HeartRateMonitor.elf.dir/Drivers/STM32G0xx_HAL_Driver/Src/stm32g0xx_hal_adc.c.obj
 .ARM.attributes
                0x00000000000002de       0x2c CMakeFiles/HeartRateMonitor.elf.dir/Drivers/STM32G0xx_HAL_Driver/Src/stm32g0xx_hal_cortex.c.obj
 .ARM.attributes
                0x000000000000030a       0x2c CMakeFiles/HeartRateMonitor.elf.dir/Drivers/STM32G0xx_HAL_Driver/Src/stm32g0xx_hal_gpio.c.obj
 .ARM.attributes
                0x0000000000000336       0x2c CMakeFiles/HeartRateMonitor.elf.dir/Drivers/STM32G0xx_HAL_Driver/Src/stm32g0xx_hal_i2c.c.obj
 .ARM.attributes
                0x0000000000000362       0x2c CMakeFiles/HeartRateMonitor.elf.dir/Drivers/STM32G0xx_HAL_Driver/Src/stm32g0xx_hal_i2c_ex.c.obj
 .ARM.attributes
                0x000000000000038e       0x2c CMakeFiles/HeartRateMonitor.elf.dir/Drivers/STM32G0xx_HAL_Driver/Src/stm32g0xx_hal_pwr_ex.c.obj
 .ARM.attributes
                0x00000000000003ba       0x2c CMakeFiles/HeartRateMonitor.elf.dir/Drivers/STM32G0xx_HAL_Driver/Src/stm32g0xx_hal_rcc.c.obj
 .ARM.attributes
                0x00000000000003e6       0x2c CMakeFiles/HeartRateMonitor.elf.dir/Drivers/STM32G0xx_HAL_Driver/Src/stm32g0xx_hal_rcc_ex.c.obj
 .ARM.attributes
                0x0000000000000412       0x2c CMakeFiles/HeartRateMonitor.elf.dir/Drivers/STM32G0xx_HAL_Driver/Src/stm32g0xx_hal_rtc.c.obj
 .ARM.attributes
                0x000000000000043e       0x2c CMakeFiles/HeartRateMonitor.elf.dir/Drivers/STM32G0xx_HAL_Driver/Src/stm32g0xx_hal_spi.c.obj
 .ARM.attributes
                0x000000000000046a       0x2c CMakeFiles/HeartRateMonitor.elf.dir/Drivers/STM32G0xx_HAL_Driver/Src/stm32g0xx_hal_uart.c.obj
 .ARM.attributes
                0x0000000000000496       0x2c CMakeFiles/HeartRateMonitor.elf.dir/Drivers/STM32G0xx_HAL_Driver/Src/stm32g0xx_hal_uart_ex.c.obj
 .ARM.attributes
                0x00000000000004c2       0x22 CMakeFiles/HeartRateMonitor.elf.dir/startup/startup_stm32g030xx.s.obj
 .ARM.attributes
                0x00000000000004e4       0x1e /usr/lib/gcc/arm-none-eabi/12.2.0/thumb/v6-m/nofp/libgcc.a(_thumb1_case_sqi.o)
 .ARM.attributes
                0x0000000000000502       0x1e /usr/lib/gcc/arm-none-eabi/12.2.0/thumb/v6-m/nofp/libgcc.a(_thumb1_case_uqi.o)
 .ARM.attributes
                0x0000000000000520       0x1e /usr/lib/gcc/arm-none-eabi/12.2.0/thumb/v6-m/nofp/libgcc.a(_udivsi3.o)
 .ARM.attributes
                0x000000000000053e       0x1e /usr/lib/gcc/arm-none-eabi/12.2.0/thumb/v6-m/nofp/libgcc.a(_divsi3.o)
 .ARM.attributes
                0x000000000000055c       0x1e /usr/lib/gcc/arm-none-eabi/12.2.0/thumb/v6-m/nofp/libgcc.a(_dvmd_tls.o)
 .ARM.attributes
                0x000000000000057a       0x2c /usr/lib/gcc/arm-none-eabi/12.2.0/thumb/v6-m/nofp/libgcc.a(unwind-arm.o)
 .ARM.attributes
                0x00000000000005a6       0x1e /usr/lib/gcc/arm-none-eabi/12.2.0/thumb/v6-m/nofp/libgcc.a(libunwind.o)
 .ARM.attributes
                0x00000000000005c4       0x2c /usr/lib/gcc/arm-none-eabi/12.2.0/thumb/v6-m/nofp/libgcc.a(pr-support.o)
 .ARM.attributes
                0x00000000000005f0       0x1e /usr/lib/gcc/arm-none-eabi/12.2.0/thumb/v6-m/nofp/libgcc.a(_thumb1_case_uhi.o)
 .ARM.attributes
                0x000000000000060e       0x2c /usr/lib/gcc/arm-none-eabi/12.2.0/../../../../arm-none-eabi/lib/thumb/v6-m/nofp/libc.a(libc_a-abort.o)
 .ARM.attributes
                0x000000000000063a       0x2c /usr/lib/gcc/arm-none-eabi/12.2.0/../../../../arm-none-eabi/lib/thumb/v6-m/nofp/libc.a(libc_a-atexit.o)
 .ARM.attributes
                0x0000000000000666       0x2c /usr/lib/gcc/arm-none-eabi/12.2.0/../../../../arm-none-eabi/lib/thumb/v6-m/nofp/libc.a(libc_a-findfp.o)
 .ARM.attributes
                0x0000000000000692       0x2c /usr/lib/gcc/arm-none-eabi/12.2.0/../../../../arm-none-eabi/lib/thumb/v6-m/nofp/libc.a(libc_a-memset.o)
 .ARM.attributes
                0x00000000000006be       0x2c /usr/lib/gcc/arm-none-eabi/12.2.0/../../../../arm-none-eabi/lib/thumb/v6-m/nofp/libc.a(libc_a-signal.o)
 .ARM.attributes
                0x00000000000006ea       0x2c /usr/lib/gcc/arm-none-eabi/12.2.0/../../../../arm-none-eabi/lib/thumb/v6-m/nofp/libc.a(libc_a-reent.o)
 .ARM.attributes
                0x0000000000000716       0x2c /usr/lib/gcc/arm-none-eabi/12.2.0/../../../../arm-none-eabi/lib/thumb/v6-m/nofp/libc.a(libc_a-impure.o)
 .ARM.attributes
                0x0000000000000742       0x2c /usr/lib/gcc/arm-none-eabi/12.2.0/../../../../arm-none-eabi/lib/thumb/v6-m/nofp/libc.a(libc_a-signalr.o)
 .ARM.attributes
                0x000000000000076e       0x2c /usr/lib/gcc/arm-none-eabi/12.2.0/../../../../arm-none-eabi/lib/thumb/v6-m/nofp/libc.a(libc_a-errno.o)
 .ARM.attributes
                0x000000000000079a       0x2c /usr/lib/gcc/arm-none-eabi/12.2.0/../../../../arm-none-eabi/lib/thumb/v6-m/nofp/libc.a(libc_a-init.o)
 .ARM.attributes
                0x00000000000007c6       0x2c /usr/lib/gcc/arm-none-eabi/12.2.0/../../../../arm-none-eabi/lib/thumb/v6-m/nofp/libc.a(libc_a-fini.o)
 .ARM.attributes
                0x00000000000007f2       0x2c /usr/lib/gcc/arm-none-eabi/12.2.0/../../../../arm-none-eabi/lib/thumb/v6-m/nofp/libc.a(libc_a-lock.o)
 .ARM.attributes
                0x000000000000081e       0x2c /usr/lib/gcc/arm-none-eabi/12.2.0/../../../../arm-none-eabi/lib/thumb/v6-m/nofp/libc.a(libc_a-memcpy-stub.o)
 .ARM.attributes
                0x000000000000084a       0x2c /usr/lib/gcc/arm-none-eabi/12.2.0/../../../../arm-none-eabi/lib/thumb/v6-m/nofp/libc.a(libc_a-__atexit.o)
 .ARM.attributes
                0x0000000000000876       0x2c /usr/lib/gcc/arm-none-eabi/12.2.0/../../../../arm-none-eabi/lib/thumb/v6-m/nofp/libc.a(libc_a-__call_atexit.o)
 .ARM.attributes
                0x00000000000008a2       0x1e /usr/lib/gcc/arm-none-eabi/12.2.0/thumb/v6-m/nofp/crtn.o
OUTPUT(HeartRateMonitor.elf elf32-littlearm)
LOAD linker stubs
LOAD /usr/lib/gcc/arm-none-eabi/12.2.0/../../../../arm-none-eabi/lib/thumb/v6-m/nofp/libc.a
LOAD /usr/lib/gcc/arm-none-eabi/12.2.0/../../../../arm-none-eabi/lib/thumb/v6-m/nofp/libm.a
LOAD /usr/lib/gcc/arm-none-eabi/12.2.0/thumb/v6-m/nofp/libgcc.a

.debug_info     0x0000000000000000    0x21edd
 .debug_info    0x0000000000000000      0xb9c CMakeFiles/HeartRateMonitor.elf.dir/Core/Src/ad5272.cpp.obj
 .debug_info    0x0000000000000b9c      0xc9f CMakeFiles/HeartRateMonitor.elf.dir/Core/Src/adc.c.obj
 .debug_info    0x000000000000183b      0x4a2 CMakeFiles/HeartRateMonitor.elf.dir/Core/Src/gpio.c.obj
 .debug_info    0x0000000000001cdd      0xb18 CMakeFiles/HeartRateMonitor.elf.dir/Core/Src/i2c.c.obj
 .debug_info    0x00000000000027f5      0x7eb CMakeFiles/HeartRateMonitor.elf.dir/Core/Src/logger.cpp.obj
 .debug_info    0x0000000000002fe0      0xfa0 CMakeFiles/HeartRateMonitor.elf.dir/Core/Src/main.cpp.obj
 .debug_info    0x0000000000003f80      0x65e CMakeFiles/HeartRateMonitor.elf.dir/Core/Src/rtc.c.obj
 .debug_info    0x00000000000045de      0xa63 CMakeFiles/HeartRateMonitor.elf.dir/Core/Src/spi.c.obj
 .debug_info    0x0000000000005041      0x255 CMakeFiles/HeartRateMonitor.elf.dir/Core/Src/stm32g0xx_hal_msp.c.obj
 .debug_info    0x0000000000005296      0x121 CMakeFiles/HeartRateMonitor.elf.dir/Core/Src/stm32g0xx_it.c.obj
 .debug_info    0x00000000000053b7      0x839 CMakeFiles/HeartRateMonitor.elf.dir/Core/Src/syscalls.c.obj
 .debug_info    0x0000000000005bf0      0x341 CMakeFiles/HeartRateMonitor.elf.dir/Core/Src/system_stm32g0xx.c.obj
 .debug_info    0x0000000000005f31      0xc85 CMakeFiles/HeartRateMonitor.elf.dir/Core/Src/usart.c.obj
 .debug_info    0x0000000000006bb6      0x9e9 CMakeFiles/HeartRateMonitor.elf.dir/Drivers/STM32G0xx_HAL_Driver/Src/stm32g0xx_hal.c.obj
 .debug_info    0x000000000000759f     0x20a6 CMakeFiles/HeartRateMonitor.elf.dir/Drivers/STM32G0xx_HAL_Driver/Src/stm32g0xx_hal_adc.c.obj
 .debug_info    0x0000000000009645      0x9ed CMakeFiles/HeartRateMonitor.elf.dir/Drivers/STM32G0xx_HAL_Driver/Src/stm32g0xx_hal_cortex.c.obj
 .debug_info    0x000000000000a032      0x5e9 CMakeFiles/HeartRateMonitor.elf.dir/Drivers/STM32G0xx_HAL_Driver/Src/stm32g0xx_hal_gpio.c.obj
 .debug_info    0x000000000000a61b     0x3d49 CMakeFiles/HeartRateMonitor.elf.dir/Drivers/STM32G0xx_HAL_Driver/Src/stm32g0xx_hal_i2c.c.obj
 .debug_info    0x000000000000e364      0x9e0 CMakeFiles/HeartRateMonitor.elf.dir/Drivers/STM32G0xx_HAL_Driver/Src/stm32g0xx_hal_i2c_ex.c.obj
 .debug_info    0x000000000000ed44      0x4f2 CMakeFiles/HeartRateMonitor.elf.dir/Drivers/STM32G0xx_HAL_Driver/Src/stm32g0xx_hal_pwr_ex.c.obj
 .debug_info    0x000000000000f236      0xd5f CMakeFiles/HeartRateMonitor.elf.dir/Drivers/STM32G0xx_HAL_Driver/Src/stm32g0xx_hal_rcc.c.obj
 .debug_info    0x000000000000ff95      0x817 CMakeFiles/HeartRateMonitor.elf.dir/Drivers/STM32G0xx_HAL_Driver/Src/stm32g0xx_hal_rcc_ex.c.obj
 .debug_info    0x00000000000107ac     0x111b CMakeFiles/HeartRateMonitor.elf.dir/Drivers/STM32G0xx_HAL_Driver/Src/stm32g0xx_hal_rtc.c.obj
 .debug_info    0x00000000000118c7     0x21df CMakeFiles/HeartRateMonitor.elf.dir/Drivers/STM32G0xx_HAL_Driver/Src/stm32g0xx_hal_spi.c.obj
 .debug_info    0x0000000000013aa6     0x5e80 CMakeFiles/HeartRateMonitor.elf.dir/Drivers/STM32G0xx_HAL_Driver/Src/stm32g0xx_hal_uart.c.obj
 .debug_info    0x0000000000019926     0x120e CMakeFiles/HeartRateMonitor.elf.dir/Drivers/STM32G0xx_HAL_Driver/Src/stm32g0xx_hal_uart_ex.c.obj
 .debug_info    0x000000000001ab34       0x2e CMakeFiles/HeartRateMonitor.elf.dir/startup/startup_stm32g030xx.s.obj
 .debug_info    0x000000000001ab62       0x2f /usr/lib/gcc/arm-none-eabi/12.2.0/thumb/v6-m/nofp/libgcc.a(_thumb1_case_sqi.o)
 .debug_info    0x000000000001ab91       0x2f /usr/lib/gcc/arm-none-eabi/12.2.0/thumb/v6-m/nofp/libgcc.a(_thumb1_case_uqi.o)
 .debug_info    0x000000000001abc0       0x44 /usr/lib/gcc/arm-none-eabi/12.2.0/thumb/v6-m/nofp/libgcc.a(_udivsi3.o)
 .debug_info    0x000000000001ac04       0x45 /usr/lib/gcc/arm-none-eabi/12.2.0/thumb/v6-m/nofp/libgcc.a(_divsi3.o)
 .debug_info    0x000000000001ac49       0x39 /usr/lib/gcc/arm-none-eabi/12.2.0/thumb/v6-m/nofp/libgcc.a(_dvmd_tls.o)
 .debug_info    0x000000000001ac82     0x1ec9 /usr/lib/gcc/arm-none-eabi/12.2.0/thumb/v6-m/nofp/libgcc.a(unwind-arm.o)
 .debug_info    0x000000000001cb4b      0x102 /usr/lib/gcc/arm-none-eabi/12.2.0/thumb/v6-m/nofp/libgcc.a(libunwind.o)
 .debug_info    0x000000000001cc4d      0x907 /usr/lib/gcc/arm-none-eabi/12.2.0/thumb/v6-m/nofp/libgcc.a(pr-support.o)
 .debug_info    0x000000000001d554       0x2f /usr/lib/gcc/arm-none-eabi/12.2.0/thumb/v6-m/nofp/libgcc.a(_thumb1_case_uhi.o)
 .debug_info    0x000000000001d583       0xd8 /usr/lib/gcc/arm-none-eabi/12.2.0/../../../../arm-none-eabi/lib/thumb/v6-m/nofp/libc.a(libc_a-abort.o)
 .debug_info    0x000000000001d65b      0x118 /usr/lib/gcc/arm-none-eabi/12.2.0/../../../../arm-none-eabi/lib/thumb/v6-m/nofp/libc.a(libc_a-atexit.o)
 .debug_info    0x000000000001d773     0x1116 /usr/lib/gcc/arm-none-eabi/12.2.0/../../../../arm-none-eabi/lib/thumb/v6-m/nofp/libc.a(libc_a-findfp.o)
 .debug_info    0x000000000001e889      0x135 /usr/lib/gcc/arm-none-eabi/12.2.0/../../../../arm-none-eabi/lib/thumb/v6-m/nofp/libc.a(libc_a-memset.o)
 .debug_info    0x000000000001e9be      0xc4c /usr/lib/gcc/arm-none-eabi/12.2.0/../../../../arm-none-eabi/lib/thumb/v6-m/nofp/libc.a(libc_a-signal.o)
 .debug_info    0x000000000001f60a      0x7ee /usr/lib/gcc/arm-none-eabi/12.2.0/../../../../arm-none-eabi/lib/thumb/v6-m/nofp/libc.a(libc_a-reent.o)
 .debug_info    0x000000000001fdf8      0x733 /usr/lib/gcc/arm-none-eabi/12.2.0/../../../../arm-none-eabi/lib/thumb/v6-m/nofp/libc.a(libc_a-impure.o)
 .debug_info    0x000000000002052b      0x7ff /usr/lib/gcc/arm-none-eabi/12.2.0/../../../../arm-none-eabi/lib/thumb/v6-m/nofp/libc.a(libc_a-signalr.o)
 .debug_info    0x0000000000020d2a      0x719 /usr/lib/gcc/arm-none-eabi/12.2.0/../../../../arm-none-eabi/lib/thumb/v6-m/nofp/libc.a(libc_a-errno.o)
 .debug_info    0x0000000000021443      0x10b /usr/lib/gcc/arm-none-eabi/12.2.0/../../../../arm-none-eabi/lib/thumb/v6-m/nofp/libc.a(libc_a-init.o)
 .debug_info    0x000000000002154e       0xf7 /usr/lib/gcc/arm-none-eabi/12.2.0/../../../../arm-none-eabi/lib/thumb/v6-m/nofp/libc.a(libc_a-fini.o)
 .debug_info    0x0000000000021645      0x20a /usr/lib/gcc/arm-none-eabi/12.2.0/../../../../arm-none-eabi/lib/thumb/v6-m/nofp/libc.a(libc_a-lock.o)
 .debug_info    0x000000000002184f      0x152 /usr/lib/gcc/arm-none-eabi/12.2.0/../../../../arm-none-eabi/lib/thumb/v6-m/nofp/libc.a(libc_a-memcpy-stub.o)
 .debug_info    0x00000000000219a1      0x25f /usr/lib/gcc/arm-none-eabi/12.2.0/../../../../arm-none-eabi/lib/thumb/v6-m/nofp/libc.a(libc_a-__atexit.o)
 .debug_info    0x0000000000021c00      0x2dd /usr/lib/gcc/arm-none-eabi/12.2.0/../../../../arm-none-eabi/lib/thumb/v6-m/nofp/libc.a(libc_a-__call_atexit.o)

.debug_abbrev   0x0000000000000000     0x5fec
 .debug_abbrev  0x0000000000000000      0x228 CMakeFiles/HeartRateMonitor.elf.dir/Core/Src/ad5272.cpp.obj
 .debug_abbrev  0x0000000000000228      0x218 CMakeFiles/HeartRateMonitor.elf.dir/Core/Src/adc.c.obj
 .debug_abbrev  0x0000000000000440      0x198 CMakeFiles/HeartRateMonitor.elf.dir/Core/Src/gpio.c.obj
 .debug_abbrev  0x00000000000005d8      0x24c CMakeFiles/HeartRateMonitor.elf.dir/Core/Src/i2c.c.obj
 .debug_abbrev  0x0000000000000824      0x1bf CMakeFiles/HeartRateMonitor.elf.dir/Core/Src/logger.cpp.obj
 .debug_abbrev  0x00000000000009e3      0x332 CMakeFiles/HeartRateMonitor.elf.dir/Core/Src/main.cpp.obj
 .debug_abbrev  0x0000000000000d15      0x1db CMakeFiles/HeartRateMonitor.elf.dir/Core/Src/rtc.c.obj
 .debug_abbrev  0x0000000000000ef0      0x21d CMakeFiles/HeartRateMonitor.elf.dir/Core/Src/spi.c.obj
 .debug_abbrev  0x000000000000110d       0xea CMakeFiles/HeartRateMonitor.elf.dir/Core/Src/stm32g0xx_hal_msp.c.obj
 .debug_abbrev  0x00000000000011f7       0xe8 CMakeFiles/HeartRateMonitor.elf.dir/Core/Src/stm32g0xx_it.c.obj
 .debug_abbrev  0x00000000000012df      0x22a CMakeFiles/HeartRateMonitor.elf.dir/Core/Src/syscalls.c.obj
 .debug_abbrev  0x0000000000001509      0x146 CMakeFiles/HeartRateMonitor.elf.dir/Core/Src/system_stm32g0xx.c.obj
 .debug_abbrev  0x000000000000164f      0x236 CMakeFiles/HeartRateMonitor.elf.dir/Core/Src/usart.c.obj
 .debug_abbrev  0x0000000000001885      0x33d CMakeFiles/HeartRateMonitor.elf.dir/Drivers/STM32G0xx_HAL_Driver/Src/stm32g0xx_hal.c.obj
 .debug_abbrev  0x0000000000001bc2      0x352 CMakeFiles/HeartRateMonitor.elf.dir/Drivers/STM32G0xx_HAL_Driver/Src/stm32g0xx_hal_adc.c.obj
 .debug_abbrev  0x0000000000001f14      0x2c9 CMakeFiles/HeartRateMonitor.elf.dir/Drivers/STM32G0xx_HAL_Driver/Src/stm32g0xx_hal_cortex.c.obj
 .debug_abbrev  0x00000000000021dd      0x257 CMakeFiles/HeartRateMonitor.elf.dir/Drivers/STM32G0xx_HAL_Driver/Src/stm32g0xx_hal_gpio.c.obj
 .debug_abbrev  0x0000000000002434      0x3c3 CMakeFiles/HeartRateMonitor.elf.dir/Drivers/STM32G0xx_HAL_Driver/Src/stm32g0xx_hal_i2c.c.obj
 .debug_abbrev  0x00000000000027f7      0x1fd CMakeFiles/HeartRateMonitor.elf.dir/Drivers/STM32G0xx_HAL_Driver/Src/stm32g0xx_hal_i2c_ex.c.obj
 .debug_abbrev  0x00000000000029f4      0x1fa CMakeFiles/HeartRateMonitor.elf.dir/Drivers/STM32G0xx_HAL_Driver/Src/stm32g0xx_hal_pwr_ex.c.obj
 .debug_abbrev  0x0000000000002bee      0x369 CMakeFiles/HeartRateMonitor.elf.dir/Drivers/STM32G0xx_HAL_Driver/Src/stm32g0xx_hal_rcc.c.obj
 .debug_abbrev  0x0000000000002f57      0x294 CMakeFiles/HeartRateMonitor.elf.dir/Drivers/STM32G0xx_HAL_Driver/Src/stm32g0xx_hal_rcc_ex.c.obj
 .debug_abbrev  0x00000000000031eb      0x2d8 CMakeFiles/HeartRateMonitor.elf.dir/Drivers/STM32G0xx_HAL_Driver/Src/stm32g0xx_hal_rtc.c.obj
 .debug_abbrev  0x00000000000034c3      0x34b CMakeFiles/HeartRateMonitor.elf.dir/Drivers/STM32G0xx_HAL_Driver/Src/stm32g0xx_hal_spi.c.obj
 .debug_abbrev  0x000000000000380e      0x431 CMakeFiles/HeartRateMonitor.elf.dir/Drivers/STM32G0xx_HAL_Driver/Src/stm32g0xx_hal_uart.c.obj
 .debug_abbrev  0x0000000000003c3f      0x353 CMakeFiles/HeartRateMonitor.elf.dir/Drivers/STM32G0xx_HAL_Driver/Src/stm32g0xx_hal_uart_ex.c.obj
 .debug_abbrev  0x0000000000003f92       0x1d CMakeFiles/HeartRateMonitor.elf.dir/startup/startup_stm32g030xx.s.obj
 .debug_abbrev  0x0000000000003faf       0x21 /usr/lib/gcc/arm-none-eabi/12.2.0/thumb/v6-m/nofp/libgcc.a(_thumb1_case_sqi.o)
 .debug_abbrev  0x0000000000003fd0       0x21 /usr/lib/gcc/arm-none-eabi/12.2.0/thumb/v6-m/nofp/libgcc.a(_thumb1_case_uqi.o)
 .debug_abbrev  0x0000000000003ff1       0x21 /usr/lib/gcc/arm-none-eabi/12.2.0/thumb/v6-m/nofp/libgcc.a(_udivsi3.o)
 .debug_abbrev  0x0000000000004012       0x21 /usr/lib/gcc/arm-none-eabi/12.2.0/thumb/v6-m/nofp/libgcc.a(_divsi3.o)
 .debug_abbrev  0x0000000000004033       0x1f /usr/lib/gcc/arm-none-eabi/12.2.0/thumb/v6-m/nofp/libgcc.a(_dvmd_tls.o)
 .debug_abbrev  0x0000000000004052      0x47b /usr/lib/gcc/arm-none-eabi/12.2.0/thumb/v6-m/nofp/libgcc.a(unwind-arm.o)
 .debug_abbrev  0x00000000000044cd       0x21 /usr/lib/gcc/arm-none-eabi/12.2.0/thumb/v6-m/nofp/libgcc.a(libunwind.o)
 .debug_abbrev  0x00000000000044ee      0x2eb /usr/lib/gcc/arm-none-eabi/12.2.0/thumb/v6-m/nofp/libgcc.a(pr-support.o)
 .debug_abbrev  0x00000000000047d9       0x21 /usr/lib/gcc/arm-none-eabi/12.2.0/thumb/v6-m/nofp/libgcc.a(_thumb1_case_uhi.o)
 .debug_abbrev  0x00000000000047fa       0x99 /usr/lib/gcc/arm-none-eabi/12.2.0/../../../../arm-none-eabi/lib/thumb/v6-m/nofp/libc.a(libc_a-abort.o)
 .debug_abbrev  0x0000000000004893       0xbe /usr/lib/gcc/arm-none-eabi/12.2.0/../../../../arm-none-eabi/lib/thumb/v6-m/nofp/libc.a(libc_a-atexit.o)
 .debug_abbrev  0x0000000000004951      0x473 /usr/lib/gcc/arm-none-eabi/12.2.0/../../../../arm-none-eabi/lib/thumb/v6-m/nofp/libc.a(libc_a-findfp.o)
 .debug_abbrev  0x0000000000004dc4       0xb7 /usr/lib/gcc/arm-none-eabi/12.2.0/../../../../arm-none-eabi/lib/thumb/v6-m/nofp/libc.a(libc_a-memset.o)
 .debug_abbrev  0x0000000000004e7b      0x307 /usr/lib/gcc/arm-none-eabi/12.2.0/../../../../arm-none-eabi/lib/thumb/v6-m/nofp/libc.a(libc_a-signal.o)
 .debug_abbrev  0x0000000000005182      0x228 /usr/lib/gcc/arm-none-eabi/12.2.0/../../../../arm-none-eabi/lib/thumb/v6-m/nofp/libc.a(libc_a-reent.o)
 .debug_abbrev  0x00000000000053aa      0x185 /usr/lib/gcc/arm-none-eabi/12.2.0/../../../../arm-none-eabi/lib/thumb/v6-m/nofp/libc.a(libc_a-impure.o)
 .debug_abbrev  0x000000000000552f      0x229 /usr/lib/gcc/arm-none-eabi/12.2.0/../../../../arm-none-eabi/lib/thumb/v6-m/nofp/libc.a(libc_a-signalr.o)
 .debug_abbrev  0x0000000000005758      0x19a /usr/lib/gcc/arm-none-eabi/12.2.0/../../../../arm-none-eabi/lib/thumb/v6-m/nofp/libc.a(libc_a-errno.o)
 .debug_abbrev  0x00000000000058f2       0xc9 /usr/lib/gcc/arm-none-eabi/12.2.0/../../../../arm-none-eabi/lib/thumb/v6-m/nofp/libc.a(libc_a-init.o)
 .debug_abbrev  0x00000000000059bb       0xc9 /usr/lib/gcc/arm-none-eabi/12.2.0/../../../../arm-none-eabi/lib/thumb/v6-m/nofp/libc.a(libc_a-fini.o)
 .debug_abbrev  0x0000000000005a84      0x115 /usr/lib/gcc/arm-none-eabi/12.2.0/../../../../arm-none-eabi/lib/thumb/v6-m/nofp/libc.a(libc_a-lock.o)
 .debug_abbrev  0x0000000000005b99       0xca /usr/lib/gcc/arm-none-eabi/12.2.0/../../../../arm-none-eabi/lib/thumb/v6-m/nofp/libc.a(libc_a-memcpy-stub.o)
 .debug_abbrev  0x0000000000005c63      0x189 /usr/lib/gcc/arm-none-eabi/12.2.0/../../../../arm-none-eabi/lib/thumb/v6-m/nofp/libc.a(libc_a-__atexit.o)
 .debug_abbrev  0x0000000000005dec      0x200 /usr/lib/gcc/arm-none-eabi/12.2.0/../../../../arm-none-eabi/lib/thumb/v6-m/nofp/libc.a(libc_a-__call_atexit.o)

.debug_aranges  0x0000000000000000     0x14a8
 .debug_aranges
                0x0000000000000000       0x20 CMakeFiles/HeartRateMonitor.elf.dir/Core/Src/ad5272.cpp.obj
 .debug_aranges
                0x0000000000000020       0x30 CMakeFiles/HeartRateMonitor.elf.dir/Core/Src/adc.c.obj
 .debug_aranges
                0x0000000000000050       0x20 CMakeFiles/HeartRateMonitor.elf.dir/Core/Src/gpio.c.obj
 .debug_aranges
                0x0000000000000070       0x30 CMakeFiles/HeartRateMonitor.elf.dir/Core/Src/i2c.c.obj
 .debug_aranges
                0x00000000000000a0       0x20 CMakeFiles/HeartRateMonitor.elf.dir/Core/Src/logger.cpp.obj
 .debug_aranges
                0x00000000000000c0       0x30 CMakeFiles/HeartRateMonitor.elf.dir/Core/Src/main.cpp.obj
 .debug_aranges
                0x00000000000000f0       0x30 CMakeFiles/HeartRateMonitor.elf.dir/Core/Src/rtc.c.obj
 .debug_aranges
                0x0000000000000120       0x30 CMakeFiles/HeartRateMonitor.elf.dir/Core/Src/spi.c.obj
 .debug_aranges
                0x0000000000000150       0x20 CMakeFiles/HeartRateMonitor.elf.dir/Core/Src/stm32g0xx_hal_msp.c.obj
 .debug_aranges
                0x0000000000000170       0x40 CMakeFiles/HeartRateMonitor.elf.dir/Core/Src/stm32g0xx_it.c.obj
 .debug_aranges
                0x00000000000001b0       0xb0 CMakeFiles/HeartRateMonitor.elf.dir/Core/Src/syscalls.c.obj
 .debug_aranges
                0x0000000000000260       0x28 CMakeFiles/HeartRateMonitor.elf.dir/Core/Src/system_stm32g0xx.c.obj
 .debug_aranges
                0x0000000000000288       0x30 CMakeFiles/HeartRateMonitor.elf.dir/Core/Src/usart.c.obj
 .debug_aranges
                0x00000000000002b8      0x100 CMakeFiles/HeartRateMonitor.elf.dir/Drivers/STM32G0xx_HAL_Driver/Src/stm32g0xx_hal.c.obj
 .debug_aranges
                0x00000000000003b8      0x108 CMakeFiles/HeartRateMonitor.elf.dir/Drivers/STM32G0xx_HAL_Driver/Src/stm32g0xx_hal_adc.c.obj
 .debug_aranges
                0x00000000000004c0       0x90 CMakeFiles/HeartRateMonitor.elf.dir/Drivers/STM32G0xx_HAL_Driver/Src/stm32g0xx_hal_cortex.c.obj
 .debug_aranges
                0x0000000000000550       0x60 CMakeFiles/HeartRateMonitor.elf.dir/Drivers/STM32G0xx_HAL_Driver/Src/stm32g0xx_hal_gpio.c.obj
 .debug_aranges
                0x00000000000005b0      0x290 CMakeFiles/HeartRateMonitor.elf.dir/Drivers/STM32G0xx_HAL_Driver/Src/stm32g0xx_hal_i2c.c.obj
 .debug_aranges
                0x0000000000000840       0x48 CMakeFiles/HeartRateMonitor.elf.dir/Drivers/STM32G0xx_HAL_Driver/Src/stm32g0xx_hal_i2c_ex.c.obj
 .debug_aranges
                0x0000000000000888       0x98 CMakeFiles/HeartRateMonitor.elf.dir/Drivers/STM32G0xx_HAL_Driver/Src/stm32g0xx_hal_pwr_ex.c.obj
 .debug_aranges
                0x0000000000000920       0x98 CMakeFiles/HeartRateMonitor.elf.dir/Drivers/STM32G0xx_HAL_Driver/Src/stm32g0xx_hal_rcc.c.obj
 .debug_aranges
                0x00000000000009b8       0x40 CMakeFiles/HeartRateMonitor.elf.dir/Drivers/STM32G0xx_HAL_Driver/Src/stm32g0xx_hal_rcc_ex.c.obj
 .debug_aranges
                0x00000000000009f8       0xe8 CMakeFiles/HeartRateMonitor.elf.dir/Drivers/STM32G0xx_HAL_Driver/Src/stm32g0xx_hal_rtc.c.obj
 .debug_aranges
                0x0000000000000ae0      0x1d8 CMakeFiles/HeartRateMonitor.elf.dir/Drivers/STM32G0xx_HAL_Driver/Src/stm32g0xx_hal_spi.c.obj
 .debug_aranges
                0x0000000000000cb8      0x248 CMakeFiles/HeartRateMonitor.elf.dir/Drivers/STM32G0xx_HAL_Driver/Src/stm32g0xx_hal_uart.c.obj
 .debug_aranges
                0x0000000000000f00       0x98 CMakeFiles/HeartRateMonitor.elf.dir/Drivers/STM32G0xx_HAL_Driver/Src/stm32g0xx_hal_uart_ex.c.obj
 .debug_aranges
                0x0000000000000f98       0x28 CMakeFiles/HeartRateMonitor.elf.dir/startup/startup_stm32g030xx.s.obj
 .debug_aranges
                0x0000000000000fc0       0x20 /usr/lib/gcc/arm-none-eabi/12.2.0/thumb/v6-m/nofp/libgcc.a(_thumb1_case_sqi.o)
 .debug_aranges
                0x0000000000000fe0       0x20 /usr/lib/gcc/arm-none-eabi/12.2.0/thumb/v6-m/nofp/libgcc.a(_thumb1_case_uqi.o)
 .debug_aranges
                0x0000000000001000       0x20 /usr/lib/gcc/arm-none-eabi/12.2.0/thumb/v6-m/nofp/libgcc.a(_udivsi3.o)
 .debug_aranges
                0x0000000000001020       0x20 /usr/lib/gcc/arm-none-eabi/12.2.0/thumb/v6-m/nofp/libgcc.a(_divsi3.o)
 .debug_aranges
                0x0000000000001040       0x20 /usr/lib/gcc/arm-none-eabi/12.2.0/thumb/v6-m/nofp/libgcc.a(_dvmd_tls.o)
 .debug_aranges
                0x0000000000001060       0xf0 /usr/lib/gcc/arm-none-eabi/12.2.0/thumb/v6-m/nofp/libgcc.a(unwind-arm.o)
 .debug_aranges
                0x0000000000001150       0x20 /usr/lib/gcc/arm-none-eabi/12.2.0/thumb/v6-m/nofp/libgcc.a(libunwind.o)
 .debug_aranges
                0x0000000000001170       0x60 /usr/lib/gcc/arm-none-eabi/12.2.0/thumb/v6-m/nofp/libgcc.a(pr-support.o)
 .debug_aranges
                0x00000000000011d0       0x20 /usr/lib/gcc/arm-none-eabi/12.2.0/thumb/v6-m/nofp/libgcc.a(_thumb1_case_uhi.o)
 .debug_aranges
                0x00000000000011f0       0x20 /usr/lib/gcc/arm-none-eabi/12.2.0/../../../../arm-none-eabi/lib/thumb/v6-m/nofp/libc.a(libc_a-abort.o)
 .debug_aranges
                0x0000000000001210       0x20 /usr/lib/gcc/arm-none-eabi/12.2.0/../../../../arm-none-eabi/lib/thumb/v6-m/nofp/libc.a(libc_a-atexit.o)
 .debug_aranges
                0x0000000000001230       0x70 /usr/lib/gcc/arm-none-eabi/12.2.0/../../../../arm-none-eabi/lib/thumb/v6-m/nofp/libc.a(libc_a-findfp.o)
 .debug_aranges
                0x00000000000012a0       0x20 /usr/lib/gcc/arm-none-eabi/12.2.0/../../../../arm-none-eabi/lib/thumb/v6-m/nofp/libc.a(libc_a-memset.o)
 .debug_aranges
                0x00000000000012c0       0x58 /usr/lib/gcc/arm-none-eabi/12.2.0/../../../../arm-none-eabi/lib/thumb/v6-m/nofp/libc.a(libc_a-signal.o)
 .debug_aranges
                0x0000000000001318       0x20 /usr/lib/gcc/arm-none-eabi/12.2.0/../../../../arm-none-eabi/lib/thumb/v6-m/nofp/libc.a(libc_a-reent.o)
 .debug_aranges
                0x0000000000001338       0x18 /usr/lib/gcc/arm-none-eabi/12.2.0/../../../../arm-none-eabi/lib/thumb/v6-m/nofp/libc.a(libc_a-impure.o)
 .debug_aranges
                0x0000000000001350       0x28 /usr/lib/gcc/arm-none-eabi/12.2.0/../../../../arm-none-eabi/lib/thumb/v6-m/nofp/libc.a(libc_a-signalr.o)
 .debug_aranges
                0x0000000000001378       0x20 /usr/lib/gcc/arm-none-eabi/12.2.0/../../../../arm-none-eabi/lib/thumb/v6-m/nofp/libc.a(libc_a-errno.o)
 .debug_aranges
                0x0000000000001398       0x20 /usr/lib/gcc/arm-none-eabi/12.2.0/../../../../arm-none-eabi/lib/thumb/v6-m/nofp/libc.a(libc_a-init.o)
 .debug_aranges
                0x00000000000013b8       0x20 /usr/lib/gcc/arm-none-eabi/12.2.0/../../../../arm-none-eabi/lib/thumb/v6-m/nofp/libc.a(libc_a-fini.o)
 .debug_aranges
                0x00000000000013d8       0x68 /usr/lib/gcc/arm-none-eabi/12.2.0/../../../../arm-none-eabi/lib/thumb/v6-m/nofp/libc.a(libc_a-lock.o)
 .debug_aranges
                0x0000000000001440       0x20 /usr/lib/gcc/arm-none-eabi/12.2.0/../../../../arm-none-eabi/lib/thumb/v6-m/nofp/libc.a(libc_a-memcpy-stub.o)
 .debug_aranges
                0x0000000000001460       0x20 /usr/lib/gcc/arm-none-eabi/12.2.0/../../../../arm-none-eabi/lib/thumb/v6-m/nofp/libc.a(libc_a-__atexit.o)
 .debug_aranges
                0x0000000000001480       0x28 /usr/lib/gcc/arm-none-eabi/12.2.0/../../../../arm-none-eabi/lib/thumb/v6-m/nofp/libc.a(libc_a-__call_atexit.o)

.debug_rnglists
                0x0000000000000000     0x13ec
 .debug_rnglists
                0x0000000000000000       0x13 CMakeFiles/HeartRateMonitor.elf.dir/Core/Src/ad5272.cpp.obj
 .debug_rnglists
                0x0000000000000013       0x3d CMakeFiles/HeartRateMonitor.elf.dir/Core/Src/adc.c.obj
 .debug_rnglists
                0x0000000000000050       0x38 CMakeFiles/HeartRateMonitor.elf.dir/Core/Src/gpio.c.obj
 .debug_rnglists
                0x0000000000000088       0x31 CMakeFiles/HeartRateMonitor.elf.dir/Core/Src/i2c.c.obj
 .debug_rnglists
                0x00000000000000b9       0x13 CMakeFiles/HeartRateMonitor.elf.dir/Core/Src/logger.cpp.obj
 .debug_rnglists
                0x00000000000000cc       0x1f CMakeFiles/HeartRateMonitor.elf.dir/Core/Src/main.cpp.obj
 .debug_rnglists
                0x00000000000000eb       0x2b CMakeFiles/HeartRateMonitor.elf.dir/Core/Src/rtc.c.obj
 .debug_rnglists
                0x0000000000000116       0x3d CMakeFiles/HeartRateMonitor.elf.dir/Core/Src/spi.c.obj
 .debug_rnglists
                0x0000000000000153       0x2e CMakeFiles/HeartRateMonitor.elf.dir/Core/Src/stm32g0xx_hal_msp.c.obj
 .debug_rnglists
                0x0000000000000181       0x2b CMakeFiles/HeartRateMonitor.elf.dir/Core/Src/stm32g0xx_it.c.obj
 .debug_rnglists
                0x00000000000001ac       0x8b CMakeFiles/HeartRateMonitor.elf.dir/Core/Src/syscalls.c.obj
 .debug_rnglists
                0x0000000000000237       0x1a CMakeFiles/HeartRateMonitor.elf.dir/Core/Src/system_stm32g0xx.c.obj
 .debug_rnglists
                0x0000000000000251       0x38 CMakeFiles/HeartRateMonitor.elf.dir/Core/Src/usart.c.obj
 .debug_rnglists
                0x0000000000000289       0xbb CMakeFiles/HeartRateMonitor.elf.dir/Drivers/STM32G0xx_HAL_Driver/Src/stm32g0xx_hal.c.obj
 .debug_rnglists
                0x0000000000000344      0x1dd CMakeFiles/HeartRateMonitor.elf.dir/Drivers/STM32G0xx_HAL_Driver/Src/stm32g0xx_hal_adc.c.obj
 .debug_rnglists
                0x0000000000000521       0x97 CMakeFiles/HeartRateMonitor.elf.dir/Drivers/STM32G0xx_HAL_Driver/Src/stm32g0xx_hal_cortex.c.obj
 .debug_rnglists
                0x00000000000005b8       0x45 CMakeFiles/HeartRateMonitor.elf.dir/Drivers/STM32G0xx_HAL_Driver/Src/stm32g0xx_hal_gpio.c.obj
 .debug_rnglists
                0x00000000000005fd      0x234 CMakeFiles/HeartRateMonitor.elf.dir/Drivers/STM32G0xx_HAL_Driver/Src/stm32g0xx_hal_i2c.c.obj
 .debug_rnglists
                0x0000000000000831       0x4f CMakeFiles/HeartRateMonitor.elf.dir/Drivers/STM32G0xx_HAL_Driver/Src/stm32g0xx_hal_i2c_ex.c.obj
 .debug_rnglists
                0x0000000000000880       0x6d CMakeFiles/HeartRateMonitor.elf.dir/Drivers/STM32G0xx_HAL_Driver/Src/stm32g0xx_hal_pwr_ex.c.obj
 .debug_rnglists
                0x00000000000008ed       0xa5 CMakeFiles/HeartRateMonitor.elf.dir/Drivers/STM32G0xx_HAL_Driver/Src/stm32g0xx_hal_rcc.c.obj
 .debug_rnglists
                0x0000000000000992       0x61 CMakeFiles/HeartRateMonitor.elf.dir/Drivers/STM32G0xx_HAL_Driver/Src/stm32g0xx_hal_rcc_ex.c.obj
 .debug_rnglists
                0x00000000000009f3       0xb1 CMakeFiles/HeartRateMonitor.elf.dir/Drivers/STM32G0xx_HAL_Driver/Src/stm32g0xx_hal_rtc.c.obj
 .debug_rnglists
                0x0000000000000aa4      0x1b8 CMakeFiles/HeartRateMonitor.elf.dir/Drivers/STM32G0xx_HAL_Driver/Src/stm32g0xx_hal_spi.c.obj
 .debug_rnglists
                0x0000000000000c5c      0x308 CMakeFiles/HeartRateMonitor.elf.dir/Drivers/STM32G0xx_HAL_Driver/Src/stm32g0xx_hal_uart.c.obj
 .debug_rnglists
                0x0000000000000f64       0x70 CMakeFiles/HeartRateMonitor.elf.dir/Drivers/STM32G0xx_HAL_Driver/Src/stm32g0xx_hal_uart_ex.c.obj
 .debug_rnglists
                0x0000000000000fd4       0x19 CMakeFiles/HeartRateMonitor.elf.dir/startup/startup_stm32g030xx.s.obj
 .debug_rnglists
                0x0000000000000fed      0x12f /usr/lib/gcc/arm-none-eabi/12.2.0/thumb/v6-m/nofp/libgcc.a(unwind-arm.o)
 .debug_rnglists
                0x000000000000111c       0x52 /usr/lib/gcc/arm-none-eabi/12.2.0/thumb/v6-m/nofp/libgcc.a(pr-support.o)
 .debug_rnglists
                0x000000000000116e       0x13 /usr/lib/gcc/arm-none-eabi/12.2.0/../../../../arm-none-eabi/lib/thumb/v6-m/nofp/libc.a(libc_a-abort.o)
 .debug_rnglists
                0x0000000000001181       0x13 /usr/lib/gcc/arm-none-eabi/12.2.0/../../../../arm-none-eabi/lib/thumb/v6-m/nofp/libc.a(libc_a-atexit.o)
 .debug_rnglists
                0x0000000000001194       0xc8 /usr/lib/gcc/arm-none-eabi/12.2.0/../../../../arm-none-eabi/lib/thumb/v6-m/nofp/libc.a(libc_a-findfp.o)
 .debug_rnglists
                0x000000000000125c       0x14 /usr/lib/gcc/arm-none-eabi/12.2.0/../../../../arm-none-eabi/lib/thumb/v6-m/nofp/libc.a(libc_a-memset.o)
 .debug_rnglists
                0x0000000000001270       0x76 /usr/lib/gcc/arm-none-eabi/12.2.0/../../../../arm-none-eabi/lib/thumb/v6-m/nofp/libc.a(libc_a-signal.o)
 .debug_rnglists
                0x00000000000012e6       0x13 /usr/lib/gcc/arm-none-eabi/12.2.0/../../../../arm-none-eabi/lib/thumb/v6-m/nofp/libc.a(libc_a-reent.o)
 .debug_rnglists
                0x00000000000012f9       0x19 /usr/lib/gcc/arm-none-eabi/12.2.0/../../../../arm-none-eabi/lib/thumb/v6-m/nofp/libc.a(libc_a-signalr.o)
 .debug_rnglists
                0x0000000000001312       0x13 /usr/lib/gcc/arm-none-eabi/12.2.0/../../../../arm-none-eabi/lib/thumb/v6-m/nofp/libc.a(libc_a-errno.o)
 .debug_rnglists
                0x0000000000001325       0x13 /usr/lib/gcc/arm-none-eabi/12.2.0/../../../../arm-none-eabi/lib/thumb/v6-m/nofp/libc.a(libc_a-init.o)
 .debug_rnglists
                0x0000000000001338       0x13 /usr/lib/gcc/arm-none-eabi/12.2.0/../../../../arm-none-eabi/lib/thumb/v6-m/nofp/libc.a(libc_a-fini.o)
 .debug_rnglists
                0x000000000000134b       0x49 /usr/lib/gcc/arm-none-eabi/12.2.0/../../../../arm-none-eabi/lib/thumb/v6-m/nofp/libc.a(libc_a-lock.o)
 .debug_rnglists
                0x0000000000001394       0x14 /usr/lib/gcc/arm-none-eabi/12.2.0/../../../../arm-none-eabi/lib/thumb/v6-m/nofp/libc.a(libc_a-memcpy-stub.o)
 .debug_rnglists
                0x00000000000013a8       0x14 /usr/lib/gcc/arm-none-eabi/12.2.0/../../../../arm-none-eabi/lib/thumb/v6-m/nofp/libc.a(libc_a-__atexit.o)
 .debug_rnglists
                0x00000000000013bc       0x30 /usr/lib/gcc/arm-none-eabi/12.2.0/../../../../arm-none-eabi/lib/thumb/v6-m/nofp/libc.a(libc_a-__call_atexit.o)

.debug_line     0x0000000000000000    0x1a1fd
 .debug_line    0x0000000000000000      0x2b3 CMakeFiles/HeartRateMonitor.elf.dir/Core/Src/ad5272.cpp.obj
 .debug_line    0x00000000000002b3      0x470 CMakeFiles/HeartRateMonitor.elf.dir/Core/Src/adc.c.obj
 .debug_line    0x0000000000000723      0x2d5 CMakeFiles/HeartRateMonitor.elf.dir/Core/Src/gpio.c.obj
 .debug_line    0x00000000000009f8      0x3eb CMakeFiles/HeartRateMonitor.elf.dir/Core/Src/i2c.c.obj
 .debug_line    0x0000000000000de3      0x28a CMakeFiles/HeartRateMonitor.elf.dir/Core/Src/logger.cpp.obj
 .debug_line    0x000000000000106d      0x4f1 CMakeFiles/HeartRateMonitor.elf.dir/Core/Src/main.cpp.obj
 .debug_line    0x000000000000155e      0x37d CMakeFiles/HeartRateMonitor.elf.dir/Core/Src/rtc.c.obj
 .debug_line    0x00000000000018db      0x3d8 CMakeFiles/HeartRateMonitor.elf.dir/Core/Src/spi.c.obj
 .debug_line    0x0000000000001cb3      0x20e CMakeFiles/HeartRateMonitor.elf.dir/Core/Src/stm32g0xx_hal_msp.c.obj
 .debug_line    0x0000000000001ec1      0x1fb CMakeFiles/HeartRateMonitor.elf.dir/Core/Src/stm32g0xx_it.c.obj
 .debug_line    0x00000000000020bc      0x496 CMakeFiles/HeartRateMonitor.elf.dir/Core/Src/syscalls.c.obj
 .debug_line    0x0000000000002552      0x2dd CMakeFiles/HeartRateMonitor.elf.dir/Core/Src/system_stm32g0xx.c.obj
 .debug_line    0x000000000000282f      0x455 CMakeFiles/HeartRateMonitor.elf.dir/Core/Src/usart.c.obj
 .debug_line    0x0000000000002c84      0x742 CMakeFiles/HeartRateMonitor.elf.dir/Drivers/STM32G0xx_HAL_Driver/Src/stm32g0xx_hal.c.obj
 .debug_line    0x00000000000033c6     0x1a2e CMakeFiles/HeartRateMonitor.elf.dir/Drivers/STM32G0xx_HAL_Driver/Src/stm32g0xx_hal_adc.c.obj
 .debug_line    0x0000000000004df4      0x772 CMakeFiles/HeartRateMonitor.elf.dir/Drivers/STM32G0xx_HAL_Driver/Src/stm32g0xx_hal_cortex.c.obj
 .debug_line    0x0000000000005566      0x78e CMakeFiles/HeartRateMonitor.elf.dir/Drivers/STM32G0xx_HAL_Driver/Src/stm32g0xx_hal_gpio.c.obj
 .debug_line    0x0000000000005cf4     0x4f59 CMakeFiles/HeartRateMonitor.elf.dir/Drivers/STM32G0xx_HAL_Driver/Src/stm32g0xx_hal_i2c.c.obj
 .debug_line    0x000000000000ac4d      0x5b7 CMakeFiles/HeartRateMonitor.elf.dir/Drivers/STM32G0xx_HAL_Driver/Src/stm32g0xx_hal_i2c_ex.c.obj
 .debug_line    0x000000000000b204      0x5a8 CMakeFiles/HeartRateMonitor.elf.dir/Drivers/STM32G0xx_HAL_Driver/Src/stm32g0xx_hal_pwr_ex.c.obj
 .debug_line    0x000000000000b7ac      0xed5 CMakeFiles/HeartRateMonitor.elf.dir/Drivers/STM32G0xx_HAL_Driver/Src/stm32g0xx_hal_rcc.c.obj
 .debug_line    0x000000000000c681      0x7d7 CMakeFiles/HeartRateMonitor.elf.dir/Drivers/STM32G0xx_HAL_Driver/Src/stm32g0xx_hal_rcc_ex.c.obj
 .debug_line    0x000000000000ce58     0x132d CMakeFiles/HeartRateMonitor.elf.dir/Drivers/STM32G0xx_HAL_Driver/Src/stm32g0xx_hal_rtc.c.obj
 .debug_line    0x000000000000e185     0x2a16 CMakeFiles/HeartRateMonitor.elf.dir/Drivers/STM32G0xx_HAL_Driver/Src/stm32g0xx_hal_spi.c.obj
 .debug_line    0x0000000000010b9b     0x4cee CMakeFiles/HeartRateMonitor.elf.dir/Drivers/STM32G0xx_HAL_Driver/Src/stm32g0xx_hal_uart.c.obj
 .debug_line    0x0000000000015889      0xe3c CMakeFiles/HeartRateMonitor.elf.dir/Drivers/STM32G0xx_HAL_Driver/Src/stm32g0xx_hal_uart_ex.c.obj
 .debug_line    0x00000000000166c5       0x7b CMakeFiles/HeartRateMonitor.elf.dir/startup/startup_stm32g030xx.s.obj
 .debug_line    0x0000000000016740       0x52 /usr/lib/gcc/arm-none-eabi/12.2.0/thumb/v6-m/nofp/libgcc.a(_thumb1_case_sqi.o)
 .debug_line    0x0000000000016792       0x52 /usr/lib/gcc/arm-none-eabi/12.2.0/thumb/v6-m/nofp/libgcc.a(_thumb1_case_uqi.o)
 .debug_line    0x00000000000167e4       0x61 /usr/lib/gcc/arm-none-eabi/12.2.0/thumb/v6-m/nofp/libgcc.a(_udivsi3.o)
 .debug_line    0x0000000000016845       0x6f /usr/lib/gcc/arm-none-eabi/12.2.0/thumb/v6-m/nofp/libgcc.a(_divsi3.o)
 .debug_line    0x00000000000168b4       0x4a /usr/lib/gcc/arm-none-eabi/12.2.0/thumb/v6-m/nofp/libgcc.a(_dvmd_tls.o)
 .debug_line    0x00000000000168fe     0x1139 /usr/lib/gcc/arm-none-eabi/12.2.0/thumb/v6-m/nofp/libgcc.a(unwind-arm.o)
 .debug_line    0x0000000000017a37       0x74 /usr/lib/gcc/arm-none-eabi/12.2.0/thumb/v6-m/nofp/libgcc.a(libunwind.o)
 .debug_line    0x0000000000017aab      0x561 /usr/lib/gcc/arm-none-eabi/12.2.0/thumb/v6-m/nofp/libgcc.a(pr-support.o)
 .debug_line    0x000000000001800c       0x53 /usr/lib/gcc/arm-none-eabi/12.2.0/thumb/v6-m/nofp/libgcc.a(_thumb1_case_uhi.o)
 .debug_line    0x000000000001805f      0x141 /usr/lib/gcc/arm-none-eabi/12.2.0/../../../../arm-none-eabi/lib/thumb/v6-m/nofp/libc.a(libc_a-abort.o)
 .debug_line    0x00000000000181a0       0xe7 /usr/lib/gcc/arm-none-eabi/12.2.0/../../../../arm-none-eabi/lib/thumb/v6-m/nofp/libc.a(libc_a-atexit.o)
 .debug_line    0x0000000000018287      0x72b /usr/lib/gcc/arm-none-eabi/12.2.0/../../../../arm-none-eabi/lib/thumb/v6-m/nofp/libc.a(libc_a-findfp.o)
 .debug_line    0x00000000000189b2      0x1ed /usr/lib/gcc/arm-none-eabi/12.2.0/../../../../arm-none-eabi/lib/thumb/v6-m/nofp/libc.a(libc_a-memset.o)
 .debug_line    0x0000000000018b9f      0x657 /usr/lib/gcc/arm-none-eabi/12.2.0/../../../../arm-none-eabi/lib/thumb/v6-m/nofp/libc.a(libc_a-signal.o)
 .debug_line    0x00000000000191f6      0x1f9 /usr/lib/gcc/arm-none-eabi/12.2.0/../../../../arm-none-eabi/lib/thumb/v6-m/nofp/libc.a(libc_a-reent.o)
 .debug_line    0x00000000000193ef      0x108 /usr/lib/gcc/arm-none-eabi/12.2.0/../../../../arm-none-eabi/lib/thumb/v6-m/nofp/libc.a(libc_a-impure.o)
 .debug_line    0x00000000000194f7      0x1f9 /usr/lib/gcc/arm-none-eabi/12.2.0/../../../../arm-none-eabi/lib/thumb/v6-m/nofp/libc.a(libc_a-signalr.o)
 .debug_line    0x00000000000196f0      0x133 /usr/lib/gcc/arm-none-eabi/12.2.0/../../../../arm-none-eabi/lib/thumb/v6-m/nofp/libc.a(libc_a-errno.o)
 .debug_line    0x0000000000019823      0x123 /usr/lib/gcc/arm-none-eabi/12.2.0/../../../../arm-none-eabi/lib/thumb/v6-m/nofp/libc.a(libc_a-init.o)
 .debug_line    0x0000000000019946       0xf3 /usr/lib/gcc/arm-none-eabi/12.2.0/../../../../arm-none-eabi/lib/thumb/v6-m/nofp/libc.a(libc_a-fini.o)
 .debug_line    0x0000000000019a39      0x17d /usr/lib/gcc/arm-none-eabi/12.2.0/../../../../arm-none-eabi/lib/thumb/v6-m/nofp/libc.a(libc_a-lock.o)
 .debug_line    0x0000000000019bb6      0x21c /usr/lib/gcc/arm-none-eabi/12.2.0/../../../../arm-none-eabi/lib/thumb/v6-m/nofp/libc.a(libc_a-memcpy-stub.o)
 .debug_line    0x0000000000019dd2      0x19a /usr/lib/gcc/arm-none-eabi/12.2.0/../../../../arm-none-eabi/lib/thumb/v6-m/nofp/libc.a(libc_a-__atexit.o)
 .debug_line    0x0000000000019f6c      0x291 /usr/lib/gcc/arm-none-eabi/12.2.0/../../../../arm-none-eabi/lib/thumb/v6-m/nofp/libc.a(libc_a-__call_atexit.o)

.debug_str      0x0000000000000000     0x7038
 .debug_str     0x0000000000000000      0x9f9 CMakeFiles/HeartRateMonitor.elf.dir/Core/Src/ad5272.cpp.obj
                                        0xc58 (size before relaxing)
 .debug_str     0x00000000000009f9      0x5c4 CMakeFiles/HeartRateMonitor.elf.dir/Core/Src/adc.c.obj
                                        0xa38 (size before relaxing)
 .debug_str     0x0000000000000fbd       0x9d CMakeFiles/HeartRateMonitor.elf.dir/Core/Src/gpio.c.obj
                                        0x3da (size before relaxing)
 .debug_str     0x000000000000105a       0xda CMakeFiles/HeartRateMonitor.elf.dir/Core/Src/i2c.c.obj
                                        0x9bd (size before relaxing)
 .debug_str     0x0000000000001134       0x83 CMakeFiles/HeartRateMonitor.elf.dir/Core/Src/logger.cpp.obj
                                        0x8ac (size before relaxing)
 .debug_str     0x00000000000011b7      0x28e CMakeFiles/HeartRateMonitor.elf.dir/Core/Src/main.cpp.obj
                                        0xee1 (size before relaxing)
 .debug_str     0x0000000000001445      0x1f1 CMakeFiles/HeartRateMonitor.elf.dir/Core/Src/rtc.c.obj
                                        0x5f1 (size before relaxing)
 .debug_str     0x0000000000001636      0x219 CMakeFiles/HeartRateMonitor.elf.dir/Core/Src/spi.c.obj
                                        0x8de (size before relaxing)
 .debug_str     0x000000000000184f       0x6d CMakeFiles/HeartRateMonitor.elf.dir/Core/Src/stm32g0xx_hal_msp.c.obj
                                        0x303 (size before relaxing)
 .debug_str     0x00000000000018bc       0xb1 CMakeFiles/HeartRateMonitor.elf.dir/Core/Src/stm32g0xx_it.c.obj
                                        0x26f (size before relaxing)
 .debug_str     0x000000000000196d      0x278 CMakeFiles/HeartRateMonitor.elf.dir/Core/Src/syscalls.c.obj
                                        0x48f (size before relaxing)
 .debug_str     0x0000000000001be5       0xdd CMakeFiles/HeartRateMonitor.elf.dir/Core/Src/system_stm32g0xx.c.obj
                                        0x36c (size before relaxing)
 .debug_str     0x0000000000001cc2       0xe9 CMakeFiles/HeartRateMonitor.elf.dir/Core/Src/usart.c.obj
                                        0xa44 (size before relaxing)
 .debug_str     0x0000000000001dab      0x56d CMakeFiles/HeartRateMonitor.elf.dir/Drivers/STM32G0xx_HAL_Driver/Src/stm32g0xx_hal.c.obj
                                        0x8b9 (size before relaxing)
 .debug_str     0x0000000000002318      0x826 CMakeFiles/HeartRateMonitor.elf.dir/Drivers/STM32G0xx_HAL_Driver/Src/stm32g0xx_hal_adc.c.obj
                                       0x1020 (size before relaxing)
 .debug_str     0x0000000000002b3e      0x37b CMakeFiles/HeartRateMonitor.elf.dir/Drivers/STM32G0xx_HAL_Driver/Src/stm32g0xx_hal_cortex.c.obj
                                        0x778 (size before relaxing)
 .debug_str     0x0000000000002eb9      0x16c CMakeFiles/HeartRateMonitor.elf.dir/Drivers/STM32G0xx_HAL_Driver/Src/stm32g0xx_hal_gpio.c.obj
                                        0x481 (size before relaxing)
 .debug_str     0x0000000000003025      0x8dd CMakeFiles/HeartRateMonitor.elf.dir/Drivers/STM32G0xx_HAL_Driver/Src/stm32g0xx_hal_i2c.c.obj
                                       0x10ed (size before relaxing)
 .debug_str     0x0000000000003902       0xf9 CMakeFiles/HeartRateMonitor.elf.dir/Drivers/STM32G0xx_HAL_Driver/Src/stm32g0xx_hal_i2c_ex.c.obj
                                        0x9b1 (size before relaxing)
 .debug_str     0x00000000000039fb      0x2cf CMakeFiles/HeartRateMonitor.elf.dir/Drivers/STM32G0xx_HAL_Driver/Src/stm32g0xx_hal_pwr_ex.c.obj
                                        0x56c (size before relaxing)
 .debug_str     0x0000000000003cca      0x21f CMakeFiles/HeartRateMonitor.elf.dir/Drivers/STM32G0xx_HAL_Driver/Src/stm32g0xx_hal_rcc.c.obj
                                        0x7e2 (size before relaxing)
 .debug_str     0x0000000000003ee9      0x157 CMakeFiles/HeartRateMonitor.elf.dir/Drivers/STM32G0xx_HAL_Driver/Src/stm32g0xx_hal_rcc_ex.c.obj
                                        0x639 (size before relaxing)
 .debug_str     0x0000000000004040      0x379 CMakeFiles/HeartRateMonitor.elf.dir/Drivers/STM32G0xx_HAL_Driver/Src/stm32g0xx_hal_rtc.c.obj
                                        0x83c (size before relaxing)
 .debug_str     0x00000000000043b9      0x584 CMakeFiles/HeartRateMonitor.elf.dir/Drivers/STM32G0xx_HAL_Driver/Src/stm32g0xx_hal_spi.c.obj
                                        0xd39 (size before relaxing)
 .debug_str     0x000000000000493d      0x8a3 CMakeFiles/HeartRateMonitor.elf.dir/Drivers/STM32G0xx_HAL_Driver/Src/stm32g0xx_hal_uart.c.obj
                                       0x11a6 (size before relaxing)
 .debug_str     0x00000000000051e0      0x27d CMakeFiles/HeartRateMonitor.elf.dir/Drivers/STM32G0xx_HAL_Driver/Src/stm32g0xx_hal_uart_ex.c.obj
                                        0xb91 (size before relaxing)
 .debug_str     0x000000000000545d       0x7c CMakeFiles/HeartRateMonitor.elf.dir/startup/startup_stm32g030xx.s.obj
                                         0xd6 (size before relaxing)
 .debug_str     0x00000000000054d9       0xa8 /usr/lib/gcc/arm-none-eabi/12.2.0/thumb/v6-m/nofp/libgcc.a(_thumb1_case_sqi.o)
                                         0xb4 (size before relaxing)
 .debug_str     0x0000000000005581       0x16 /usr/lib/gcc/arm-none-eabi/12.2.0/thumb/v6-m/nofp/libgcc.a(_thumb1_case_uqi.o)
                                         0xb4 (size before relaxing)